--------- beginning of main
10-15 10:18:47.782   221   221 I lowmemorykiller: Using psi monitors for memory pressure detection
10-15 10:18:47.782   221   221 I lowmemorykiller: Process polling is supported
10-15 10:18:47.783   221   221 I lowmemorykiller: Process reaper initialized with 2 threads in the pool
10-15 10:18:47.789   222   222 I SELinux : SELinux: Loaded service_contexts from:
10-15 10:18:47.789   222   222 I SELinux :     /system/etc/selinux/plat_service_contexts
10-15 10:18:47.789   222   222 I SELinux :     /system_ext/etc/selinux/system_ext_service_contexts
10-15 10:18:47.789   222   222 I SELinux :     /product/etc/selinux/product_service_contexts
10-15 10:18:47.789   222   222 I SELinux :     /vendor/etc/selinux/vendor_service_contexts
10-15 10:18:47.792   228   228 I qemu-props: connected to 'boot-properties' qemud service.
10-15 10:18:47.792   228   228 I qemu-props: receiving..
10-15 10:18:47.792   228   228 I qemu-props: received: ro.opengles.version=196608
10-15 10:18:43.781   220   220 W auditd  : type=2000 audit(0.0:1): state=initialized audit_enabled=0 res=1
10-15 10:18:47.792   228   228 I qemu-props: ignoring 'ro.opengles.version' property
10-15 10:18:47.792   228   228 I qemu-props: receiving..
10-15 10:18:47.792   228   228 I qemu-props: received: qemu.sf.fake_camera=none
10-15 10:18:47.792   228   228 I qemu-props: successfully set property 'vendor.qemu.sf.fake_camera' to 'none'
10-15 10:18:47.792   228   228 I qemu-props: receiving..
10-15 10:18:47.792   228   228 I qemu-props: received: qemu.adb.secure=1
10-15 10:18:47.792   228   228 I qemu-props: ignoring 'qemu.adb.secure' property
10-15 10:18:47.792   228   228 I qemu-props: receiving..
10-15 10:18:47.792   228   228 I qemu-props: received: dalvik.vm.heapsize=512m
10-15 10:18:47.792   228   228 I qemu-props: ignoring 'dalvik.vm.heapsize' property
10-15 10:18:47.792   228   228 I qemu-props: receiving..
10-15 10:18:47.792   228   228 I qemu-props: received: qemu.hw.mainkeys=1
10-15 10:18:46.504   220   220 W auditd  : type=1403 audit(0.0:2): auid=4294967295 ses=4294967295 lsm=selinux res=1
10-15 10:18:46.508   220   220 W auditd  : type=1404 audit(0.0:3): enforcing=1 old_enforcing=0 auid=4294967295 ses=4294967295 enabled=1 old-enabled=1 lsm=selinux res=1
10-15 10:18:47.792   223   223 I hwservicemanager: getFrameworkHalManifest: Reading VINTF information.
10-15 10:18:47.792   228   228 I qemu-props: successfully set property 'qemu.hw.mainkeys' to '1'
10-15 10:18:47.792   228   228 I qemu-props: receiving..
10-15 10:18:47.792   228   228 I qemu-props: received: qemu.sf.lcd_density=320
10-15 10:18:47.793   228   228 I qemu-props: successfully set property 'qemu.sf.lcd_density' to '320'
10-15 10:18:47.793   228   228 I qemu-props: receiving..
10-15 10:18:47.793   228   228 I qemu-props: received: net.wifi_mac_prefix=5554
10-15 10:18:47.793   228   228 I qemu-props: successfully set property 'vendor.net.wifi_mac_prefix' to '5554'
10-15 10:18:47.793   228   228 I qemu-props: receiving..
10-15 10:18:47.793   228   228 I qemu-props: received: qemu.timezone=Europe/Bucharest
10-15 10:18:47.793   228   228 I qemu-props: successfully set property 'vendor.qemu.timezone' to 'Europe/Bucharest'
10-15 10:18:47.793   228   228 I qemu-props: receiving..
10-15 10:18:47.794   228   228 I qemu-props: successfully set property 'vendor.qemu.vport.bluetooth' to '/dev/vport6p2'
10-15 10:18:47.794   228   228 W qemu-props: could not open '/sys/class/virtio-ports/vport6p0/name'
10-15 10:18:47.794   228   228 I qemu-props: successfully set property 'vendor.qemu.vport.modem' to '/dev/vport7p1'
10-15 10:18:47.794   228   228 W qemu-props: could not open '/sys/class/virtio-ports/vport6p1/name'
10-15 10:18:47.794   223   223 I hwservicemanager: getDeviceHalManifest: Reading VINTF information.
10-15 10:18:47.798   223   223 I hwservicemanager: getDeviceHalManifest: Successfully processed VINTF information
10-15 10:18:47.798   223   223 I hwservicemanager: getFrameworkHalManifest: Successfully processed VINTF information
10-15 10:18:47.799   223   223 I hwservicemanager: hwservicemanager is ready now.
--------- beginning of system
10-15 10:18:47.817   234   234 I vold    : Vold 3.0 (the awakening) firing up
10-15 10:18:47.817   234   234 D vold    : Detected support for: ext4 f2fs vfat
10-15 10:18:47.820   234   234 D vold    : VoldNativeService::start() completed OK
10-15 10:18:47.840   222   222 I servicemanager: getDeviceHalManifest: Reading VINTF information.
10-15 10:18:47.842   222   222 I servicemanager: getDeviceHalManifest: Successfully processed VINTF information
10-15 10:18:47.842   222   222 I servicemanager: getFrameworkHalManifest: Reading VINTF information.
10-15 10:18:47.842   222   222 I servicemanager: getFrameworkHalManifest: Successfully processed VINTF information
10-15 10:18:47.842   222   222 I servicemanager: Found android.system.suspend.ISystemSuspend/default in framework VINTF manifest.
10-15 10:18:47.842   240   240 I HidlServiceManagement: Registered android.system.suspend@1.0::ISystemSuspend/default
10-15 10:18:47.843   240   240 I HidlServiceManagement: Removing namespace from process name android.system.suspend@1.0-service to suspend@1.0-service.
10-15 10:18:47.845   242   242 I HidlServiceManagement: Registered android.hardware.atrace@1.0::IAtraceDevice/default
10-15 10:18:47.845   242   242 I HidlServiceManagement: Removing namespace from process name android.hardware.atrace@1.0-service to atrace@1.0-service.
10-15 10:18:47.849   244   244 I fsverity_init: LoadKeyFromFile path=/system/etc/security/fsverity/fsverity-release.x509.der keyname=fsv_system_0
10-15 10:18:47.850   244   244 I fsverity_init: LoadKeyFromFile path=/product/etc/security/fsverity/play_store_fsi_cert.der keyname=fsv_product_0
10-15 10:18:47.850   244   244 I fsverity_init: LoadKeyFromFile path=/product/etc/security/fsverity/gms_fsverity_cert.der keyname=fsv_product_1
10-15 10:18:47.851   243   243 I keymaster:  patchlevel string does not match expected format.  Using patchlevel 0
10-15 10:18:47.851   243   243 I android.hardware.security.keymint-service: adding keymint service instance: android.hardware.security.keymint.IKeyMintDevice/default
10-15 10:18:47.851   222   222 I servicemanager: Found android.hardware.security.keymint.IKeyMintDevice/default in device VINTF manifest.
10-15 10:18:47.851   243   243 I android.hardware.security.keymint-service: adding keymint service instance: android.hardware.security.secureclock.ISecureClock/default
10-15 10:18:47.851   222   222 I servicemanager: Found android.hardware.security.secureclock.ISecureClock/default in device VINTF manifest.
10-15 10:18:47.851   243   243 I android.hardware.security.keymint-service: adding keymint service instance: android.hardware.security.sharedsecret.ISharedSecret/default
10-15 10:18:47.851   222   222 I servicemanager: Found android.hardware.security.sharedsecret.ISharedSecret/default in device VINTF manifest.
10-15 10:18:47.851   243   243 I android.hardware.security.keymint-service: adding keymint service instance: android.hardware.security.keymint.IRemotelyProvisionedComponent/default
10-15 10:18:47.851   222   222 I servicemanager: Found android.hardware.security.keymint.IRemotelyProvisionedComponent/default in device VINTF manifest.
10-15 10:18:47.876   241   241 I keystore2: keystore2_main: Keystore2 is starting.
10-15 10:18:47.876   241   241 I keystore2: keystore2_main: Setting up sqlite logging for keystore2
10-15 10:18:47.877   241   241 W keystore2: keystore2::metrics_store: In update_keystore_crash_sysprop: Failed to read the existing system property due to: In read_keystore_crash_count: Property not set..Therefore, keystore crashes will not be logged.
10-15 10:18:47.878   241   241 I keystore2: keystore2_main: Starting thread pool now.
10-15 10:18:47.878   241   247 I keystore2: getDeviceHalManifest: Reading VINTF information.
10-15 10:18:47.880   241   247 I keystore2: getDeviceHalManifest: Successfully processed VINTF information
10-15 10:18:47.880   241   241 I keystore2: keystore2::globals: KeyMint device is current version (Some(200)) for security level: SecurityLevel(1)
10-15 10:18:47.880   241   247 I keystore2: keystore2::shared_secret_negotiation: Shared secret negotiation concluded successfully.
10-15 10:18:47.881   223   223 I hwservicemanager: getTransport: Cannot find entry android.hardware.keymaster@4.0::IKeymasterDevice/default in either framework or device VINTF manifest.
10-15 10:18:47.881   223   223 I hwservicemanager: getTransport: Cannot find entry android.hardware.keymaster@3.0::IKeymasterDevice/default in either framework or device VINTF manifest.
10-15 10:18:47.881   222   222 I servicemanager: Found android.system.keystore2.IKeystoreService/default in framework VINTF manifest.
10-15 10:18:47.882   241   241 I keystore2: keystore2_main: Successfully registered Keystore 2.0 service.
10-15 10:18:47.882   241   241 I keystore2: keystore2_main: Joining thread pool now.
10-15 10:18:48.050   234   234 I Checkpoint: cp_prepareCheckpoint called
10-15 10:18:48.057   234   234 I vold    : fscrypt_initialize_systemwide_keys
10-15 10:18:48.057   234   234 D vold    : Key exists, using: /data/unencrypted/key
10-15 10:18:48.058   241   241 I SELinux : SELinux: Loaded keystore2_key_contexts from:
10-15 10:18:48.058   241   241 I SELinux :     /system/etc/selinux/plat_keystore2_key_contexts
10-15 10:18:48.060   234   234 D vold    : Installed fscrypt key with ref cd90bf57114a230a1ba84713d2ff303f to /data
10-15 10:18:48.060   234   234 D vold    : Added fscrypt-provisioning key for cd90bf57114a230a1ba84713d2ff303f to session keyring
10-15 10:18:48.061   234   234 I vold    : Wrote system DE key reference to:/data/unencrypted/ref
10-15 10:18:48.061   234   234 D vold    : Generating standard storage key
10-15 10:18:48.061   234   234 D vold    : Installed fscrypt key with ref 0816104450ecc05dec08dc3a6a1a2afe to /data
10-15 10:18:48.061   234   234 D vold    : Added fscrypt-provisioning key for 0816104450ecc05dec08dc3a6a1a2afe to session keyring
10-15 10:18:48.061   234   234 I vold    : Wrote per boot key reference to:/data/unencrypted/per_boot_ref
10-15 10:18:48.072   269   269 W init    : type=1400 audit(0.0:4): avc: denied { execute_no_trans } for path="/vendor/bin/toybox_vendor" dev="dm-3" ino=219 scontext=u:r:init:s0 tcontext=u:object_r:vendor_toolbox_exec:s0 tclass=file permissive=0 bug=b/183668221
10-15 10:18:48.078   268   268 I tombstoned: tombstoned successfully initialized
10-15 10:18:48.085   234   234 I incfs   : Initial API level of the device: 33
10-15 10:18:48.085   234   234 I incfs   : ro.incremental.enable: yes
10-15 10:18:48.085   234   234 I incfs   : isFsAvailable: true
10-15 10:18:48.085   234   234 I incfs   : isFsAvailable: true
10-15 10:18:48.085   234   234 I incfs   : IncFs_Features: v2
10-15 10:18:48.086   241   241 I keystore2: keystore2::maintenance: In early_boot_ended.
10-15 10:18:48.090   241   241 I keystore2: keystore2::globals: Touching Keystore 2.0 database for this first time since boot.
10-15 10:18:48.090   241   241 I keystore2: keystore2::globals: Calling cleanup leftovers.
10-15 10:18:48.091   241   241 I keystore2: keystore2::super_key: Starting boot level watcher.
10-15 10:18:48.091   241   241 I keystore2: keystore2::maintenance: Call to earlyBootEnded succeeded for security level TRUSTED_ENVIRONMENT.
10-15 10:18:48.091   241   272 I keystore2: keystore2::super_key: Read keystore.boot_level value 30
10-15 10:18:48.092   241   272 I keystore2: keystore2::super_key: Read keystore.boot_level value 30
10-15 10:18:48.092   223   223 I hwservicemanager: getTransport: Cannot find entry android.hardware.keymaster@4.0::IKeymasterDevice/default in either framework or device VINTF manifest.
10-15 10:18:48.092   223   223 I hwservicemanager: getTransport: Cannot find entry android.hardware.keymaster@3.0::IKeymasterDevice/default in either framework or device VINTF manifest.
10-15 10:18:48.092   241   241 E keystore2: keystore2::maintenance: Call to earlyBootEnded failed for security level STRONGBOX: In call_with_watchdog: getting keymint device.
10-15 10:18:48.092   241   241 E keystore2: keystore2::error: In call_with_watchdog: getting keymint device
10-15 10:18:48.092   241   241 E keystore2: 
10-15 10:18:48.092   241   241 E keystore2: Caused by:
10-15 10:18:48.092   241   241 E keystore2:     0: In get_keymint_device.
10-15 10:18:48.092   241   241 E keystore2:     1: In connect_keymint: Trying to get Legacy wrapper.
10-15 10:18:48.092   241   241 E keystore2:     2: Error::Km(ErrorCode(-68))
10-15 10:18:48.092   234   234 E vold    : keystore2 Keystore earlyBootEnded returned service specific error: -68
10-15 10:18:48.298   355   355 I derive_sdk: Read version 2 from 1
10-15 10:18:48.299   355   355 I derive_sdk: Read version 2 from 7
10-15 10:18:48.299   355   355 I derive_sdk: Read version 2 from 3
10-15 10:18:48.299   355   355 I derive_sdk: Read version 2 from 8
10-15 10:18:48.299   355   355 I derive_sdk: Read version 2 from 4
10-15 10:18:48.299   355   355 I derive_sdk: Read version 2 from 2
10-15 10:18:48.299   355   355 I derive_sdk: Read version 2 from 10
10-15 10:18:48.300   355   355 I derive_sdk: Read version 2 from 13
10-15 10:18:48.300   355   355 I derive_sdk: Read version 2 from 9
10-15 10:18:48.300   355   355 I derive_sdk: Read version 2 from 5
10-15 10:18:48.300   355   355 I derive_sdk: Read version 2 from 6
10-15 10:18:48.300   355   355 I derive_sdk: Read version 2 from 12
10-15 10:18:48.300   355   355 I derive_sdk: R extension version is 2
10-15 10:18:48.300   355   355 I derive_sdk: S extension version is 2
10-15 10:18:48.300   355   355 I derive_sdk: T extension version is 2
10-15 10:18:48.308   234   234 D vold    : fscrypt_init_user0
10-15 10:18:48.308   234   234 D vold    : Preparing: /data/misc/vold/user_keys
10-15 10:18:48.308   234   234 D vold    : Preparing: /data/misc/vold/user_keys/ce
10-15 10:18:48.309   234   234 D vold    : Preparing: /data/misc/vold/user_keys/de
10-15 10:18:48.311   234   234 D vold    : Installed fscrypt key with ref 993bd84b82115690bafb32813aea4540 to /data
10-15 10:18:48.311   234   234 D vold    : Added fscrypt-provisioning key for 993bd84b82115690bafb32813aea4540 to session keyring
10-15 10:18:48.311   234   234 D vold    : Installed de key for user 0
10-15 10:18:48.311   234   234 D vold    : fscrypt_prepare_user_storage for volume null, user 0, serial 0, flags 1
10-15 10:18:48.311   234   234 D vold    : Preparing: /data/system/users/0
10-15 10:18:48.311   234   234 D vold    : Preparing: /data/misc/profiles/cur/0
10-15 10:18:48.311   234   234 D vold    : Preparing: /data/system_de/0
10-15 10:18:48.312   234   234 D vold    : Preparing: /data/vendor_de/0
10-15 10:18:48.312   234   234 D vold    : Preparing: /data/misc_de/0
10-15 10:18:48.312   234   234 D vold    : Preparing: /data/user_de/0
10-15 10:18:48.312   234   234 I vold    : Verified that /data/system_de/0 has the encryption policy 993bd84b82115690bafb32813aea4540 v2 modes 1/4 flags 0x2
10-15 10:18:48.312   234   234 I vold    : Verified that /data/vendor_de/0 has the encryption policy 993bd84b82115690bafb32813aea4540 v2 modes 1/4 flags 0x2
10-15 10:18:48.312   234   234 I vold    : Verified that /data/misc_de/0 has the encryption policy 993bd84b82115690bafb32813aea4540 v2 modes 1/4 flags 0x2
10-15 10:18:48.312   234   234 I vold    : Verified that /data/user_de/0 has the encryption policy 993bd84b82115690bafb32813aea4540 v2 modes 1/4 flags 0x2
10-15 10:18:48.312   234   234 D vold    : /system/bin/vold_prepare_subdirs
10-15 10:18:48.312   234   234 D vold    :     prepare
10-15 10:18:48.312   234   234 D vold    :     
10-15 10:18:48.312   234   234 D vold    :     0
10-15 10:18:48.312   234   234 D vold    :     1
10-15 10:18:48.317   357   357 D vold_prepare_subdirs: Setting up mode 771 uid 1000 gid 1000 context u:object_r:system_data_file:s0:c512,c768 on path: /data/user_de/0
10-15 10:18:48.317   357   357 D vold_prepare_subdirs: Setting up mode 771 uid 1000 gid 1000 context u:object_r:system_data_file:s0:c512,c768 on path: /data/misc_de/0/sdksandbox
10-15 10:18:48.318   357   357 D vold_prepare_subdirs: Setting up mode 700 uid 0 gid 0 context u:object_r:vold_data_file:s0 on path: /data/misc_de/0/vold
10-15 10:18:48.318   357   357 D vold_prepare_subdirs: Setting up mode 700 uid 0 gid 0 context u:object_r:storaged_data_file:s0 on path: /data/misc_de/0/storaged
10-15 10:18:48.318   357   357 D vold_prepare_subdirs: Setting up mode 700 uid 0 gid 0 context u:object_r:rollback_data_file:s0 on path: /data/misc_de/0/rollback
10-15 10:18:48.318   357   357 D vold_prepare_subdirs: Setting up mode 700 uid 0 gid 0 context u:object_r:apex_rollback_data_file:s0 on path: /data/misc_de/0/apexrollback
10-15 10:18:48.318   357   357 D vold_prepare_subdirs: Setting up mode 711 uid 0 gid 0 context u:object_r:apex_module_data_file:s0 on path: /data/misc_de/0/apexdata
10-15 10:18:48.319   357   357 D vold_prepare_subdirs: Setting up mode 771 uid 0 gid 1000 context u:object_r:apex_system_server_data_file:s0 on path: /data/misc_de/0/apexdata/com.android.wifi
10-15 10:18:48.319   357   357 D vold_prepare_subdirs: Setting up mode 771 uid 0 gid 1000 context u:object_r:apex_module_data_file:s0 on path: /data/misc_de/0/apexdata/com.android.resolv
10-15 10:18:48.319   357   357 D vold_prepare_subdirs: Setting up mode 771 uid 0 gid 1000 context u:object_r:apex_module_data_file:s0 on path: /data/misc_de/0/apexdata/com.android.ipsec
10-15 10:18:48.319   357   357 D vold_prepare_subdirs: Setting up mode 771 uid 0 gid 1000 context u:object_r:apex_module_data_file:s0 on path: /data/misc_de/0/apexdata/com.android.neuralnetworks
10-15 10:18:48.319   357   357 D vold_prepare_subdirs: Setting up mode 771 uid 0 gid 1000 context u:object_r:apex_module_data_file:s0 on path: /data/misc_de/0/apexdata/com.android.extservices
10-15 10:18:48.319   357   357 D vold_prepare_subdirs: Setting up mode 771 uid 0 gid 1000 context u:object_r:apex_module_data_file:s0 on path: /data/misc_de/0/apexdata/com.android.adbd
10-15 10:18:48.319   357   357 D vold_prepare_subdirs: Setting up mode 771 uid 0 gid 1000 context u:object_r:apex_module_data_file:s0 on path: /data/misc_de/0/apexdata/com.android.tethering
10-15 10:18:48.319   357   357 D vold_prepare_subdirs: Setting up mode 771 uid 0 gid 1000 context u:object_r:apex_module_data_file:s0 on path: /data/misc_de/0/apexdata/com.android.uwb
10-15 10:18:48.319   357   357 D vold_prepare_subdirs: Setting up mode 771 uid 0 gid 1000 context u:object_r:apex_module_data_file:s0 on path: /data/misc_de/0/apexdata/com.android.mediaprovider
10-15 10:18:48.319   357   357 D vold_prepare_subdirs: Setting up mode 771 uid 0 gid 1000 context u:object_r:apex_module_data_file:s0 on path: /data/misc_de/0/apexdata/com.android.media.swcodec
10-15 10:18:48.320   357   357 D vold_prepare_subdirs: Setting up mode 771 uid 0 gid 1000 context u:object_r:apex_module_data_file:s0 on path: /data/misc_de/0/apexdata/com.android.art
10-15 10:18:48.320   357   357 D vold_prepare_subdirs: Setting up mode 771 uid 0 gid 1000 context u:object_r:apex_system_server_data_file:s0 on path: /data/misc_de/0/apexdata/com.android.permission
10-15 10:18:48.320   357   357 D vold_prepare_subdirs: Setting up mode 771 uid 0 gid 1000 context u:object_r:apex_module_data_file:s0 on path: /data/misc_de/0/apexdata/com.android.bluetooth
10-15 10:18:48.320   357   357 D vold_prepare_subdirs: Setting up mode 771 uid 0 gid 1000 context u:object_r:apex_module_data_file:s0 on path: /data/misc_de/0/apexdata/com.android.media
10-15 10:18:48.320   357   357 D vold_prepare_subdirs: Setting up mode 771 uid 0 gid 1000 context u:object_r:apex_module_data_file:s0 on path: /data/misc_de/0/apexdata/com.android.conscrypt
10-15 10:18:48.320   357   357 D vold_prepare_subdirs: Setting up mode 771 uid 0 gid 1000 context u:object_r:apex_module_data_file:s0 on path: /data/misc_de/0/apexdata/com.android.ondevicepersonalization
10-15 10:18:48.320   357   357 D vold_prepare_subdirs: Setting up mode 771 uid 0 gid 1000 context u:object_r:apex_module_data_file:s0 on path: /data/misc_de/0/apexdata/com.android.adservices
10-15 10:18:48.320   357   357 D vold_prepare_subdirs: Setting up mode 771 uid 0 gid 1000 context u:object_r:apex_module_data_file:s0 on path: /data/misc_de/0/apexdata/com.android.scheduling
10-15 10:18:48.320   357   357 D vold_prepare_subdirs: Setting up mode 771 uid 0 gid 1000 context u:object_r:apex_module_data_file:s0 on path: /data/misc_de/0/apexdata/com.android.cronet
10-15 10:18:48.320   357   357 D vold_prepare_subdirs: Setting up mode 771 uid 0 gid 1000 context u:object_r:apex_module_data_file:s0 on path: /data/misc_de/0/apexdata/com.android.sdkext
10-15 10:18:48.320   357   357 D vold_prepare_subdirs: Setting up mode 771 uid 0 gid 1000 context u:object_r:apex_module_data_file:s0 on path: /data/misc_de/0/apexdata/com.android.os.statsd
10-15 10:18:48.320   357   357 D vold_prepare_subdirs: Setting up mode 771 uid 0 gid 1000 context u:object_r:apex_module_data_file:s0 on path: /data/misc_de/0/apexdata/com.android.sepolicy.apex
10-15 10:18:48.321   357   357 D vold_prepare_subdirs: Setting up mode 771 uid 0 gid 1000 context u:object_r:apex_module_data_file:s0 on path: /data/misc_de/0/apexdata/com.google.mainline.primary.libs
10-15 10:18:48.321   357   357 D vold_prepare_subdirs: Setting up mode 771 uid 0 gid 1000 context u:object_r:apex_module_data_file:s0 on path: /data/misc_de/0/apexdata/com.android.appsearch
10-15 10:18:48.321   357   357 D vold_prepare_subdirs: Setting up mode 771 uid 0 gid 1000 context u:object_r:apex_module_data_file:s0 on path: /data/misc_de/0/apexdata/com.android.apex.cts.shim
10-15 10:18:48.321   357   357 D vold_prepare_subdirs: Setting up mode 771 uid 0 gid 1000 context u:object_r:apex_module_data_file:s0 on path: /data/misc_de/0/apexdata/com.android.tzdata
10-15 10:18:48.321   357   357 D vold_prepare_subdirs: Setting up mode 771 uid 0 gid 1000 context u:object_r:apex_module_data_file:s0 on path: /data/misc_de/0/apexdata/com.android.runtime
10-15 10:18:48.321   357   357 D vold_prepare_subdirs: Setting up mode 771 uid 0 gid 1000 context u:object_r:apex_module_data_file:s0 on path: /data/misc_de/0/apexdata/com.android.i18n
10-15 10:18:48.321   357   357 D vold_prepare_subdirs: Setting up mode 771 uid 0 gid 1000 context u:object_r:apex_module_data_file:s0 on path: /data/misc_de/0/apexdata/com.android.vndk.vTiramisu
10-15 10:18:48.321   357   357 D vold_prepare_subdirs: Setting up mode 771 uid 0 gid 1000 context u:object_r:apex_module_data_file:s0 on path: /data/misc_de/0/apexdata/sharedlibs
10-15 10:18:48.321   357   357 D vold_prepare_subdirs: Setting up mode 771 uid 1000 gid 1000 context u:object_r:user_profile_root_file:s0:c512,c768 on path: /data/misc/profiles/cur/0
10-15 10:18:48.321   357   357 D vold_prepare_subdirs: Setting up mode 700 uid 1000 gid 1000 context u:object_r:fingerprint_vendor_data_file:s0 on path: /data/vendor_de/0/fpdata
10-15 10:18:48.321   357   357 D vold_prepare_subdirs: Setting up mode 700 uid 1000 gid 1000 context u:object_r:face_vendor_data_file:s0 on path: /data/vendor_de/0/facedata
10-15 10:18:48.322   234   234 D vold    : Detected support for FS_IOC_ADD_ENCRYPTION_KEY
10-15 10:18:48.329   358   358 I derive_classpath: ParseFragments for bootclasspath
10-15 10:18:48.334   358   358 I derive_classpath: ReadClasspathFragment /apex/com.android.art/etc/classpaths/bootclasspath.pb
10-15 10:18:48.334   358   358 I derive_classpath: ReadClasspathFragment /system/etc/classpaths/bootclasspath.pb
10-15 10:18:48.334   358   358 I derive_classpath: ReadClasspathFragment /apex/com.android.adservices/etc/classpaths/bootclasspath.pb
10-15 10:18:48.334   358   358 I derive_classpath: ReadClasspathFragment /apex/com.android.appsearch/etc/classpaths/bootclasspath.pb
10-15 10:18:48.334   358   358 I derive_classpath: ReadClasspathFragment /apex/com.android.bluetooth/etc/classpaths/bootclasspath.pb
10-15 10:18:48.334   358   358 I derive_classpath: ReadClasspathFragment /apex/com.android.conscrypt/etc/classpaths/bootclasspath.pb
10-15 10:18:48.334   358   358 I derive_classpath: ReadClasspathFragment /apex/com.android.ipsec/etc/classpaths/bootclasspath.pb
10-15 10:18:48.334   358   358 I derive_classpath: ReadClasspathFragment /apex/com.android.media/etc/classpaths/bootclasspath.pb
10-15 10:18:48.335   358   358 I derive_classpath: ReadClasspathFragment /apex/com.android.mediaprovider/etc/classpaths/bootclasspath.pb
10-15 10:18:48.335   358   358 I derive_classpath: ReadClasspathFragment /apex/com.android.ondevicepersonalization/etc/classpaths/bootclasspath.pb
10-15 10:18:48.335   358   358 I derive_classpath: ReadClasspathFragment /apex/com.android.os.statsd/etc/classpaths/bootclasspath.pb
10-15 10:18:48.335   358   358 I derive_classpath: ReadClasspathFragment /apex/com.android.permission/etc/classpaths/bootclasspath.pb
10-15 10:18:48.335   358   358 I derive_classpath: ReadClasspathFragment /apex/com.android.scheduling/etc/classpaths/bootclasspath.pb
10-15 10:18:48.335   358   358 I derive_classpath: ReadClasspathFragment /apex/com.android.sdkext/etc/classpaths/bootclasspath.pb
10-15 10:18:48.335   358   358 I derive_classpath: ReadClasspathFragment /apex/com.android.tethering/etc/classpaths/bootclasspath.pb
10-15 10:18:48.335   358   358 I derive_classpath: ReadClasspathFragment /apex/com.android.uwb/etc/classpaths/bootclasspath.pb
10-15 10:18:48.335   358   358 I derive_classpath: ReadClasspathFragment /apex/com.android.wifi/etc/classpaths/bootclasspath.pb
10-15 10:18:48.336   358   358 I derive_classpath: ParseFragments for systemserverclasspath
10-15 10:18:48.336   358   358 I derive_classpath: ReadClasspathFragment /system/etc/classpaths/systemserverclasspath.pb
10-15 10:18:48.336   358   358 I derive_classpath: ReadClasspathFragment /apex/com.android.adservices/etc/classpaths/systemserverclasspath.pb
10-15 10:18:48.336   358   358 I derive_classpath: ReadClasspathFragment /apex/com.android.appsearch/etc/classpaths/systemserverclasspath.pb
10-15 10:18:48.337   358   358 I derive_classpath: ReadClasspathFragment /apex/com.android.art/etc/classpaths/systemserverclasspath.pb
10-15 10:18:48.337   358   358 I derive_classpath: ReadClasspathFragment /apex/com.android.bluetooth/etc/classpaths/systemserverclasspath.pb
10-15 10:18:48.337   358   358 I derive_classpath: ReadClasspathFragment /apex/com.android.media/etc/classpaths/systemserverclasspath.pb
10-15 10:18:48.337   358   358 I derive_classpath: ReadClasspathFragment /apex/com.android.os.statsd/etc/classpaths/systemserverclasspath.pb
10-15 10:18:48.337   358   358 I derive_classpath: ReadClasspathFragment /apex/com.android.permission/etc/classpaths/systemserverclasspath.pb
10-15 10:18:48.337   358   358 I derive_classpath: ReadClasspathFragment /apex/com.android.scheduling/etc/classpaths/systemserverclasspath.pb
10-15 10:18:48.337   358   358 I derive_classpath: ReadClasspathFragment /apex/com.android.tethering/etc/classpaths/systemserverclasspath.pb
10-15 10:18:48.337   358   358 I derive_classpath: ReadClasspathFragment /apex/com.android.uwb/etc/classpaths/systemserverclasspath.pb
10-15 10:18:48.337   358   358 I derive_classpath: ReadClasspathFragment /apex/com.android.wifi/etc/classpaths/systemserverclasspath.pb
10-15 10:18:48.337   358   358 I derive_classpath: WriteClasspathExports /data/system/environ/classpath
10-15 10:18:48.337   358   358 I derive_classpath: WriteClasspathExports content
10-15 10:18:48.337   358   358 I derive_classpath: export BOOTCLASSPATH /apex/com.android.art/javalib/core-oj.jar:/apex/com.android.art/javalib/core-libart.jar:/apex/com.android.art/javalib/okhttp.jar:/apex/com.android.art/javalib/bouncycastle.jar:/apex/com.android.art/javalib/apache-xml.jar:/system/framework/framework.jar:/system/framework/framework-graphics.jar:/system/framework/ext.jar:/system/framework/telephony-common.jar:/system/framework/voip-common.jar:/system/framework/ims-common.jar:/apex/com.android.i18n/javalib/core-icu4j.jar:/apex/com.android.adservices/javalib/framework-adservices.jar:/apex/com.android.adservices/javalib/framework-sdksandbox.jar:/apex/com.android.appsearch/javalib/framework-appsearch.jar:/apex/com.android.bluetooth/javalib/framework-bluetooth.jar:/apex/com.android.conscrypt/javalib/conscrypt.jar:/apex/com.android.ipsec/javalib/android.net.ipsec.ike.jar:/apex/com.android.media/javalib/updatable-media.jar:/apex/com.android.mediaprovider/javalib/framework-mediaprovider.jar:/apex/com.android.ondevicepersonalization/javalib/framework-ondevicepersonalization.jar:/apex/com.android.os.statsd/javalib/framework-statsd.jar:/apex/com.android.permission/javalib/framework-permission.jar:/apex/com.android.permission/javalib/framework-permission-s.jar:/apex/com.android.scheduling/javalib/framework-scheduling.jar:/apex/com.android.sdkext/javalib/framework-sdkextensions.jar:/apex/com.android.tethering/javalib/framework-connectivity.jar:/apex/com.android.tethering/javalib/framework-connectivity-t.jar:/apex/com.android.tethering/javalib/framework-tethering.jar:/apex/com.android.uwb/javalib/framework-uwb.jar:/apex/com.android.wifi/javalib/framework-wifi.jar
10-15 10:18:48.337   358   358 I derive_classpath: export DEX2OATBOOTCLASSPATH /apex/com.android.art/javalib/core-oj.jar:/apex/com.android.art/javalib/core-libart.jar:/apex/com.android.art/javalib/okhttp.jar:/apex/com.android.art/javalib/bouncycastle.jar:/apex/com.android.art/javalib/apache-xml.jar:/system/framework/framework.jar:/system/framework/framework-graphics.jar:/system/framework/ext.jar:/system/framework/telephony-common.jar:/system/framework/voip-common.jar:/system/framework/ims-common.jar:/apex/com.android.i18n/javalib/core-icu4j.jar
10-15 10:18:48.337   358   358 I derive_classpath: export SYSTEMSERVERCLASSPATH /system/framework/com.android.location.provider.jar:/system/framework/services.jar:/apex/com.android.adservices/javalib/service-adservices.jar:/apex/com.android.adservices/javalib/service-sdksandbox.jar:/apex/com.android.appsearch/javalib/service-appsearch.jar:/apex/com.android.art/javalib/service-art.jar:/apex/com.android.media/javalib/service-media-s.jar:/apex/com.android.permission/javalib/service-permission.jar
10-15 10:18:48.337   358   358 I derive_classpath: export STANDALONE_SYSTEMSERVER_JARS /apex/com.android.bluetooth/javalib/service-bluetooth.jar:/apex/com.android.os.statsd/javalib/service-statsd.jar:/apex/com.android.scheduling/javalib/service-scheduling.jar:/apex/com.android.tethering/javalib/service-connectivity.jar:/apex/com.android.uwb/javalib/service-uwb.jar:/apex/com.android.wifi/javalib/service-wifi.jar
10-15 10:18:48.352   359   359 I odsign  : Trying to retrieve existing HMAC key...
10-15 10:18:48.353   359   359 I odsign  : Trying to retrieve existing keystore key...
10-15 10:18:48.356   359   359 I odsign  : Verified public key signature.
10-15 10:18:48.356   359   359 I odsign  : Initialized Keystore key.
10-15 10:18:48.356   359   359 I odsign  : Found and verified existing public key certificate: /data/misc/odsign/key.cert
10-15 10:18:48.410   361   361 I odrefresh: ART APEX version 330011000
10-15 10:18:48.410   361   361 I odrefresh: Factory ART APEX mounted.
10-15 10:18:48.410   361   361 I odrefresh: Factory APEXes mounted.
10-15 10:18:48.413   359   359 I odsign  : Metrics report is empty
10-15 10:18:48.413   359   359 I odsign  : /data/misc/odsign/odsign.info not found.
10-15 10:18:48.413   359   359 I odsign  : odrefresh said artifacts are VALID
10-15 10:18:48.413   359   359 I odsign  : On-device signing done.
10-15 10:18:48.424   241   272 I keystore2: keystore2::super_key: keystore.boot_level 1000000000 hits maximum 1000000000, finishing.
10-15 10:18:48.440   364   364 I tzdatacheck: timezone distro dir /data/misc/zoneinfo/current does not exist. No action required.
10-15 10:18:48.477   374   374 W otapreopt_slot: Slot property empty.
10-15 10:18:48.490   377   377 E recovery-persist: Failed to unlink /data/misc/recovery/last_install: No such file or directory
10-15 10:18:48.765   382   382 I ServiceManager: Waiting for service 'statscompanion' on '/dev/binder'...
10-15 10:18:48.777   388   388 I HidlServiceManagement: Registered android.hidl.allocator@1.0::IAllocator/ashmem
10-15 10:18:48.777   388   388 I HidlServiceManagement: Removing namespace from process name android.hidl.allocator@1.0-service to allocator@1.0-service.
10-15 10:18:48.811   383   383 I netdClient: Skipping libnetd_client init since *we* are netd
10-15 10:18:48.813   390   390 I HidlServiceManagement: Registered android.hardware.authsecret@1.0::IAuthSecret/default
10-15 10:18:48.813   390   390 I HidlServiceManagement: Removing namespace from process name android.hardware.authsecret@1.0-service to authsecret@1.0-service.
10-15 10:18:48.814   405   405 I android.hardware.power.stats@1.0-service-mock: power.stats service 1.0 mock is starting.
10-15 10:18:48.815   392   392 I android.hardware.camera.provider@2.4-service: CameraProvider@2.4 legacy service is starting.
10-15 10:18:48.822   394   394 I HidlServiceManagement: Registered android.hardware.cas@1.2::IMediaCasService/default
10-15 10:18:48.822   394   394 I HidlServiceManagement: Removing namespace from process name android.hardware.cas@1.2-service to cas@1.2-service.
10-15 10:18:48.822   405   405 I HidlServiceManagement: Registered android.hardware.power.stats@1.0::IPowerStats/default
10-15 10:18:48.822   405   405 I HidlServiceManagement: Removing namespace from process name android.hardware.power.stats@1.0-service.mock to stats@1.0-service.mock.
10-15 10:18:48.822   405   405 I android.hardware.power.stats@1.0-service-mock: power.stats service is ready
10-15 10:18:48.826   223   223 I hwservicemanager: getTransport: Cannot find entry android.hardware.audio@7.1::IDevicesFactory/default in either framework or device VINTF manifest.
10-15 10:18:48.826   389   389 E LegacySupport: Could not get passthrough implementation for android.hardware.audio@7.1::IDevicesFactory/default.
10-15 10:18:48.827   397   397 I HidlServiceManagement: Registered android.hardware.drm@1.4::IDrmFactory/clearkey
10-15 10:18:48.827   397   397 I HidlServiceManagement: Removing namespace from process name android.hardware.drm@1.4-service.clearkey to drm@1.4-service.clearkey.
10-15 10:18:48.827   397   397 I HidlServiceManagement: Registered android.hardware.drm@1.4::ICryptoFactory/clearkey
10-15 10:18:48.828   397   397 I HidlServiceManagement: Removing namespace from process name android.hardware.drm@1.4-service.clearkey to drm@1.4-service.clearkey.
10-15 10:18:48.828   398   398 I HidlServiceManagement: Registered android.hardware.gatekeeper@1.0::IGatekeeper/default
10-15 10:18:48.828   398   398 I HidlServiceManagement: Removing namespace from process name android.hardware.gatekeeper@1.0-service.software to gatekeeper@1.0-service.software.
10-15 10:18:48.829   396   396 I HidlServiceManagement: Registered android.hardware.drm@1.0::IDrmFactory/default
10-15 10:18:48.830   396   396 I HidlServiceManagement: Removing namespace from process name android.hardware.drm@1.0-service to drm@1.0-service.
10-15 10:18:48.830   396   396 I LegacySupport: Registration complete for android.hardware.drm@1.0::IDrmFactory/default.
10-15 10:18:48.830   396   396 I HidlServiceManagement: Registered android.hardware.drm@1.0::ICryptoFactory/default
10-15 10:18:48.830   396   396 I HidlServiceManagement: Removing namespace from process name android.hardware.drm@1.0-service to drm@1.0-service.
10-15 10:18:48.830   396   396 I LegacySupport: Registration complete for android.hardware.drm@1.0::ICryptoFactory/default.
10-15 10:18:48.832   395   395 I HidlServiceManagement: Registered android.hardware.contexthub@1.1::IContexthub/default
10-15 10:18:48.832   395   395 I HidlServiceManagement: Removing namespace from process name android.hardware.contexthub@1.1-service.mock to contexthub@1.1-service.mock.
10-15 10:18:48.844   401   401 I android.hardware.health@2.1-service: default instance initializing with healthd_config...
10-15 10:18:48.847   222   222 I servicemanager: Found android.hardware.rebootescrow.IRebootEscrow/default in device VINTF manifest.
10-15 10:18:48.853   391   391 I HidlServiceManagement: Registered android.hardware.bluetooth@1.1::IBluetoothHci/default
10-15 10:18:48.853   222   222 I servicemanager: Found android.hardware.power.IPower/default in device VINTF manifest.
10-15 10:18:48.853   391   391 I HidlServiceManagement: Removing namespace from process name android.hardware.bluetooth@1.1-service.btlinux to bluetooth@1.1-service.btlinux.
10-15 10:18:48.854   401   401 I HidlServiceManagement: Registered android.hardware.health@2.1::IHealth/default
10-15 10:18:48.854   401   401 I HidlServiceManagement: Removing namespace from process name android.hardware.health@2.1-service to health@2.1-service.
10-15 10:18:48.854   401   401 I android.hardware.health@2.1-service: default: Hal init done
10-15 10:18:48.855   222   222 I servicemanager: Found android.hardware.identity.IIdentityCredentialStore/default in device VINTF manifest.
10-15 10:18:48.857   408   408 I HidlServiceManagement: Registered android.hardware.usb@1.0::IUsb/default
10-15 10:18:48.857   408   408 I HidlServiceManagement: Removing namespace from process name android.hardware.usb@1.0-service to usb@1.0-service.
10-15 10:18:48.857   383   383 I netd    : netd 1.0 starting
10-15 10:18:48.857   408   408 I android.hardware.usb@1.0-service: USB HAL Ready.
10-15 10:18:48.858   222   222 I servicemanager: Found android.hardware.vibrator.IVibrator/default in device VINTF manifest.
10-15 10:18:48.858   222   222 I servicemanager: Found android.hardware.vibrator.IVibratorManager/default in device VINTF manifest.
10-15 10:18:48.862   383   383 I netd    : Pid file removed
10-15 10:18:48.862   383   383 I netd    : SIGPIPE is blocked
10-15 10:18:48.862   383   383 I netd    : setCloseOnExec(dnsproxyd)
10-15 10:18:48.862   383   383 I netd    : setCloseOnExec(fwmarkd)
10-15 10:18:48.862   383   383 I netd    : setCloseOnExec(mdns)
10-15 10:18:48.862   383   383 I NetdUpdatable: libnetd_updatable_init: Initializing
10-15 10:18:48.862   383   383 I BpfHandler: BPF programs are loaded
10-15 10:18:48.862   383   383 I netd    : libnetd_updatable_init success
10-15 10:18:48.869   406   406 I android.hardware.sensors@2.1-impl.ranchu: MultihalSensors:73: host sensors mask=7d6, available sensors mask=3d6
10-15 10:18:48.872   222   222 I servicemanager: Found android.hardware.light.ILights/default in device VINTF manifest.
10-15 10:18:48.873   406   406 I HidlServiceManagement: Registered android.hardware.sensors@2.1::ISensors/default
10-15 10:18:48.874   406   406 I HidlServiceManagement: Removing namespace from process name android.hardware.sensors@2.1-service.multihal to sensors@2.1-service.multihal.
10-15 10:18:48.876   407   407 I android.hardware.thermal@2.0-service-mock: Thermal HAL Service Mock 2.0 starting...
10-15 10:18:48.878   383   383 I netd    : NetlinkManager instanced
10-15 10:18:48.879   399   399 D HostConnection: createUnique: call
10-15 10:18:48.879   399   399 D HostConnection: HostConnection::get() New Host Connection established 0xec540c50, tid 399
10-15 10:18:48.880   399   399 I HidlServiceManagement: Registered android.hardware.graphics.allocator@3.0::IAllocator/default
10-15 10:18:48.880   383   383 I netd    : enter NetworkController ctor
10-15 10:18:48.880   399   399 I HidlServiceManagement: Removing namespace from process name android.hardware.graphics.allocator@3.0-service to allocator@3.0-service.
10-15 10:18:48.880   399   399 I android.hardware.graphics.allocator@3.0-service: graphics IAllocator@3.0 service is initialized
10-15 10:18:48.880   383   383 E TcUtils : NLMSG_ERROR message return error: -2
10-15 10:18:48.880   383   383 E TcUtils : NLMSG_ERROR message return error: -2
10-15 10:18:48.880   383   383 E TcUtils : NLMSG_ERROR message return error: -2
10-15 10:18:48.880   383   383 E TcUtils : NLMSG_ERROR message return error: -2
10-15 10:18:48.880   383   383 E TcUtils : NLMSG_ERROR message return error: -2
10-15 10:18:48.880   383   383 E TcUtils : NLMSG_ERROR message return error: -2
10-15 10:18:48.880   383   383 E TcUtils : NLMSG_ERROR message return error: -2
10-15 10:18:48.880   383   383 E TcUtils : NLMSG_ERROR message return error: -2
10-15 10:18:48.880   383   383 E TcUtils : NLMSG_ERROR message return error: -2
10-15 10:18:48.880   383   383 E TcUtils : NLMSG_ERROR message return error: -2
10-15 10:18:48.880   383   383 E TcUtils : NLMSG_ERROR message return error: -2
10-15 10:18:48.880   383   383 E TcUtils : NLMSG_ERROR message return error: -2
10-15 10:18:48.880   383   383 E TcUtils : NLMSG_ERROR message return error: -2
10-15 10:18:48.880   383   383 E TcUtils : NLMSG_ERROR message return error: -2
10-15 10:18:48.880   383   383 E TcUtils : NLMSG_ERROR message return error: -2
10-15 10:18:48.880   383   383 E TcUtils : NLMSG_ERROR message return error: -2
10-15 10:18:48.880   383   383 I netd    : leave NetworkController ctor
10-15 10:18:48.880   383   383 I netd    : enter TetherController ctor
10-15 10:18:48.880   383   383 D TetherController: Setting IP forward enable = 0
10-15 10:18:48.881   383   383 I netd    : leave TetherController ctor
10-15 10:18:48.885   400   400 D RanchuHwc: isMinigbmFromProperty: Is not using minigbm, in goldfish mode.
10-15 10:18:48.886   400   400 D HostConnection: createUnique: call
10-15 10:18:48.886   393   393 I android.hardware.pixel.camera.provider@2.7-service: Google camera provider service is starting.
10-15 10:18:48.886   400   400 D HostConnection: HostConnection::get() New Host Connection established 0xf4540390, tid 400
10-15 10:18:48.886   393   393 I android.hardware.pixel.camera.provider@2.7-service: Not using ApexUpdateListener since not running in an apex.
10-15 10:18:48.891   400   400 D HostConnection: HostComposition ext ANDROID_EMU_CHECKSUM_HELPER_v1 ANDROID_EMU_native_sync_v2 ANDROID_EMU_native_sync_v3 ANDROID_EMU_native_sync_v4 ANDROID_EMU_dma_v1 ANDROID_EMU_direct_mem ANDROID_EMU_host_composition_v1 ANDROID_EMU_host_composition_v2 ANDROID_EMU_vulkan ANDROID_EMU_deferred_vulkan_commands ANDROID_EMU_vulkan_null_optional_strings ANDROID_EMU_vulkan_create_resources_with_requirements ANDROID_EMU_YUV_Cache ANDROID_EMU_vulkan_ignored_handles ANDROID_EMU_has_shared_slots_host_memory_allocator ANDROID_EMU_vulkan_free_memory_sync ANDROID_EMU_vulkan_shader_float16_int8 ANDROID_EMU_vulkan_async_queue_submit ANDROID_EMU_vulkan_queue_submit_with_commands ANDROID_EMU_sync_buffer_data ANDROID_EMU_vulkan_async_qsri ANDROID_EMU_read_color_buffer_dma GL_OES_EGL_image_external_essl3 GL_OES_vertex_array_object GL_KHR_texture_compression_astc_ldr ANDROID_EMU_host_side_tracing ANDROID_EMU_gles_max_version_3_0 
10-15 10:18:48.891   389   389 I HidlServiceManagement: Registered android.hardware.audio@7.0::IDevicesFactory/default
10-15 10:18:48.891   389   389 I HidlServiceManagement: Removing namespace from process name android.hardware.audio.service to audio.service.
10-15 10:18:48.891   400   400 D RanchuHwc: init initializing display:0 with config: w:1920 h:1080 dpi-x:72 dpi-y:72 vsync:60.000002 config-group:0
10-15 10:18:48.891   389   389 I LegacySupport: Registration complete for android.hardware.audio@7.0::IDevicesFactory/default.
10-15 10:18:48.891   393   393 I GCH_CameraProvider: CreateHwl:Loading libgooglecamerahwl_impl.so library
10-15 10:18:48.891   223   223 I hwservicemanager: getTransport: Cannot find entry android.hardware.graphics.mapper@4.0::IMapper/default in either framework or device VINTF manifest.
10-15 10:18:48.891   400   400 I Gralloc4: mapper 4.x is not supported
10-15 10:18:48.892   400   400 D HostConnection: createUnique: call
10-15 10:18:48.892   400   400 D HostConnection: HostConnection::get() New Host Connection established 0xf45417b0, tid 400
10-15 10:18:48.892   400   400 D goldfish-address-space: allocate: Ask for block of size 0x100
10-15 10:18:48.892   400   400 D goldfish-address-space: allocate: ioctl allocate returned offset 0x3ffffe000 size 0x2000
10-15 10:18:48.905   223   223 I hwservicemanager: getTransport: Cannot find entry android.hardware.graphics.allocator@4.0::IAllocator/default in either framework or device VINTF manifest.
10-15 10:18:48.905   400   400 W Gralloc4: allocator 4.x is not supported
10-15 10:18:48.910   399   399 D HostConnection: HostComposition ext ANDROID_EMU_CHECKSUM_HELPER_v1 ANDROID_EMU_native_sync_v2 ANDROID_EMU_native_sync_v3 ANDROID_EMU_native_sync_v4 ANDROID_EMU_dma_v1 ANDROID_EMU_direct_mem ANDROID_EMU_host_composition_v1 ANDROID_EMU_host_composition_v2 ANDROID_EMU_vulkan ANDROID_EMU_deferred_vulkan_commands ANDROID_EMU_vulkan_null_optional_strings ANDROID_EMU_vulkan_create_resources_with_requirements ANDROID_EMU_YUV_Cache ANDROID_EMU_vulkan_ignored_handles ANDROID_EMU_has_shared_slots_host_memory_allocator ANDROID_EMU_vulkan_free_memory_sync ANDROID_EMU_vulkan_shader_float16_int8 ANDROID_EMU_vulkan_async_queue_submit ANDROID_EMU_vulkan_queue_submit_with_commands ANDROID_EMU_sync_buffer_data ANDROID_EMU_vulkan_async_qsri ANDROID_EMU_read_color_buffer_dma GL_OES_EGL_image_external_essl3 GL_OES_vertex_array_object GL_KHR_texture_compression_astc_ldr ANDROID_EMU_host_side_tracing ANDROID_EMU_gles_max_version_3_0 
10-15 10:18:48.911   399   399 D goldfish-address-space: claimShared: Ask to claim region [0x3fc000000 0x3fc7e9000]
10-15 10:18:48.914   383   383 I netd    : Creating child chains: 30205us
10-15 10:18:48.914   383   383 I netd    : Setting up OEM hooks: 113us
10-15 10:18:48.914   383   383 I netd    : Setting up FirewallController hooks: 228us
10-15 10:18:48.915   383   383 I netd    : Setting up TetherController hooks: 1005us
10-15 10:18:48.916   383   383 I netd    : Setting up BandwidthController hooks: 909us
10-15 10:18:48.916   383   383 I netd    : Setting up IdletimerController hooks: 13us
10-15 10:18:48.916   427   427 I credstore: Registered binder service
10-15 10:18:48.919   383   383 I netd    : Setting up StrictController hooks: 2723us
10-15 10:18:48.919   383   383 I netd    : Initializing ClatdController: 69us
10-15 10:18:48.926   383   383 I netd    : Enabling bandwidth control: 6560us
10-15 10:18:48.927   383   383 I netd    : Initializing RouteController: 1143us
10-15 10:18:48.927   383   383 D XfrmController: XfrmController::ipSecAddXfrmInterface, line=1480
10-15 10:18:48.928   383   383 D XfrmController: XfrmController::ipSecRemoveTunnelInterface, line=1693
10-15 10:18:48.928   383   383 D XfrmController: deviceName=ipsec_test
10-15 10:18:48.932   400   400 D HostConnection: HostComposition ext ANDROID_EMU_CHECKSUM_HELPER_v1 ANDROID_EMU_native_sync_v2 ANDROID_EMU_native_sync_v3 ANDROID_EMU_native_sync_v4 ANDROID_EMU_dma_v1 ANDROID_EMU_direct_mem ANDROID_EMU_host_composition_v1 ANDROID_EMU_host_composition_v2 ANDROID_EMU_vulkan ANDROID_EMU_deferred_vulkan_commands ANDROID_EMU_vulkan_null_optional_strings ANDROID_EMU_vulkan_create_resources_with_requirements ANDROID_EMU_YUV_Cache ANDROID_EMU_vulkan_ignored_handles ANDROID_EMU_has_shared_slots_host_memory_allocator ANDROID_EMU_vulkan_free_memory_sync ANDROID_EMU_vulkan_shader_float16_int8 ANDROID_EMU_vulkan_async_queue_submit ANDROID_EMU_vulkan_queue_submit_with_commands ANDROID_EMU_sync_buffer_data ANDROID_EMU_vulkan_async_qsri ANDROID_EMU_read_color_buffer_dma GL_OES_EGL_image_external_essl3 GL_OES_vertex_array_object GL_KHR_texture_compression_astc_ldr ANDROID_EMU_host_side_tracing ANDROID_EMU_gles_max_version_3_0 
10-15 10:18:48.932   399   444 D goldfish-address-space: claimShared: Ask to claim region [0x3fc7e9000 0x3fcfd2000]
10-15 10:18:48.933   399   443 D goldfish-address-space: claimShared: Ask to claim region [0x3fcfd2000 0x3fd7bb000]
10-15 10:18:48.933   400   400 E RanchuHwc: GetFunction: Unknown function descriptor: 44
10-15 10:18:48.933   400   400 E RanchuHwc: GetFunction: Unknown function descriptor: 45
10-15 10:18:48.933   400   400 E RanchuHwc: GetFunction: Unknown function descriptor: 46
10-15 10:18:48.933   400   400 E RanchuHwc: GetFunction: Unknown function descriptor: 47
10-15 10:18:48.933   400   400 E RanchuHwc: GetFunction: Unknown function descriptor: 48
10-15 10:18:48.933   400   400 E RanchuHwc: GetFunction: Unknown function descriptor: 49
10-15 10:18:48.933   400   400 E RanchuHwc: GetFunction: Unknown function descriptor: 50
10-15 10:18:48.933   400   400 E RanchuHwc: GetFunction: Unknown function descriptor: 51
10-15 10:18:48.933   400   400 E RanchuHwc: GetFunction: Unknown function descriptor: 52
10-15 10:18:48.933   400   400 E RanchuHwc: GetFunction: Unknown function descriptor: 55
10-15 10:18:48.933   400   400 E RanchuHwc: GetFunction: Unknown function descriptor: 56
10-15 10:18:48.933   400   400 E RanchuHwc: GetFunction: Unknown function descriptor: 57
10-15 10:18:48.933   400   400 E RanchuHwc: GetFunction: Unknown function descriptor: 58
10-15 10:18:48.933   400   400 E RanchuHwc: GetFunction: Unknown function descriptor: 59
10-15 10:18:48.933   400   400 E RanchuHwc: GetFunction: Unknown function descriptor: 68
10-15 10:18:48.933   400   400 E RanchuHwc: GetFunction: Unknown function descriptor: 69
10-15 10:18:48.933   400   400 E RanchuHwc: GetFunction: Unknown function descriptor: 70
10-15 10:18:48.936   400   400 I HidlServiceManagement: Registered android.hardware.graphics.composer@2.4::IComposer/default
10-15 10:18:48.936   400   400 I HidlServiceManagement: Removing namespace from process name android.hardware.graphics.composer@2.4-service to composer@2.4-service.
10-15 10:18:48.939   402   402 D android.hardware.media.c2@1.0-service-goldfish: Goldfish C2 Service starting...
10-15 10:18:48.939   402   402 W android.hardware.media.c2@1.0-service-goldfish: Could not read additional policy file '/vendor/etc/seccomp_policy/codec2.vendor.ext.policy'
