10-15 10:18:50.798   601   601 D CompatConfig: Adding: com.android.server.compat.config.Change@e20efd1
10-15 10:18:50.798   601   601 D CompatConfig: Adding: com.android.server.compat.config.Change@9bdfa36
10-15 10:18:50.798   601   601 D CompatConfig: Found a config file: /system/etc/compatconfig/services-platform-compat-config.xml
10-15 10:18:50.798   601   625 I SystemConfig: Reading permissions from /system/etc/permissions/privapp-permissions-platform.xml
10-15 10:18:50.799   601   601 D CompatConfig: Adding: com.android.server.compat.config.Change@a73b80d
10-15 10:18:50.799   601   601 D CompatConfig: Adding: com.android.server.compat.config.Change@c6783c2
10-15 10:18:50.799   601   601 D CompatConfig: Adding: com.android.server.compat.config.Change@c4465d3
10-15 10:18:50.799   601   601 D CompatConfig: Adding: com.android.server.compat.config.Change@457d510
10-15 10:18:50.799   601   601 D CompatConfig: Adding: com.android.server.compat.config.Change@6b0c809
10-15 10:18:50.799   601   601 D CompatConfig: Adding: com.android.server.compat.config.Change@62e1a0e
10-15 10:18:50.799   601   601 D CompatConfig: Adding: com.android.server.compat.config.Change@2658c2f
10-15 10:18:50.799   601   601 D CompatConfig: Adding: com.android.server.compat.config.Change@14d323c
10-15 10:18:50.799   601   601 D CompatConfig: Adding: com.android.server.compat.config.Change@994dbc5
10-15 10:18:50.799   601   601 D CompatConfig: Adding: com.android.server.compat.config.Change@eb5c91a
10-15 10:18:50.799   601   601 D CompatConfig: Adding: com.android.server.compat.config.Change@ac8bc4b
10-15 10:18:50.799   601   601 D CompatConfig: Adding: com.android.server.compat.config.Change@dd93628
10-15 10:18:50.799   601   601 D CompatConfig: Adding: com.android.server.compat.config.Change@eec6f41
10-15 10:18:50.799   601   601 D CompatConfig: Adding: com.android.server.compat.config.Change@1d75ce6
10-15 10:18:50.799   601   601 D CompatConfig: Adding: com.android.server.compat.config.Change@6e4d227
10-15 10:18:50.799   601   601 D CompatConfig: Adding: com.android.server.compat.config.Change@89f8cd4
10-15 10:18:50.799   601   601 D CompatConfig: Adding: com.android.server.compat.config.Change@8cfbe7d
10-15 10:18:50.799   601   601 D CompatConfig: Adding: com.android.server.compat.config.Change@e2c6172
10-15 10:18:50.799   601   601 D CompatConfig: Adding: com.android.server.compat.config.Change@ec269c3
10-15 10:18:50.799   601   601 D CompatConfig: Adding: com.android.server.compat.config.Change@4d2a240
10-15 10:18:50.799   601   601 D CompatConfig: Adding: com.android.server.compat.config.Change@89ec579
10-15 10:18:50.800   601   601 D CompatConfig: Adding: com.android.server.compat.config.Change@5b22be
10-15 10:18:50.800   601   601 D CompatConfig: Adding: com.android.server.compat.config.Change@857df1f
10-15 10:18:50.800   601   601 D CompatConfig: Adding: com.android.server.compat.config.Change@45fa26c
10-15 10:18:50.800   601   601 D CompatConfig: Adding: com.android.server.compat.config.Change@bbd4035
10-15 10:18:50.800   601   601 D CompatConfig: Adding: com.android.server.compat.config.Change@722acca
10-15 10:18:50.800   601   601 D CompatConfig: Adding: com.android.server.compat.config.Change@8a54e3b
10-15 10:18:50.800   601   601 D CompatConfig: Adding: com.android.server.compat.config.Change@8da7958
10-15 10:18:50.800   601   625 I SystemConfig: Reading permissions from /system/etc/permissions/privapp_allowlist_com.android.bluetooth.services.xml
10-15 10:18:50.800   601   601 D CompatConfig: Adding: com.android.server.compat.config.Change@c26cb96
10-15 10:18:50.800   601   601 D CompatConfig: Adding: com.android.server.compat.config.Change@a909317
10-15 10:18:50.800   601   601 D CompatConfig: Adding: com.android.server.compat.config.Change@729d304
10-15 10:18:50.800   601   601 D CompatConfig: Adding: com.android.server.compat.config.Change@43240ed
10-15 10:18:50.800   601   601 D CompatConfig: Adding: com.android.server.compat.config.Change@d7c0b22
10-15 10:18:50.800   601   601 D CompatConfig: Adding: com.android.server.compat.config.Change@78149b3
10-15 10:18:50.800   601   601 D CompatConfig: Adding: com.android.server.compat.config.Change@9f31b70
10-15 10:18:50.800   601   625 I SystemConfig: Reading permissions from /system/etc/permissions/org.apache.http.legacy.xml
10-15 10:18:50.800   601   601 D CompatConfig: Adding: com.android.server.compat.config.Change@3f3b76e
10-15 10:18:50.800   601   601 D CompatConfig: Adding: com.android.server.compat.config.Change@dbcce0f
10-15 10:18:50.800   601   601 D CompatConfig: Adding: com.android.server.compat.config.Change@ec67e9c
10-15 10:18:50.800   601   601 D CompatConfig: Adding: com.android.server.compat.config.Change@dbfa0a5
10-15 10:18:50.800   601   601 D CompatConfig: Adding: com.android.server.compat.config.Change@227dc7a
10-15 10:18:50.800   601   601 D CompatConfig: Adding: com.android.server.compat.config.Change@823c2b
10-15 10:18:50.800   601   601 D CompatConfig: Adding: com.android.server.compat.config.Change@a0ae888
10-15 10:18:50.800   601   601 D CompatConfig: Adding: com.android.server.compat.config.Change@aaea221
10-15 10:18:50.800   601   601 D CompatConfig: Adding: com.android.server.compat.config.Change@8474646
10-15 10:18:50.800   601   601 D CompatConfig: Adding: com.android.server.compat.config.Change@de67007
10-15 10:18:50.800   601   601 D CompatConfig: Adding: com.android.server.compat.config.Change@daa0534
10-15 10:18:50.800   601   601 D CompatConfig: Adding: com.android.server.compat.config.Change@9323f5d
10-15 10:18:50.800   601   601 D CompatConfig: Adding: com.android.server.compat.config.Change@8a180d2
10-15 10:18:50.800   601   601 D CompatConfig: Adding: com.android.server.compat.config.Change@67005a3
10-15 10:18:50.800   601   601 D CompatConfig: Adding: com.android.server.compat.config.Change@e7c40a0
10-15 10:18:50.800   601   601 D CompatConfig: Adding: com.android.server.compat.config.Change@2587459
10-15 10:18:50.800   601   601 D CompatConfig: Adding: com.android.server.compat.config.Change@8f2d81e
10-15 10:18:50.800   601   601 D CompatConfig: Adding: com.android.server.compat.config.Change@27358ff
10-15 10:18:50.800   601   601 D CompatConfig: Adding: com.android.server.compat.config.Change@474c6cc
10-15 10:18:50.800   601   601 D CompatConfig: Adding: com.android.server.compat.config.Change@812fd15
10-15 10:18:50.800   601   601 D CompatConfig: Adding: com.android.server.compat.config.Change@c70582a
10-15 10:18:50.800   601   601 D CompatConfig: Adding: com.android.server.compat.config.Change@12e861b
10-15 10:18:50.800   601   601 D CompatConfig: Adding: com.android.server.compat.config.Change@18d83b8
10-15 10:18:50.800   601   601 D CompatConfig: Adding: com.android.server.compat.config.Change@fb35591
10-15 10:18:50.800   601   601 D CompatConfig: Adding: com.android.server.compat.config.Change@293ccf6
10-15 10:18:50.800   601   601 D CompatConfig: Adding: com.android.server.compat.config.Change@da568f7
10-15 10:18:50.801   601   625 I SystemConfig: Reading permissions from /system/etc/permissions/com.android.future.usb.accessory.xml
10-15 10:18:50.801   601   601 D CompatConfig: Found a config file: /system/etc/compatconfig/documents-ui-compat-config.xml
10-15 10:18:50.801   601   625 I SystemConfig: Reading permissions from /system/etc/permissions/android.software.preview_sdk.xml
10-15 10:18:50.801   601   601 D CompatConfig: Adding: com.android.server.compat.config.Change@53d9d93
10-15 10:18:50.801   601   601 D CompatConfig: Found a config file: /system/etc/compatconfig/calendar-provider-compat-config.xml
10-15 10:18:50.801   601   625 I SystemConfig: Reading permissions from /system/etc/permissions/com.android.location.provider.xml
10-15 10:18:50.801   601   601 D CompatConfig: Adding: com.android.server.compat.config.Change@c1384ce
10-15 10:18:50.801   601   625 I SystemConfig: Reading permissions from /system/etc/permissions/com.android.media.tv.remoteprovider.xml
10-15 10:18:50.801   601   601 D CompatConfig: Found a config file: /system/etc/compatconfig/TeleService-platform-compat-config.xml
10-15 10:18:50.802   601   625 I SystemConfig: Reading permissions from /system/etc/permissions/android.test.runner.xml
10-15 10:18:50.802   601   601 D CompatConfig: Adding: com.android.server.compat.config.Change@3671fda
10-15 10:18:50.802   601   601 D CompatConfig: Adding: com.android.server.compat.config.Change@b392c0b
10-15 10:18:50.802   601   601 D CompatConfig: Adding: com.android.server.compat.config.Change@e454ae8
10-15 10:18:50.802   601   601 D CompatConfig: Adding: com.android.server.compat.config.Change@7c3c501
10-15 10:18:50.802   601   601 D CompatConfig: Adding: com.android.server.compat.config.Change@4275fa6
10-15 10:18:50.802   601   601 D CompatConfig: Adding: com.android.server.compat.config.Change@44c7de7
10-15 10:18:50.802   601   601 D CompatConfig: Found a config file: /system/etc/compatconfig/icu4j-platform-compat-config.xml
10-15 10:18:50.802   601   625 I SystemConfig: Reading permissions from /system/etc/permissions/android.software.webview.xml
10-15 10:18:50.802   601   601 D CompatConfig: Adding: com.android.server.compat.config.Change@759d032
10-15 10:18:50.802   601   625 I SystemConfig: Reading permissions from /system/etc/permissions/com.android.intentresolver.xml
10-15 10:18:50.803   601   625 I SystemConfig: Reading permissions from /system/etc/permissions/javax.obex.xml
10-15 10:18:50.803   601   625 I SystemConfig: Reading permissions from /system/etc/permissions/com.android.media.remotedisplay.xml
10-15 10:18:50.803   601   625 I SystemConfig: Reading permissions from /system/etc/permissions/tv_core_hardware.xml
10-15 10:18:50.803   601   601 D CompatConfig: No directory /system/system_ext/etc/compatconfig, skipping
10-15 10:18:50.803   601   625 I SystemConfig: Reading permissions from /system/etc/permissions/android.test.mock.xml
10-15 10:18:50.804   601   625 I SystemConfig: Reading permissions from /system/etc/permissions/android.test.base.xml
10-15 10:18:50.804   601   625 I SystemConfig: Reading permissions from /system/etc/permissions/platform.xml
10-15 10:18:50.804   601   601 D ApexManagerTiming: getActiveApexInfos_noCache
10-15 10:18:50.805   601   625 I SystemConfig: Reading permissions from /vendor/etc/permissions/handheld_core_hardware.xml
10-15 10:18:50.805   601   625 I SystemConfig: Reading permissions from /vendor/etc/permissions/android.hardware.vulkan.level.xml
10-15 10:18:50.806   601   625 I SystemConfig: Reading permissions from /vendor/etc/permissions/android.hardware.wifi.xml
10-15 10:18:50.806   601   625 I SystemConfig: Reading permissions from /vendor/etc/permissions/tv_sdk_excluded_core_hardware.xml
10-15 10:18:50.806   601   625 D SystemConfig: Removed unavailable feature android.hardware.telephony.gsm
10-15 10:18:50.806   601   625 D SystemConfig: Removed unavailable feature android.hardware.screen.portrait
10-15 10:18:50.806   601   625 D SystemConfig: Removed unavailable feature android.hardware.camera
10-15 10:18:50.806   601   625 D SystemConfig: Removed unavailable feature android.hardware.location.gps
10-15 10:18:50.806   601   625 D SystemConfig: Removed unavailable feature android.software.secure_lock_screen
10-15 10:18:50.806   601   625 D SystemConfig: Removed unavailable feature android.hardware.telephony
10-15 10:18:50.806   601   625 I SystemConfig: Reading permissions from /vendor/etc/permissions/android.hardware.camera.ar.xml
10-15 10:18:50.806   601   625 D SystemConfig: Removed unavailable feature android.hardware.camera.any
10-15 10:18:50.806   601   625 D SystemConfig: Removed unavailable feature android.hardware.camera.ar
10-15 10:18:50.806   601   625 I SystemConfig: Reading permissions from /vendor/etc/permissions/android.hardware.fingerprint.xml
10-15 10:18:50.807   601   625 I SystemConfig: Reading permissions from /vendor/etc/permissions/android.hardware.hardware_keystore.xml
10-15 10:18:50.807   601   625 I SystemConfig: Reading permissions from /vendor/etc/permissions/android.hardware.camera.concurrent.xml
10-15 10:18:50.807   601   625 D SystemConfig: Removed unavailable feature android.hardware.camera.front
10-15 10:18:50.807   601   625 I SystemConfig: Reading permissions from /vendor/etc/permissions/android.hardware.keystore.app_attest_key.xml
10-15 10:18:50.807   601   625 I SystemConfig: Reading permissions from /vendor/etc/permissions/android.hardware.camera.raw.xml
10-15 10:18:50.807   601   625 D SystemConfig: Removed unavailable feature android.hardware.camera.any
10-15 10:18:50.807   601   625 I SystemConfig: Reading permissions from /vendor/etc/permissions/android.hardware.wifi.passpoint.xml
10-15 10:18:50.808   601   625 I SystemConfig: Reading permissions from /vendor/etc/permissions/android.hardware.identity_credential.xml
10-15 10:18:50.808   601   625 I SystemConfig: Reading permissions from /vendor/etc/permissions/android.software.opengles.deqp.level.xml
10-15 10:18:50.808   601   625 I SystemConfig: Reading permissions from /vendor/etc/permissions/android.hardware.bluetooth_le.xml
10-15 10:18:50.808   601   625 I SystemConfig: Reading permissions from /vendor/etc/permissions/android.hardware.bluetooth.xml
10-15 10:18:50.809   601   625 I SystemConfig: Reading permissions from /vendor/etc/permissions/android.software.autofill.xml
10-15 10:18:50.809   601   625 I SystemConfig: Reading permissions from /vendor/etc/permissions/android.hardware.camera.full.xml
10-15 10:18:50.809   601   625 D SystemConfig: Removed unavailable feature android.hardware.camera.capability.manual_post_processing
10-15 10:18:50.809   601   625 D SystemConfig: Removed unavailable feature android.hardware.camera.any
10-15 10:18:50.809   601   601 D CompatConfig: No directory /apex/com.android.media/etc/compatconfig, skipping
10-15 10:18:50.809   601   625 D SystemConfig: Removed unavailable feature android.hardware.camera.capability.manual_sensor
10-15 10:18:50.809   601   625 D SystemConfig: Removed unavailable feature android.hardware.camera.level.full
10-15 10:18:50.809   601   601 D CompatConfig: No directory /apex/com.android.appsearch/etc/compatconfig, skipping
10-15 10:18:50.809   601   601 D CompatConfig: No directory /apex/com.android.os.statsd/etc/compatconfig, skipping
10-15 10:18:50.809   601   601 D CompatConfig: No directory /apex/com.android.sepolicy.apex/etc/compatconfig, skipping
10-15 10:18:50.809   601   601 D CompatConfig: No directory /apex/com.android.extservices/etc/compatconfig, skipping
10-15 10:18:50.810   601   625 I SystemConfig: Reading permissions from /vendor/etc/permissions/android.hardware.vulkan.version.xml
10-15 10:18:50.810   601   601 D CompatConfig: Found a config file: /apex/com.android.art/etc/compatconfig/libcore-platform-compat-config.xml
10-15 10:18:50.810   601   625 I SystemConfig: Reading permissions from /vendor/etc/permissions/android.hardware.ethernet.xml
10-15 10:18:50.810   601   601 D CompatConfig: Adding: com.android.server.compat.config.Change@97f5bcb
10-15 10:18:50.810   601   601 D CompatConfig: Adding: com.android.server.compat.config.Change@3341fa8
10-15 10:18:50.810   601   601 D CompatConfig: Adding: com.android.server.compat.config.Change@2c6dac1
10-15 10:18:50.810   601   601 D CompatConfig: Adding: com.android.server.compat.config.Change@7982266
10-15 10:18:50.810   601   601 D CompatConfig: Adding: com.android.server.compat.config.Change@725e9a7
10-15 10:18:50.810   601   601 D CompatConfig: Adding: com.android.server.compat.config.Change@67f8e54
10-15 10:18:50.810   601   625 I SystemConfig: Reading permissions from /vendor/etc/permissions/android.hardware.camera.flash-autofocus.xml
10-15 10:18:50.810   601   601 D CompatConfig: No directory /apex/com.android.media.swcodec/etc/compatconfig, skipping
10-15 10:18:50.810   601   625 D SystemConfig: Removed unavailable feature android.hardware.camera.autofocus
10-15 10:18:50.810   601   601 D CompatConfig: No directory /apex/com.android.permission/etc/compatconfig, skipping
10-15 10:18:50.810   601   625 D SystemConfig: Removed unavailable feature android.hardware.camera
10-15 10:18:50.810   601   625 D SystemConfig: Removed unavailable feature android.hardware.camera.any
10-15 10:18:50.810   601   601 D CompatConfig: No directory /apex/com.android.ondevicepersonalization/etc/compatconfig, skipping
10-15 10:18:50.810   601   625 I SystemConfig: Reading permissions from /vendor/etc/permissions/android.software.vulkan.deqp.level.xml
10-15 10:18:50.810   601   601 D CompatConfig: No directory /apex/com.android.tzdata/etc/compatconfig, skipping
10-15 10:18:50.811   601   601 D CompatConfig: No directory /apex/com.android.sdkext/etc/compatconfig, skipping
10-15 10:18:50.811   601   601 D CompatConfig: No directory /apex/com.android.adbd/etc/compatconfig, skipping
10-15 10:18:50.811   601   601 D CompatConfig: No directory /apex/com.android.vndk.vTiramisu/etc/compatconfig, skipping
10-15 10:18:50.811   601   601 D CompatConfig: No directory /apex/com.android.scheduling/etc/compatconfig, skipping
10-15 10:18:50.811   601   601 D CompatConfig: No directory /apex/com.android.neuralnetworks/etc/compatconfig, skipping
10-15 10:18:50.811   601   601 D CompatConfig: No directory /apex/com.android.ipsec/etc/compatconfig, skipping
10-15 10:18:50.811   601   601 D CompatConfig: No directory /apex/com.android.apex.cts.shim/etc/compatconfig, skipping
10-15 10:18:50.811   601   601 D CompatConfig: Found a config file: /apex/com.android.tethering/etc/compatconfig/connectivity-platform-compat-config.xml
10-15 10:18:50.811   601   601 D CompatConfig: Adding: com.android.server.compat.config.Change@a713bc0
10-15 10:18:50.811   601   625 I SystemConfig: Reading permissions from /vendor/etc/permissions/android.hardware.wifi.direct.xml
10-15 10:18:50.811   601   601 D CompatConfig: Found a config file: /apex/com.android.wifi/etc/compatconfig/wifi-compat-config.xml
10-15 10:18:50.812   601   601 D CompatConfig: Adding: com.android.server.compat.config.Change@b0e53ec
10-15 10:18:50.812   601   601 D CompatConfig: Adding: com.android.server.compat.config.Change@733d3b5
10-15 10:18:50.812   601   625 I SystemConfig: Reading permissions from /vendor/etc/permissions/android.hardware.camera.front.xml
10-15 10:18:50.812   601   601 D CompatConfig: No directory /apex/com.android.bluetooth/etc/compatconfig, skipping
10-15 10:18:50.812   601   625 D SystemConfig: Removed unavailable feature android.hardware.camera.front
10-15 10:18:50.812   601   625 D SystemConfig: Removed unavailable feature android.hardware.camera.any
10-15 10:18:50.812   601   601 D CompatConfig: Found a config file: /apex/com.android.mediaprovider/etc/compatconfig/media-provider-platform-compat-config.xml
10-15 10:18:50.812   601   625 I SystemConfig: Reading permissions from /vendor/etc/permissions/android.hardware.vulkan.compute.xml
10-15 10:18:50.812   601   601 D CompatConfig: Adding: com.android.server.compat.config.Change@d82c2d8
10-15 10:18:50.812   601   601 D CompatConfig: Adding: com.android.server.compat.config.Change@31af631
10-15 10:18:50.812   601   601 D CompatConfig: Adding: com.android.server.compat.config.Change@f068a97
10-15 10:18:50.812   601   601 D CompatConfig: Adding: com.android.server.compat.config.Change@bcd3484
10-15 10:18:50.812   601   601 D CompatConfig: Adding: com.android.server.compat.config.Change@e77c46d
10-15 10:18:50.812   601   601 D CompatConfig: Adding: com.android.server.compat.config.Change@2608a2
10-15 10:18:50.812   601   601 D CompatConfig: Adding: com.android.server.compat.config.Change@61f3933
10-15 10:18:50.812   601   625 I SystemConfig: Reading permissions from /vendor/etc/permissions/android.hardware.touchscreen.multitouch.jazzhand.xml
10-15 10:18:50.813   601   601 D CompatConfig: No directory /apex/com.android.cronet/etc/compatconfig, skipping
10-15 10:18:50.813   601   601 D CompatConfig: No directory /apex/com.android.conscrypt/etc/compatconfig, skipping
10-15 10:18:50.813   601   601 D CompatConfig: No directory /apex/com.android.adservices/etc/compatconfig, skipping
10-15 10:18:50.813   601   601 D CompatConfig: No directory /apex/com.android.resolv/etc/compatconfig, skipping
10-15 10:18:50.813   601   601 D CompatConfig: No directory /apex/com.android.uwb/etc/compatconfig, skipping
10-15 10:18:50.813   601   601 D CompatConfig: No directory /apex/com.google.mainline.primary.libs/etc/compatconfig, skipping
10-15 10:18:50.813   601   601 D CompatConfig: No directory /apex/com.android.i18n/etc/compatconfig, skipping
10-15 10:18:50.813   601   601 D CompatConfig: No directory /apex/com.android.runtime/etc/compatconfig, skipping
10-15 10:18:50.813   601   625 I SystemConfig: Reading permissions from /product/etc/sysconfig/google_build.xml
10-15 10:18:50.813   601   625 I SystemConfig: Reading permissions from /product/etc/sysconfig/google-hiddenapi-package-whitelist.xml
10-15 10:18:50.814   601   601 D SystemServerTiming: StartFileIntegrityService
10-15 10:18:50.814   601   601 I SystemServiceManager: Starting com.android.server.security.FileIntegrityService
10-15 10:18:50.814   601   625 I SystemConfig: Reading permissions from /product/etc/sysconfig/google_atv.xml
10-15 10:18:50.814   601   625 I SystemConfig: Reading permissions from /product/etc/sysconfig/amati_experience.xml
10-15 10:18:50.815   601   625 I SystemConfig: Reading permissions from /product/etc/sysconfig/google.xml
10-15 10:18:50.815   601   625 I SystemConfig: Adding association: com.google.android.as <- com.android.bluetooth
10-15 10:18:50.815   601   625 I SystemConfig: Adding association: com.google.android.as <- com.android.providers.contacts
10-15 10:18:50.815   601   625 I SystemConfig: Adding association: com.google.android.as <- com.android.providers.media
10-15 10:18:50.815   601   625 I SystemConfig: Adding association: com.google.android.as <- com.android.providers.telephony
10-15 10:18:50.815   601   625 I SystemConfig: Adding association: com.google.android.as <- com.android.systemui
10-15 10:18:50.815   601   625 I SystemConfig: Adding association: com.google.android.as <- com.google.android.providers.media.module
10-15 10:18:50.815   601   625 I SystemConfig: Adding association: com.google.android.as <- com.google.android.as.oss
10-15 10:18:50.815   601   625 I SystemConfig: Adding association: com.google.android.as.oss <- com.google.android.as
10-15 10:18:50.815   601   601 D SystemServerTiming: StartInstaller
10-15 10:18:50.815   601   601 I SystemServiceManager: Starting com.android.server.pm.Installer
10-15 10:18:50.815   601   625 I SystemConfig: Reading permissions from /product/etc/sysconfig/google-staged-installer-whitelist.xml
10-15 10:18:50.815   601   625 I SystemConfig: Reading permissions from /product/etc/sysconfig/atv-component-overrides.xml
10-15 10:18:50.816   601   625 I SystemConfig: Reading permissions from /product/etc/permissions/com.android.tv.provision.xml
10-15 10:18:50.816   601   625 I SystemConfig: Reading permissions from /product/etc/permissions/unavailable-features-atv-amati-product.xml
10-15 10:18:50.816   479   506 D installd: Found quota mount /dev/block/vdc at /data
10-15 10:18:50.816   479   506 D installd: Found quota mount /dev/block/vdc at /data/user/0
10-15 10:18:50.816   601   625 D SystemConfig: Removed unavailable feature android.software.picture_in_picture
10-15 10:18:50.817   601   625 I SystemConfig: Reading permissions from /product/etc/permissions/privapp-permissions-sdk-google.xml
10-15 10:18:50.817   601   601 D SystemServerTiming: DeviceIdentifiersPolicyService
10-15 10:18:50.817   601   601 I SystemServiceManager: Starting com.android.server.os.DeviceIdentifiersPolicyService
10-15 10:18:50.817   601   625 I SystemConfig: Reading permissions from /product/etc/permissions/com.google.android.tv.xml
10-15 10:18:50.817   601   601 D SystemServerTiming: UriGrantsManagerService
10-15 10:18:50.817   601   601 I SystemServiceManager: Starting com.android.server.uri.UriGrantsManagerService$Lifecycle
10-15 10:18:50.817   601   625 I SystemConfig: Reading permissions from /product/etc/permissions/privapp-permissions-atv-amati-product.xml
10-15 10:18:50.817   601   625 I SystemConfig: Reading permissions from /product/etc/permissions/privapp-permissions-google-p.xml
10-15 10:18:50.818   601   601 D SystemServerTiming: StartPowerStatsService
10-15 10:18:50.818   601   601 I SystemServiceManager: Starting com.android.server.powerstats.PowerStatsService
10-15 10:18:50.819   222   222 I servicemanager: Could not find android.hardware.power.stats.IPowerStats/default in the VINTF manifest.
10-15 10:18:50.819   601   625 I SystemConfig: Reading permissions from /product/etc/permissions/android.software.verified_boot.xml
10-15 10:18:50.819   601   625 I SystemConfig: Reading permissions from /product/etc/permissions/privapp-permissions-goldfish.xml
10-15 10:18:50.820   601   625 I SystemConfig: Reading permissions from /product/etc/permissions/split-permissions-google.xml
10-15 10:18:50.820   601   625 I SystemConfig: Reading permissions from /product/etc/permissions/privapp-permissions-atv-product.xml
10-15 10:18:50.820   601   625 W SystemConfig: No directory /system_ext/etc/sysconfig, skipping
10-15 10:18:50.821   601   625 I SystemConfig: Reading permissions from /system_ext/etc/permissions/com.android.libraries.tv.tvsystem.xml
10-15 10:18:50.821   601   601 D SystemServerTiming: StartIStatsService
10-15 10:18:50.821   601   601 I HidlServiceManagement: Registered android.frameworks.stats@1.0::IStats/default
10-15 10:18:50.821   222   222 I servicemanager: Found android.frameworks.stats.IStats/default in framework VINTF manifest.
10-15 10:18:50.821   601   601 D SystemServerTiming: MemtrackProxyService
10-15 10:18:50.821   601   625 I SystemConfig: Reading permissions from /system_ext/etc/permissions/androidx.window.extensions.xml
10-15 10:18:50.821   223   223 I hwservicemanager: getTransport: Cannot find entry android.hardware.memtrack@1.0::IMemtrack/default in either framework or device VINTF manifest.
10-15 10:18:50.821   222   222 I servicemanager: Could not find android.hardware.memtrack.IMemtrack/default in the VINTF manifest.
10-15 10:18:50.821   601   601 I Stability: Interface set with vintf stability downgraded to system stability stability
10-15 10:18:50.821   601   601 D SystemServerTiming: StartActivityManager
10-15 10:18:50.821   601   601 I SystemServiceManager: Starting com.android.server.wm.ActivityTaskManagerService$Lifecycle
10-15 10:18:50.821   601   625 I SystemConfig: Reading permissions from /system_ext/etc/permissions/androidx.window.sidecar.xml
10-15 10:18:50.822   601   625 I SystemConfig: Reading permissions from /system_ext/etc/permissions/privapp-permissions-google-se.xml
10-15 10:18:50.822   601   625 I SystemConfig: Reading permissions from /system_ext/etc/permissions/com.android.systemui.xml
10-15 10:18:50.823   601   625 I SystemConfig: Reading permissions from /system_ext/etc/permissions/com.android.emulator.radio.config.xml
10-15 10:18:50.823   601   625 I SystemConfig: Reading permissions from /system_ext/etc/permissions/com.android.tv.settings.xml
10-15 10:18:50.826   601   625 I SystemConfig: Reading permissions from /apex/com.android.ipsec/etc/permissions/android.net.ipsec.ike.xml
10-15 10:18:50.826   601   625 I SystemConfig: Reading permissions from /apex/com.android.extservices/etc/permissions/privapp_allowlist_com.google.android.ext.services.xml
10-15 10:18:50.827   601   625 I SystemConfig: Reading permissions from /apex/com.android.tethering/etc/permissions/privapp_allowlist_com.google.android.networkstack.tethering.xml
10-15 10:18:50.827   601   625 I SystemConfig: Reading permissions from /apex/com.android.mediaprovider/etc/permissions/privapp_allowlist_com.google.android.providers.media.module.xml
10-15 10:18:50.828   601   625 I SystemConfig: Reading permissions from /apex/com.android.permission/etc/permissions/privapp_allowlist_com.google.android.permissioncontroller.xml
10-15 10:18:50.828   601   601 I SystemServiceManager: Starting com.android.server.am.ActivityManagerService$Lifecycle
10-15 10:18:50.828   601   625 I SystemConfig: Reading permissions from /apex/com.android.bluetooth/etc/permissions/privapp_allowlist_com.android.bluetooth.services.xml
10-15 10:18:50.829   601   625 I SystemConfig: Reading permissions from /apex/com.android.adservices/etc/permissions/privapp_allowlist_com.google.android.adservices.api.xml
10-15 10:18:50.829   601   625 I SystemConfig: Reading permissions from /apex/com.android.cronet/etc/permissions/org.chromium.net.cronet.xml
10-15 10:18:50.831   601   601 I ActivityManager: Memory class: 192
10-15 10:18:50.832   601   625 W SystemConfig: Failed to read public libraries file /vendor/etc/public.libraries.txt
10-15 10:18:50.832   601   625 W SystemConfig: java.io.FileNotFoundException: /vendor/etc/public.libraries.txt: open failed: ENOENT (No such file or directory)
10-15 10:18:50.832   601   625 W SystemConfig: 	at libcore.io.IoBridge.open(IoBridge.java:574)
10-15 10:18:50.832   601   625 W SystemConfig: 	at java.io.FileInputStream.<init>(FileInputStream.java:160)
10-15 10:18:50.832   601   625 W SystemConfig: 	at java.io.FileReader.<init>(FileReader.java:75)
10-15 10:18:50.832   601   625 W SystemConfig: 	at com.android.server.SystemConfig.readPublicLibrariesListFile(SystemConfig.java:1805)
10-15 10:18:50.832   601   625 W SystemConfig: 	at com.android.server.SystemConfig.readPublicNativeLibrariesList(SystemConfig.java:1787)
10-15 10:18:50.832   601   625 W SystemConfig: 	at com.android.server.SystemConfig.<init>(SystemConfig.java:581)
10-15 10:18:50.832   601   625 W SystemConfig: 	at com.android.server.SystemConfig.getInstance(SystemConfig.java:349)
10-15 10:18:50.832   601   625 W SystemConfig: 	at com.android.server.SystemServer$$ExternalSyntheticLambda1.run(Unknown Source:0)
10-15 10:18:50.832   601   625 W SystemConfig: 	at com.android.server.SystemServerInitThreadPool.lambda$submitTask$0$com-android-server-SystemServerInitThreadPool(SystemServerInitThreadPool.java:106)
10-15 10:18:50.832   601   625 W SystemConfig: 	at com.android.server.SystemServerInitThreadPool$$ExternalSyntheticLambda0.run(Unknown Source:6)
10-15 10:18:50.832   601   625 W SystemConfig: 	at java.util.concurrent.Executors$RunnableAdapter.call(Executors.java:463)
10-15 10:18:50.832   601   625 W SystemConfig: 	at java.util.concurrent.FutureTask.run(FutureTask.java:264)
10-15 10:18:50.832   601   625 W SystemConfig: 	at java.util.concurrent.ThreadPoolExecutor.runWorker(ThreadPoolExecutor.java:1137)
10-15 10:18:50.832   601   625 W SystemConfig: 	at java.util.concurrent.ThreadPoolExecutor$Worker.run(ThreadPoolExecutor.java:637)
10-15 10:18:50.832   601   625 W SystemConfig: 	at com.android.internal.util.ConcurrentUtils$1$1.run(ConcurrentUtils.java:65)
10-15 10:18:50.832   601   625 W SystemConfig: Caused by: android.system.ErrnoException: open failed: ENOENT (No such file or directory)
10-15 10:18:50.832   601   625 W SystemConfig: 	at libcore.io.Linux.open(Native Method)
10-15 10:18:50.832   601   625 W SystemConfig: 	at libcore.io.ForwardingOs.open(ForwardingOs.java:563)
10-15 10:18:50.832   601   625 W SystemConfig: 	at libcore.io.BlockGuardOs.open(BlockGuardOs.java:274)
10-15 10:18:50.832   601   625 W SystemConfig: 	at libcore.io.IoBridge.open(IoBridge.java:560)
10-15 10:18:50.832   601   625 W SystemConfig: 	... 14 more
10-15 10:18:50.832   601   629 I Binder  : Setting heavy hitter watcher config: false, 0, 0.0
10-15 10:18:50.836   601   601 I PackageWatchdog: Updated health check state for package com.google.android.ext.services: INACTIVE -> PASSED
10-15 10:18:50.836   601   601 I PackageWatchdog: Updated health check state for package com.android.tv.settings: INACTIVE -> PASSED
10-15 10:18:50.836   601   601 I PackageWatchdog: Updated health check state for package com.google.android.providers.media.module: INACTIVE -> PASSED
10-15 10:18:50.836   601   601 I PackageWatchdog: Updated health check state for package android: INACTIVE -> PASSED
10-15 10:18:50.836   601   601 I PackageWatchdog: Updated health check state for package com.google.android.permissioncontroller: INACTIVE -> PASSED
10-15 10:18:50.836   601   601 I PackageWatchdog: Updated health check state for package com.google.android.bluetooth.services: INACTIVE -> PASSED
10-15 10:18:50.836   601   601 I PackageWatchdog: Updated health check state for package com.google.android.networkstack: INACTIVE -> PASSED
10-15 10:18:50.836   601   601 I PackageWatchdog: Updated health check state for package com.google.android.gms: INACTIVE -> PASSED
10-15 10:18:50.836   601   601 I PackageWatchdog: Updated health check state for package com.google.android.gsf: INACTIVE -> PASSED
10-15 10:18:50.836   601   601 I PackageWatchdog: Updated health check state for package com.android.shell: INACTIVE -> PASSED
10-15 10:18:50.836   601   601 I PackageWatchdog: Updated health check state for package com.android.systemui: INACTIVE -> PASSED
10-15 10:18:50.836   601   601 I PackageWatchdog: Updated health check state for package com.android.providers.contacts: INACTIVE -> PASSED
10-15 10:18:50.836   601   601 I PackageWatchdog: Updated health check state for package com.android.vending: INACTIVE -> PASSED
10-15 10:18:50.839   601   601 D BatteryStatsImpl: Reading daily items from /data/system/batterystats-daily.xml
10-15 10:18:50.840   601   601 I KernelCpuUidFreqTimeReader: mPerClusterTimesAvailable=false
10-15 10:18:50.842   601   636 I BatteryStatsService: Using power.stats HAL
10-15 10:18:50.843   601   636 W BatteryStatsService: Rail information is not available
10-15 10:18:50.843   601   636 W BatteryStatsService: Rail energy data is not available
10-15 10:18:50.843   601   636 E BluetoothAdapter: Bluetooth service is null
10-15 10:18:50.851   601   636 W KernelMemoryBandwidthStats: No kernel memory bandwidth stats available
10-15 10:18:50.872   601   601 I IntentFirewall: Read new rules (A:0 B:0 S:0)
10-15 10:18:50.874   601   601 D OomAdjuster: Not killing cached processes
10-15 10:18:50.877   601   601 D AppOps  : AppOpsService published
10-15 10:18:50.879   601   601 D SystemServerTiming: StartDataLoaderManagerService
10-15 10:18:50.879   601   601 I SystemServiceManager: Starting com.android.server.pm.DataLoaderManagerService
10-15 10:18:50.879   601   601 D SystemServerTiming: StartIncrementalService
10-15 10:18:50.880   601   601 I incfs-mounts: [incfs] Loaded incremental-fs mount info: 0 instances, 0 mount points
10-15 10:18:50.881   601   601 D SystemServerTiming: StartPowerManager
10-15 10:18:50.881   601   601 I SystemServiceManager: Starting com.android.server.power.PowerManagerService
10-15 10:18:50.883   222   222 I servicemanager: Found android.hardware.power.IPower/default in device VINTF manifest.
10-15 10:18:50.884   412   412 I android.hardware.power-service.example: Power isModeSupported: 7
10-15 10:18:50.884   412   412 I android.hardware.power-service.example: Power isModeSupported: 0
10-15 10:18:50.884   601   601 D SystemServerTiming: StartThermalManager
10-15 10:18:50.884   601   601 I SystemServiceManager: Starting com.android.server.power.ThermalManagerService
10-15 10:18:50.884   601   601 D SystemServerTiming: StartHintManager
10-15 10:18:50.884   601   601 I SystemServiceManager: Starting com.android.server.power.hint.HintManagerService
10-15 10:18:50.884   601   601 D SystemServerTiming: InitPowerManagement
10-15 10:18:50.885   601   601 D SystemServerTiming: StartRecoverySystemService
10-15 10:18:50.885   601   601 I SystemServiceManager: Starting com.android.server.recoverysystem.RecoverySystemService$Lifecycle
10-15 10:18:50.886   601   601 D SystemServerTiming: StartLightsService
10-15 10:18:50.886   601   601 I SystemServiceManager: Starting com.android.server.lights.LightsService
10-15 10:18:50.886   222   222 I servicemanager: Found android.hardware.light.ILights/default in device VINTF manifest.
10-15 10:18:50.887   411   411 I android.hardware.lights-service.example: Lights reporting supported lights
10-15 10:18:50.889   601   601 D SystemServerTiming: StartDisplayOffloadService
10-15 10:18:50.889   601   601 D SystemServerTiming: StartSidekickService
10-15 10:18:50.889   601   601 D SystemServerTiming: StartDisplayManager
10-15 10:18:50.889   601   601 I SystemServiceManager: Starting com.android.server.display.DisplayManagerService
10-15 10:18:50.893   601   601 D SystemServerTiming: WaitForDisplay
10-15 10:18:50.893   601   601 I SystemServiceManager: Starting phase 100
10-15 10:18:50.893   601   601 D SystemServerTiming: OnBootPhase_100
10-15 10:18:50.893   601   601 D SystemServerTiming: OnBootPhase_100_com.android.server.security.FileIntegrityService
10-15 10:18:50.893   601   601 D SystemServerTiming: OnBootPhase_100_com.android.server.pm.Installer
10-15 10:18:50.893   601   601 D SystemServerTiming: OnBootPhase_100_com.android.server.os.DeviceIdentifiersPolicyService
10-15 10:18:50.893   601   601 D SystemServerTiming: OnBootPhase_100_com.android.server.uri.UriGrantsManagerService$Lifecycle
10-15 10:18:50.893   601   601 D SystemServerTiming: OnBootPhase_100_com.android.server.powerstats.PowerStatsService
10-15 10:18:50.893   601   601 D SystemServerTiming: OnBootPhase_100_com.android.server.wm.ActivityTaskManagerService$Lifecycle
10-15 10:18:50.893   601   601 D SystemServerTiming: OnBootPhase_100_com.android.server.am.ActivityManagerService$Lifecycle
10-15 10:18:50.893   601   601 D SystemServerTiming: OnBootPhase_100_com.android.server.pm.DataLoaderManagerService
10-15 10:18:50.893   601   601 D SystemServerTiming: OnBootPhase_100_com.android.server.power.PowerManagerService
10-15 10:18:50.893   601   601 D SystemServerTiming: OnBootPhase_100_com.android.server.power.ThermalManagerService
10-15 10:18:50.893   601   601 D SystemServerTiming: OnBootPhase_100_com.android.server.power.hint.HintManagerService
10-15 10:18:50.893   601   601 D SystemServerTiming: OnBootPhase_100_com.android.server.recoverysystem.RecoverySystemService$Lifecycle
10-15 10:18:50.893   601   601 D SystemServerTiming: OnBootPhase_100_com.android.server.lights.LightsService
10-15 10:18:50.893   601   601 D SystemServerTiming: OnBootPhase_100_com.android.server.display.DisplayManagerService
10-15 10:18:50.895   601   621 E LocalDisplayAdapter: Can't find display mode with id -1
10-15 10:18:50.895   601   621 W LocalDisplayAdapter: DisplayModeSpecs base mode no longer available, using currently active mode.
10-15 10:18:50.898   601   621 I DisplayDeviceRepository: Display device added: DisplayDeviceInfo{"Built-in Screen": uniqueId="local:4619827259835644672", 1920 x 1080, modeId 1, defaultModeId 1, supportedModes [{id=1, width=1920, height=1080, fps=60.000004, alternativeRefreshRates=[]}], colorMode 0, supportedColorModes [0], hdrCapabilities HdrCapabilities{mSupportedHdrTypes=[], mMaxLuminance=500.0, mMaxAverageLuminance=500.0, mMinLuminance=0.0}, allmSupported false, gameContentTypeSupported false, density 320, 72.0 x 72.0 dpi, appVsyncOff 1000000, presDeadline 16666666, touch INTERNAL, rotation 0, type INTERNAL, address {port=0, model=0x401cec6a7a2b7b}, deviceProductInfo DeviceProductInfo{name=EMU_display_0, manufacturerPnpId=GGL, productId=1, modelYear=null, manufactureDate=ManufactureDate{week=27, year=2006}, connectionToSinkType=0}, state UNKNOWN, frameRateOverride , brightnessMinimum 0.0, brightnessMaximum 1.0, brightnessDefault 0.39763778, FLAG_ALLOWED_TO_BE_DEFAULT_DISPLAY, FLAG_ROTATES_WITH_CONTENT, FLAG_SECURE, FLAG_SUPPORTS_PROTECTED_BUFFERS, installOrientation 0}
10-15 10:18:50.898   601   621 I LogicalDisplayMapper: Applying layout: [{addr: {port=0, model=0x401cec6a7a2b7b}, dispId: 0(ON)}], Previous layout: null
10-15 10:18:50.899   601   621 I LogicalDisplayMapper: Adding new display: 0: DisplayInfo{"Built-in Screen", displayId 0", displayGroupId -1, FLAG_SECURE, FLAG_SUPPORTS_PROTECTED_BUFFERS, FLAG_TRUSTED, real 1920 x 1080, largest app 1920 x 1080, smallest app 1920 x 1080, appVsyncOff 1000000, presDeadline 16666666, mode 1, defaultMode 1, modes [{id=1, width=1920, height=1080, fps=60.000004, alternativeRefreshRates=[]}], hdrCapabilities HdrCapabilities{mSupportedHdrTypes=[], mMaxLuminance=500.0, mMaxAverageLuminance=500.0, mMinLuminance=0.0}, userDisabledHdrTypes [], minimalPostProcessingSupported false, rotation 0, state UNKNOWN, type INTERNAL, uniqueId "local:4619827259835644672", app 1920 x 1080, density 320 (72.0 x 72.0) dpi, layerStack 0, colorMode 0, supportedColorModes [0], address {port=0, model=0x401cec6a7a2b7b}, deviceProductInfo DeviceProductInfo{name=EMU_display_0, manufacturerPnpId=GGL, productId=1, modelYear=null, manufactureDate=ManufactureDate{week=27, year=2006}, connectionToSinkType=0}, removeMode 0, refreshRateOverride 0.0, brightnessMinimum 0.0, brightnessMaximum 1.0, brightnessDefault 0.39763778, installOrientation ROTATION_0}
10-15 10:18:50.899   601   621 I LogicalDisplayMapper: Setting new display group 0 for display 0, from previous group: null
10-15 10:18:50.899   601   601 D SystemServerTiming: StartDomainVerificationService
10-15 10:18:50.900   601   601 D SystemServerTiming: StartPackageManagerService
10-15 10:18:50.900   601   601 I Watchdog: Pausing HandlerChecker: main thread for reason: packagemanagermain. Pause count: 1
10-15 10:18:50.901   601   601 D PackageManagerTiming: create package manager
10-15 10:18:50.904   601   601 D PackageManagerTiming: createSubComponents
10-15 10:18:50.906   601   601 I UserTypeFactory: Creating custom user type com.android.tv.profile
10-15 10:18:50.910   601   601 D PackageManagerTiming: addSharedUsers
10-15 10:18:50.912   601   601 W BackgroundDexOptService: SysProp pm.dexopt.downgrade_after_inactive_days not set
10-15 10:18:50.912   601   601 D PackageManagerTiming: get system config
10-15 10:18:50.914   601   601 D PackageManager: Directories scanned as system partitions: [/system:0, /vendor:524288, /odm:4194304, /oem:262144, /product:1048576, /system_ext:2097152, /apex/com.android.media:8388608, /apex/com.android.appsearch:8388608, /apex/com.android.os.statsd:8388608, /apex/com.android.sepolicy.apex:8388608, /apex/com.android.extservices:8388608, /apex/com.android.art:8388608, /apex/com.android.media.swcodec:8388608, /apex/com.android.permission:8388608, /apex/com.android.ondevicepersonalization:8388608, /apex/com.android.tzdata:8388608, /apex/com.android.sdkext:8388608, /apex/com.android.adbd:8388608, /apex/com.android.vndk.vTiramisu:8388608, /apex/com.android.scheduling:8388608, /apex/com.android.neuralnetworks:8388608, /apex/com.android.ipsec:8388608, /apex/com.android.apex.cts.shim:8388608, /apex/com.android.tethering:8388608, /apex/com.android.wifi:8388608, /apex/com.android.bluetooth:8388608, /apex/com.android.mediaprovider:8388608, /apex/com.android.cronet:8388608, /apex/com.android.conscrypt:8388608, /apex/com.android.adservices:8388608, /apex/com.android.resolv:8388608, /apex/com.android.uwb:8388608, /apex/com.google.mainline.primary.libs:8388608, /apex/com.android.i18n:8388608, /apex/com.android.runtime:8388608]
10-15 10:18:50.915   601   601 D SELinuxMMAC: Using policy file /system/etc/selinux/plat_mac_permissions.xml
10-15 10:18:50.915   601   601 D SELinuxMMAC: Using policy file /system_ext/etc/selinux/system_ext_mac_permissions.xml
10-15 10:18:50.916   601   601 D SELinuxMMAC: Using policy file /product/etc/selinux/product_mac_permissions.xml
10-15 10:18:50.916   601   601 D SELinuxMMAC: Using policy file /vendor/etc/selinux/vendor_mac_permissions.xml
10-15 10:18:50.916   601   601 D PackageManagerTiming: loadFallbacks
10-15 10:18:50.917   601   601 D FallbackCategoryProvider: Found 1 fallback categories
10-15 10:18:50.917   601   601 D PackageManagerTiming: read user settings
10-15 10:18:50.945   601   601 E PackageManager: Package com.google.android.networkstack.tethering was user id 0 but is now user SharedUserSetting{a1655bc android.uid.networkstack/1073} with id 1073; I am not changing its files so it will probably fail!
10-15 10:18:50.946   601   601 E PackageManager: Package com.android.dynsystem was user id 0 but is now user SharedUserSetting{c90d5cb android.uid.system/1000} with id 1000; I am not changing its files so it will probably fail!
10-15 10:18:50.946   601   601 E PackageManager: Package com.android.providers.calendar was user id 0 but is now user SharedUserSetting{a8b6466 android.uid.calendar/10042} with id 10042; I am not changing its files so it will probably fail!
10-15 10:18:50.946   601   601 E PackageManager: Package com.android.tv.settings was user id 0 but is now user SharedUserSetting{c90d5cb android.uid.system/1000} with id 1000; I am not changing its files so it will probably fail!
10-15 10:18:50.947   601   601 E PackageManager: Package com.android.providers.media was user id 0 but is now user SharedUserSetting{b443343 android.media/10034} with id 10034; I am not changing its files so it will probably fail!
10-15 10:18:50.947   601   601 E PackageManager: Package com.android.providers.downloads was user id 0 but is now user SharedUserSetting{b443343 android.media/10034} with id 10034; I am not changing its files so it will probably fail!
10-15 10:18:50.947   601   601 E PackageManager: Package com.google.android.marvin.talkback was user id 0 but is now user SharedUserSetting{978a5ec com.google.android.marvin.feedback/10075} with id 10075; I am not changing its files so it will probably fail!
10-15 10:18:50.947   601   601 E PackageManager: Package android was user id 0 but is now user SharedUserSetting{c90d5cb android.uid.system/1000} with id 1000; I am not changing its files so it will probably fail!
10-15 10:18:50.947   601   601 E PackageManager: Package com.android.providers.settings was user id 0 but is now user SharedUserSetting{c90d5cb android.uid.system/1000} with id 1000; I am not changing its files so it will probably fail!
10-15 10:18:50.947   601   601 E PackageManager: Package com.android.se was user id 0 but is now user SharedUserSetting{9b02497 android.uid.se/1068} with id 1068; I am not changing its files so it will probably fail!
10-15 10:18:50.948   601   601 E PackageManager: Package com.android.inputdevices was user id 0 but is now user SharedUserSetting{c90d5cb android.uid.system/1000} with id 1000; I am not changing its files so it will probably fail!
10-15 10:18:50.948   601   601 E PackageManager: Package com.google.android.bluetooth.services was user id 0 but is now user SharedUserSetting{6e4c6f0 android.uid.bluetooth/1002} with id 1002; I am not changing its files so it will probably fail!
10-15 10:18:50.948   601   601 E PackageManager: Package com.google.android.networkstack was user id 0 but is now user SharedUserSetting{a1655bc android.uid.networkstack/1073} with id 1073; I am not changing its files so it will probably fail!
10-15 10:18:50.948   601   601 E PackageManager: Package com.android.keychain was user id 0 but is now user SharedUserSetting{c90d5cb android.uid.system/1000} with id 1000; I am not changing its files so it will probably fail!
10-15 10:18:50.948   601   601 E PackageManager: Package com.google.android.gms was user id 0 but is now user SharedUserSetting{d5515ab com.google.uid.shared/10064} with id 10064; I am not changing its files so it will probably fail!
10-15 10:18:50.948   601   601 E PackageManager: Package com.google.android.gsf was user id 0 but is now user SharedUserSetting{d5515ab com.google.uid.shared/10064} with id 10064; I am not changing its files so it will probably fail!
10-15 10:18:50.949   601   601 E PackageManager: Package com.android.localtransport was user id 0 but is now user SharedUserSetting{c90d5cb android.uid.system/1000} with id 1000; I am not changing its files so it will probably fail!
10-15 10:18:50.949   601   601 E PackageManager: Package com.android.soundpicker was user id 0 but is now user SharedUserSetting{b443343 android.media/10034} with id 10034; I am not changing its files so it will probably fail!
10-15 10:18:50.949   601   601 E PackageManager: Package com.android.emulator.multidisplay was user id 0 but is now user SharedUserSetting{c90d5cb android.uid.system/1000} with id 1000; I am not changing its files so it will probably fail!
10-15 10:18:50.949   601   601 E PackageManager: Package com.google.android.networkstack.permissionconfig was user id 0 but is now user SharedUserSetting{a1655bc android.uid.networkstack/1073} with id 1073; I am not changing its files so it will probably fail!
10-15 10:18:50.949   601   601 E PackageManager: Package com.android.shell was user id 0 but is now user SharedUserSetting{b558a4c android.uid.shell/2000} with id 2000; I am not changing its files so it will probably fail!
10-15 10:18:50.949   601   601 E PackageManager: Package com.android.wallpaperbackup was user id 0 but is now user SharedUserSetting{c90d5cb android.uid.system/1000} with id 1000; I am not changing its files so it will probably fail!
10-15 10:18:50.949   601   601 E PackageManager: Package com.android.providers.userdictionary was user id 0 but is now user SharedUserSetting{dbdeb11 android.uid.shared/10035} with id 10035; I am not changing its files so it will probably fail!
10-15 10:18:50.950   601   601 E PackageManager: Package com.android.location.fused was user id 0 but is now user SharedUserSetting{c90d5cb android.uid.system/1000} with id 1000; I am not changing its files so it will probably fail!
10-15 10:18:50.950   601   601 E PackageManager: Package com.android.systemui was user id 0 but is now user SharedUserSetting{eb96202 android.uid.systemui/10077} with id 10077; I am not changing its files so it will probably fail!
10-15 10:18:50.950   601   601 E PackageManager: Package com.android.providers.contacts was user id 0 but is now user SharedUserSetting{dbdeb11 android.uid.shared/10035} with id 10035; I am not changing its files so it will probably fail!
