10-15 10:18:51.640   601   601 D SystemServerTiming: OnBootPhase_550_com.android.server.LooperStatsService$Lifecycle
10-15 10:18:51.640   601   601 D SystemServerTiming: OnBootPhase_550_com.android.server.rollback.RollbackManagerService
10-15 10:18:51.640   601   601 D SystemServerTiming: OnBootPhase_550_com.android.server.os.NativeTombstoneManagerService
10-15 10:18:51.640   601   601 D SystemServerTiming: OnBootPhase_550_com.android.server.os.BugreportManagerService
10-15 10:18:51.640   601   601 D SystemServerTiming: OnBootPhase_550_com.android.server.gpu.GpuService
10-15 10:18:51.640   601   601 D SystemServerTiming: OnBootPhase_550_com.android.server.security.KeyChainSystemService
10-15 10:18:51.640   601   601 D SystemServerTiming: OnBootPhase_550_com.android.server.BinaryTransparencyService
10-15 10:18:51.640   601   601 D SystemServerTiming: OnBootPhase_550_com.android.server.telecom.TelecomLoaderService
10-15 10:18:51.640   601   601 W ActivityManager: Unable to start service Intent { act=com.android.ITelecomService cmp=com.android.server.telecom/.components.TelecomService } U=0: not found
10-15 10:18:51.640   601   601 D SystemServerTiming: OnBootPhase_550_com.android.server.accounts.AccountManagerService$Lifecycle
10-15 10:18:51.640   601   601 D SystemServerTiming: OnBootPhase_550_com.android.server.content.ContentService$Lifecycle
10-15 10:18:51.646   601   601 D SystemServerTiming: OnBootPhase_550_com.android.server.DropBoxManagerService
10-15 10:18:51.646   601   601 D SystemServerTiming: OnBootPhase_550_com.android.role.RoleService
10-15 10:18:51.646   601   601 D SystemServerTiming: OnBootPhase_550_com.android.server.vibrator.VibratorManagerService$Lifecycle
10-15 10:18:51.646   601   601 D SystemServerTiming: OnBootPhase_550_com.android.server.tare.InternalResourceService
10-15 10:18:51.646   601   601 D SystemServerTiming: OnBootPhase_550_com.android.server.alarm.AlarmManagerService
10-15 10:18:51.646   601   601 D SystemServerTiming: OnBootPhase_550_com.android.server.devicestate.DeviceStateManagerService
10-15 10:18:51.646   601   601 D SystemServerTiming: OnBootPhase_550_com.android.server.bluetooth.BluetoothService
10-15 10:18:51.646   601   601 D BluetoothManagerService: Bluetooth boot completed
10-15 10:18:51.646   601   601 D BluetoothManagerService: Auto-enabling Bluetooth.
10-15 10:18:51.646   601   693 D BluetoothManagerService: MESSAGE_ENABLE(0): mBluetooth = null
10-15 10:18:51.646   601   693 D BluetoothManagerService: Persisting Bluetooth Setting: 1
10-15 10:18:51.646   601   693 D BluetoothManagerService: binding Bluetooth service
10-15 10:18:51.646   601   601 D BluetoothA2dp: Binding service...
10-15 10:18:51.647   601   693 D CompatibilityChangeReporter: Compat change id reported: 135634846; UID 1002; state: DISABLED
10-15 10:18:51.648   601   601 D BluetoothLeAudio: Binding service...
10-15 10:18:51.648   384   384 I Zygote  : Entering forkRepeatedly native zygote loop
10-15 10:18:51.648   601   601 I BluetoothAirplaneModeListener: start
10-15 10:18:51.649   601   601 D SystemServerTiming: OnBootPhase_550_com.android.server.connectivity.IpConnectivityMetrics
10-15 10:18:51.649   601   601 D SystemServerTiming: OnBootPhase_550_com.android.server.net.watchlist.NetworkWatchlistService$Lifecycle
10-15 10:18:51.649   601   601 D SystemServerTiming: OnBootPhase_550_com.android.server.PinnerService
10-15 10:18:51.649   601   601 D SystemServerTiming: OnBootPhase_550_com.android.server.integrity.AppIntegrityManagerService
10-15 10:18:51.649   601   601 D SystemServerTiming: OnBootPhase_550_com.android.server.logcat.LogcatManagerService
10-15 10:18:51.649   601   601 D SystemServerTiming: OnBootPhase_550_com.android.server.inputmethod.InputMethodManagerService$Lifecycle
10-15 10:18:51.649   601   658 D SystemServerTimingAsync: InitThreadPoolExec:Lazily initialize IMMS#mImeDrawsImeNavBarRes
10-15 10:18:51.651   384   384 D Zygote  : Forked child process 788
10-15 10:18:51.651   601   630 I ActivityManager: Start proc 788:com.google.android.bluetooth.services/1002 for service {com.google.android.bluetooth.services/com.android.bluetooth.btservice.AdapterService}
10-15 10:18:51.654   788   788 W etooth.services: Unexpected CPU variant for x86: x86.
10-15 10:18:51.654   788   788 W etooth.services: Known variants: atom, sandybridge, silvermont, kabylake, default
10-15 10:18:51.656   788   788 E etooth.services: Not starting debugger since process cannot load the jdwp agent.
10-15 10:18:51.658   601   767 D CompatibilityChangeReporter: Compat change id reported: 168419799; UID 1002; state: DISABLED
10-15 10:18:51.664   788   788 D CompatibilityChangeReporter: Compat change id reported: 171979766; UID 1002; state: ENABLED
10-15 10:18:51.664   601   601 W InputMethodUtils: getApplicationInfo failed. packageName=com.google.android.apps.inputmethod.hindi userId=0
10-15 10:18:51.664   601   601 W InputMethodUtils: android.content.pm.PackageManager$NameNotFoundException: com.google.android.apps.inputmethod.hindi
10-15 10:18:51.664   601   601 W InputMethodUtils: 	at android.app.ApplicationPackageManager.getApplicationInfoAsUser(ApplicationPackageManager.java:504)
10-15 10:18:51.664   601   601 W InputMethodUtils: 	at android.app.ApplicationPackageManager.getApplicationInfo(ApplicationPackageManager.java:487)
10-15 10:18:51.664   601   601 W InputMethodUtils: 	at com.android.server.inputmethod.InputMethodUtils.setNonSelectedSystemImesDisabledUntilUsed(InputMethodUtils.java:706)
10-15 10:18:51.664   601   601 W InputMethodUtils: 	at com.android.server.inputmethod.InputMethodManagerService.systemRunning(InputMethodManagerService.java:1984)
10-15 10:18:51.664   601   601 W InputMethodUtils: 	at com.android.server.inputmethod.InputMethodManagerService$Lifecycle.onBootPhase(InputMethodManagerService.java:1637)
10-15 10:18:51.664   601   601 W InputMethodUtils: 	at com.android.server.SystemServiceManager.startBootPhase(SystemServiceManager.java:294)
10-15 10:18:51.664   601   601 W InputMethodUtils: 	at com.android.server.SystemServer.lambda$startOtherServices$5$com-android-server-SystemServer(SystemServer.java:2809)
10-15 10:18:51.664   601   601 W InputMethodUtils: 	at com.android.server.SystemServer$$ExternalSyntheticLambda7.run(Unknown Source:30)
10-15 10:18:51.664   601   601 W InputMethodUtils: 	at com.android.server.am.ActivityManagerService.systemReady(ActivityManagerService.java:8070)
10-15 10:18:51.664   601   601 W InputMethodUtils: 	at com.android.server.SystemServer.startOtherServices(SystemServer.java:2806)
10-15 10:18:51.664   601   601 W InputMethodUtils: 	at com.android.server.SystemServer.run(SystemServer.java:941)
10-15 10:18:51.664   601   601 W InputMethodUtils: 	at com.android.server.SystemServer.main(SystemServer.java:651)
10-15 10:18:51.664   601   601 W InputMethodUtils: 	at java.lang.reflect.Method.invoke(Native Method)
10-15 10:18:51.664   601   601 W InputMethodUtils: 	at com.android.internal.os.RuntimeInit$MethodAndArgsCaller.run(RuntimeInit.java:548)
10-15 10:18:51.664   601   601 W InputMethodUtils: 	at com.android.internal.os.ZygoteInit.main(ZygoteInit.java:914)
10-15 10:18:51.665   601   601 W InputMethodUtils: getApplicationInfo failed. packageName=com.google.android.apps.inputmethod.zhuyin userId=0
10-15 10:18:51.665   601   601 W InputMethodUtils: android.content.pm.PackageManager$NameNotFoundException: com.google.android.apps.inputmethod.zhuyin
10-15 10:18:51.665   601   601 W InputMethodUtils: 	at android.app.ApplicationPackageManager.getApplicationInfoAsUser(ApplicationPackageManager.java:504)
10-15 10:18:51.665   601   601 W InputMethodUtils: 	at android.app.ApplicationPackageManager.getApplicationInfo(ApplicationPackageManager.java:487)
10-15 10:18:51.665   601   601 W InputMethodUtils: 	at com.android.server.inputmethod.InputMethodUtils.setNonSelectedSystemImesDisabledUntilUsed(InputMethodUtils.java:706)
10-15 10:18:51.665   601   601 W InputMethodUtils: 	at com.android.server.inputmethod.InputMethodManagerService.systemRunning(InputMethodManagerService.java:1984)
10-15 10:18:51.665   601   601 W InputMethodUtils: 	at com.android.server.inputmethod.InputMethodManagerService$Lifecycle.onBootPhase(InputMethodManagerService.java:1637)
10-15 10:18:51.665   601   601 W InputMethodUtils: 	at com.android.server.SystemServiceManager.startBootPhase(SystemServiceManager.java:294)
10-15 10:18:51.665   601   601 W InputMethodUtils: 	at com.android.server.SystemServer.lambda$startOtherServices$5$com-android-server-SystemServer(SystemServer.java:2809)
10-15 10:18:51.665   601   601 W InputMethodUtils: 	at com.android.server.SystemServer$$ExternalSyntheticLambda7.run(Unknown Source:30)
10-15 10:18:51.665   601   601 W InputMethodUtils: 	at com.android.server.am.ActivityManagerService.systemReady(ActivityManagerService.java:8070)
10-15 10:18:51.665   601   601 W InputMethodUtils: 	at com.android.server.SystemServer.startOtherServices(SystemServer.java:2806)
10-15 10:18:51.665   601   601 W InputMethodUtils: 	at com.android.server.SystemServer.run(SystemServer.java:941)
10-15 10:18:51.665   601   601 W InputMethodUtils: 	at com.android.server.SystemServer.main(SystemServer.java:651)
10-15 10:18:51.665   601   601 W InputMethodUtils: 	at java.lang.reflect.Method.invoke(Native Method)
10-15 10:18:51.665   601   601 W InputMethodUtils: 	at com.android.internal.os.RuntimeInit$MethodAndArgsCaller.run(RuntimeInit.java:548)
10-15 10:18:51.665   601   601 W InputMethodUtils: 	at com.android.internal.os.ZygoteInit.main(ZygoteInit.java:914)
10-15 10:18:51.665   601   601 W InputMethodUtils: getApplicationInfo failed. packageName=com.google.android.inputmethod.japanese userId=0
10-15 10:18:51.665   601   601 W InputMethodUtils: android.content.pm.PackageManager$NameNotFoundException: com.google.android.inputmethod.japanese
10-15 10:18:51.665   601   601 W InputMethodUtils: 	at android.app.ApplicationPackageManager.getApplicationInfoAsUser(ApplicationPackageManager.java:504)
10-15 10:18:51.665   601   601 W InputMethodUtils: 	at android.app.ApplicationPackageManager.getApplicationInfo(ApplicationPackageManager.java:487)
10-15 10:18:51.665   601   601 W InputMethodUtils: 	at com.android.server.inputmethod.InputMethodUtils.setNonSelectedSystemImesDisabledUntilUsed(InputMethodUtils.java:706)
10-15 10:18:51.665   601   601 W InputMethodUtils: 	at com.android.server.inputmethod.InputMethodManagerService.systemRunning(InputMethodManagerService.java:1984)
10-15 10:18:51.665   601   601 W InputMethodUtils: 	at com.android.server.inputmethod.InputMethodManagerService$Lifecycle.onBootPhase(InputMethodManagerService.java:1637)
10-15 10:18:51.665   601   601 W InputMethodUtils: 	at com.android.server.SystemServiceManager.startBootPhase(SystemServiceManager.java:294)
10-15 10:18:51.665   601   601 W InputMethodUtils: 	at com.android.server.SystemServer.lambda$startOtherServices$5$com-android-server-SystemServer(SystemServer.java:2809)
10-15 10:18:51.665   601   601 W InputMethodUtils: 	at com.android.server.SystemServer$$ExternalSyntheticLambda7.run(Unknown Source:30)
10-15 10:18:51.665   601   601 W InputMethodUtils: 	at com.android.server.am.ActivityManagerService.systemReady(ActivityManagerService.java:8070)
10-15 10:18:51.665   601   601 W InputMethodUtils: 	at com.android.server.SystemServer.startOtherServices(SystemServer.java:2806)
10-15 10:18:51.665   601   601 W InputMethodUtils: 	at com.android.server.SystemServer.run(SystemServer.java:941)
10-15 10:18:51.665   601   601 W InputMethodUtils: 	at com.android.server.SystemServer.main(SystemServer.java:651)
10-15 10:18:51.665   601   601 W InputMethodUtils: 	at java.lang.reflect.Method.invoke(Native Method)
10-15 10:18:51.665   601   601 W InputMethodUtils: 	at com.android.internal.os.RuntimeInit$MethodAndArgsCaller.run(RuntimeInit.java:548)
10-15 10:18:51.665   601   601 W InputMethodUtils: 	at com.android.internal.os.ZygoteInit.main(ZygoteInit.java:914)
10-15 10:18:51.665   601   601 W InputMethodUtils: getApplicationInfo failed. packageName=com.google.android.inputmethod.korean userId=0
10-15 10:18:51.665   601   601 W InputMethodUtils: android.content.pm.PackageManager$NameNotFoundException: com.google.android.inputmethod.korean
10-15 10:18:51.665   601   601 W InputMethodUtils: 	at android.app.ApplicationPackageManager.getApplicationInfoAsUser(ApplicationPackageManager.java:504)
10-15 10:18:51.665   601   601 W InputMethodUtils: 	at android.app.ApplicationPackageManager.getApplicationInfo(ApplicationPackageManager.java:487)
10-15 10:18:51.665   601   601 W InputMethodUtils: 	at com.android.server.inputmethod.InputMethodUtils.setNonSelectedSystemImesDisabledUntilUsed(InputMethodUtils.java:706)
10-15 10:18:51.665   601   601 W InputMethodUtils: 	at com.android.server.inputmethod.InputMethodManagerService.systemRunning(InputMethodManagerService.java:1984)
10-15 10:18:51.665   601   601 W InputMethodUtils: 	at com.android.server.inputmethod.InputMethodManagerService$Lifecycle.onBootPhase(InputMethodManagerService.java:1637)
10-15 10:18:51.665   601   601 W InputMethodUtils: 	at com.android.server.SystemServiceManager.startBootPhase(SystemServiceManager.java:294)
10-15 10:18:51.665   601   601 W InputMethodUtils: 	at com.android.server.SystemServer.lambda$startOtherServices$5$com-android-server-SystemServer(SystemServer.java:2809)
10-15 10:18:51.665   601   601 W InputMethodUtils: 	at com.android.server.SystemServer$$ExternalSyntheticLambda7.run(Unknown Source:30)
10-15 10:18:51.665   601   601 W InputMethodUtils: 	at com.android.server.am.ActivityManagerService.systemReady(ActivityManagerService.java:8070)
10-15 10:18:51.665   601   601 W InputMethodUtils: 	at com.android.server.SystemServer.startOtherServices(SystemServer.java:2806)
10-15 10:18:51.665   601   601 W InputMethodUtils: 	at com.android.server.SystemServer.run(SystemServer.java:941)
10-15 10:18:51.665   601   601 W InputMethodUtils: 	at com.android.server.SystemServer.main(SystemServer.java:651)
10-15 10:18:51.665   601   601 W InputMethodUtils: 	at java.lang.reflect.Method.invoke(Native Method)
10-15 10:18:51.665   601   601 W InputMethodUtils: 	at com.android.internal.os.RuntimeInit$MethodAndArgsCaller.run(RuntimeInit.java:548)
10-15 10:18:51.665   601   601 W InputMethodUtils: 	at com.android.internal.os.ZygoteInit.main(ZygoteInit.java:914)
10-15 10:18:51.665   601   601 W InputMethodUtils: getApplicationInfo failed. packageName=com.google.android.inputmethod.pinyin userId=0
10-15 10:18:51.665   601   601 W InputMethodUtils: android.content.pm.PackageManager$NameNotFoundException: com.google.android.inputmethod.pinyin
10-15 10:18:51.665   601   601 W InputMethodUtils: 	at android.app.ApplicationPackageManager.getApplicationInfoAsUser(ApplicationPackageManager.java:504)
10-15 10:18:51.665   601   601 W InputMethodUtils: 	at android.app.ApplicationPackageManager.getApplicationInfo(ApplicationPackageManager.java:487)
10-15 10:18:51.665   601   601 W InputMethodUtils: 	at com.android.server.inputmethod.InputMethodUtils.setNonSelectedSystemImesDisabledUntilUsed(InputMethodUtils.java:706)
10-15 10:18:51.665   601   601 W InputMethodUtils: 	at com.android.server.inputmethod.InputMethodManagerService.systemRunning(InputMethodManagerService.java:1984)
10-15 10:18:51.665   601   601 W InputMethodUtils: 	at com.android.server.inputmethod.InputMethodManagerService$Lifecycle.onBootPhase(InputMethodManagerService.java:1637)
10-15 10:18:51.665   601   601 W InputMethodUtils: 	at com.android.server.SystemServiceManager.startBootPhase(SystemServiceManager.java:294)
10-15 10:18:51.665   601   601 W InputMethodUtils: 	at com.android.server.SystemServer.lambda$startOtherServices$5$com-android-server-SystemServer(SystemServer.java:2809)
10-15 10:18:51.665   601   601 W InputMethodUtils: 	at com.android.server.SystemServer$$ExternalSyntheticLambda7.run(Unknown Source:30)
10-15 10:18:51.665   601   601 W InputMethodUtils: 	at com.android.server.am.ActivityManagerService.systemReady(ActivityManagerService.java:8070)
10-15 10:18:51.665   601   601 W InputMethodUtils: 	at com.android.server.SystemServer.startOtherServices(SystemServer.java:2806)
10-15 10:18:51.665   601   601 W InputMethodUtils: 	at com.android.server.SystemServer.run(SystemServer.java:941)
10-15 10:18:51.665   601   601 W InputMethodUtils: 	at com.android.server.SystemServer.main(SystemServer.java:651)
10-15 10:18:51.665   601   601 W InputMethodUtils: 	at java.lang.reflect.Method.invoke(Native Method)
10-15 10:18:51.665   601   601 W InputMethodUtils: 	at com.android.internal.os.RuntimeInit$MethodAndArgsCaller.run(RuntimeInit.java:548)
10-15 10:18:51.665   601   601 W InputMethodUtils: 	at com.android.internal.os.ZygoteInit.main(ZygoteInit.java:914)
10-15 10:18:51.665   601   601 D SystemServerTiming: OnBootPhase_550_com.android.server.accessibility.AccessibilityManagerService$Lifecycle
10-15 10:18:51.665   601   601 D SystemServerTiming: OnBootPhase_550_com.android.server.StorageManagerService$Lifecycle
10-15 10:18:51.665   601   601 D SystemServerTiming: OnBootPhase_550_com.android.server.usage.StorageStatsService$Lifecycle
10-15 10:18:51.665   601   601 D SystemServerTiming: OnBootPhase_550_com.android.server.UiModeManagerService
10-15 10:18:51.665   601   601 D SystemServerTiming: OnBootPhase_550_com.android.server.locales.LocaleManagerService
10-15 10:18:51.665   601   601 D SystemServerTiming: OnBootPhase_550_com.android.server.locksettings.LockSettingsService$Lifecycle
10-15 10:18:51.666   601   601 I RebootEscrowManager: No reboot escrow data found for users, skipping loading escrow data
10-15 10:18:51.667   601   601 D SystemServerTiming: OnBootPhase_550_com.android.server.testharness.TestHarnessModeService
10-15 10:18:51.667   601   601 D SystemServerTiming: OnBootPhase_550_com.android.server.DeviceIdleController
10-15 10:18:51.667   601   601 D SystemServerTiming: OnBootPhase_550_com.android.server.devicepolicy.DevicePolicyManagerService$Lifecycle
10-15 10:18:51.667   601   601 D SystemServerTiming: OnBootPhase_550_com.android.server.texttospeech.TextToSpeechManagerService
10-15 10:18:51.667   601   601 D SystemServerTiming: OnBootPhase_550_com.android.server.ambientcontext.AmbientContextManagerService
10-15 10:18:51.667   601   601 D SystemServerTiming: OnBootPhase_550_com.android.server.speech.SpeechRecognitionManagerService
10-15 10:18:51.667   601   601 D SystemServerTiming: OnBootPhase_550_com.android.server.searchui.SearchUiManagerService
10-15 10:18:51.667   601   601 D SystemServerTiming: OnBootPhase_550_com.android.server.smartspace.SmartspaceManagerService
10-15 10:18:51.667   601   601 D SystemServerTiming: OnBootPhase_550_com.android.server.cloudsearch.CloudSearchManagerService
10-15 10:18:51.667   601   601 D SystemServerTiming: OnBootPhase_550_com.android.server.graphics.fonts.FontManagerService$Lifecycle
10-15 10:18:51.667   601   601 D SystemServerTiming: OnBootPhase_550_com.android.server.textservices.TextServicesManagerService$Lifecycle
10-15 10:18:51.667   601   601 D SystemServerTiming: OnBootPhase_550_com.android.server.textclassifier.TextClassificationManagerService$Lifecycle
10-15 10:18:51.667   601   601 D SystemServerTiming: OnBootPhase_550_com.android.server.NetworkScoreService$Lifecycle
10-15 10:18:51.667   601   601 D SystemServerTiming: OnBootPhase_550_com.android.server.NetworkStatsServiceInitializer
10-15 10:18:51.668   601   601 W BestClock: java.time.DateTimeException: Missing NTP fix
10-15 10:18:51.679   601   601 I TetheringManager: registerTetheringEventCallback caller:android
10-15 10:18:51.680   601   601 D SystemServerTiming: OnBootPhase_550_com.android.server.wifi.WifiService
10-15 10:18:51.680   601   601 D SystemServerTiming: OnBootPhase_550_com.android.server.wifi.scanner.WifiScanningService
10-15 10:18:51.680   601   601 D SystemServerTiming: OnBootPhase_550_com.android.server.wifi.p2p.WifiP2pService
10-15 10:18:51.680   601   601 D SystemServerTiming: OnBootPhase_550_com.android.server.ConnectivityServiceInitializer
10-15 10:18:51.680   601   601 D SystemServerTiming: OnBootPhase_550_com.android.server.notification.NotificationManagerService
10-15 10:18:51.680   601   601 D SystemServerTiming: OnBootPhase_550_com.android.server.storage.DeviceStorageMonitorService
10-15 10:18:51.680   601   601 D SystemServerTiming: OnBootPhase_550_com.android.server.location.LocationManagerService$Lifecycle
10-15 10:18:51.680   601   601 D SystemServerTiming: OnBootPhase_550_com.android.server.timedetector.TimeDetectorService$Lifecycle
10-15 10:18:51.680   601   601 D SystemServerTiming: OnBootPhase_550_com.android.server.timezonedetector.TimeZoneDetectorService$Lifecycle
10-15 10:18:51.680   601   601 D SystemServerTiming: OnBootPhase_550_com.android.server.timezonedetector.location.LocationTimeZoneManagerService$Lifecycle
10-15 10:18:51.680   601   601 D SystemServerTiming: OnBootPhase_550_com.android.server.search.SearchManagerService$Lifecycle
10-15 10:18:51.680   601   601 D SystemServerTiming: OnBootPhase_550_com.android.server.wallpaper.WallpaperManagerService$Lifecycle
10-15 10:18:51.681   601   601 V WallpaperManagerService: bindWallpaperComponentLocked: componentName=ComponentInfo{com.android.systemui/com.android.systemui.ImageWallpaper}
10-15 10:18:51.681   601   601 D CompatibilityChangeReporter: Compat change id reported: 135634846; UID 10077; state: DISABLED
10-15 10:18:51.681   601   601 D CompatibilityChangeReporter: Compat change id reported: 177438394; UID 10077; state: DISABLED
10-15 10:18:51.681   601   601 D CompatibilityChangeReporter: Compat change id reported: 135772972; UID 10077; state: DISABLED
10-15 10:18:51.681   601   601 D CompatibilityChangeReporter: Compat change id reported: 135754954; UID 10077; state: ENABLED
10-15 10:18:51.682   601   630 D CompatibilityChangeReporter: Compat change id reported: 143937733; UID 10077; state: ENABLED
10-15 10:18:51.682   601   601 D SystemServerTiming: OnBootPhase_550_com.android.server.wallpapereffectsgeneration.WallpaperEffectsGenerationManagerService
10-15 10:18:51.682   601   601 D SystemServerTiming: OnBootPhase_550_com.android.server.audio.AudioService$Lifecycle
10-15 10:18:51.682   601   601 D SystemServerTiming: OnBootPhase_550_com.android.server.soundtrigger_middleware.SoundTriggerMiddlewareService$Lifecycle
10-15 10:18:51.682   601   601 D SystemServerTiming: OnBootPhase_550_com.android.server.DockObserver
10-15 10:18:51.682   601   601 D SystemServerTiming: OnBootPhase_550_com.android.server.midi.MidiService$Lifecycle
10-15 10:18:51.682   601   601 D SystemServerTiming: OnBootPhase_550_com.android.server.adb.AdbService$Lifecycle
10-15 10:18:51.682   601   601 D SystemServerTiming: OnBootPhase_550_com.android.server.usb.UsbService$Lifecycle
10-15 10:18:51.682   601   601 D SystemServerTiming: OnBootPhase_550_com.android.server.twilight.TwilightService
10-15 10:18:51.682   601   601 D SystemServerTiming: OnBootPhase_550_com.android.server.display.color.ColorDisplayService
10-15 10:18:51.682   601   679 D SystemServerTimingAsync: InitThreadPoolExec:UsbService$Lifecycle#onBootPhase
10-15 10:18:51.683   601   601 D SystemServerTiming: OnBootPhase_550_com.android.server.job.JobSchedulerService
10-15 10:18:51.683   601   601 D SystemServerTiming: OnBootPhase_550_com.android.server.soundtrigger.SoundTriggerService
10-15 10:18:51.683   601   601 D SoundTriggerService: onBootPhase: 550 : false
10-15 10:18:51.683   601   601 D SystemServerTiming: OnBootPhase_550_com.android.server.trust.TrustManagerService
10-15 10:18:51.683   601   601 D SystemServerTiming: OnBootPhase_550_com.android.server.backup.BackupManagerService$Lifecycle
10-15 10:18:51.683   601   601 D SystemServerTiming: OnBootPhase_550_com.android.server.appwidget.AppWidgetService
10-15 10:18:51.683   601   601 D SystemServerTiming: OnBootPhase_550_com.android.server.voiceinteraction.VoiceInteractionManagerService
10-15 10:18:51.683   601   601 D SystemServerTiming: OnBootPhase_550_com.android.server.apphibernation.AppHibernationService
10-15 10:18:51.683   601   601 D SystemServerTiming: OnBootPhase_550_com.android.server.GestureLauncherService
10-15 10:18:51.683   601   601 D SystemServerTiming: OnBootPhase_550_com.android.server.SensorNotificationService
10-15 10:18:51.683   601   601 D SystemServerTiming: OnBootPhase_550_com.android.server.emergency.EmergencyAffordanceService
10-15 10:18:51.683   601   601 D SystemServerTiming: OnBootPhase_550_com.android.server.blob.BlobStoreManagerService
10-15 10:18:51.683   601   737 D BluetoothManagerService: Trying to bind to profile: 1, while Bluetooth was disabled
10-15 10:18:51.683   601   601 D SystemServerTiming: OnBootPhase_550_com.android.server.dreams.DreamManagerService
10-15 10:18:51.683   601   737 D BluetoothA2dp: Binding service...
10-15 10:18:51.683   601   601 D SystemServerTiming: OnBootPhase_550_com.android.server.print.PrintManagerService
10-15 10:18:51.683   601   601 D SystemServerTiming: OnBootPhase_550_com.android.server.security.AttestationVerificationManagerService
10-15 10:18:51.683   601   601 D SystemServerTiming: OnBootPhase_550_com.android.server.companion.CompanionDeviceManagerService
10-15 10:18:51.683   601   601 D SystemServerTiming: OnBootPhase_550_com.android.server.companion.virtual.VirtualDeviceManagerService
10-15 10:18:51.683   601   601 D SystemServerTiming: OnBootPhase_550_com.android.server.restrictions.RestrictionsManagerService
10-15 10:18:51.683   601   601 D SystemServerTiming: OnBootPhase_550_com.android.server.media.MediaSessionService
10-15 10:18:51.683   601   601 D SystemServerTiming: OnBootPhase_550_com.android.server.tv.interactive.TvInteractiveAppManagerService
10-15 10:18:51.684   601   737 D BluetoothLeAudio: Binding service...
10-15 10:18:51.684   601   601 D SystemServerTiming: OnBootPhase_550_com.android.server.tv.TvInputManagerService
10-15 10:18:51.684   601   601 D SystemServerTiming: OnBootPhase_550_com.android.server.tv.TvRemoteService
10-15 10:18:51.684   601   601 D SystemServerTiming: OnBootPhase_550_com.android.server.biometrics.sensors.fingerprint.FingerprintService
10-15 10:18:51.684   601   601 D SystemServerTiming: OnBootPhase_550_com.android.server.biometrics.BiometricService
10-15 10:18:51.684   601   601 D SystemServerTiming: OnBootPhase_550_com.android.server.biometrics.AuthService
10-15 10:18:51.684   601   601 D SystemServerTiming: OnBootPhase_550_com.android.server.pm.ShortcutService$Lifecycle
10-15 10:18:51.684   601   601 D SystemServerTiming: OnBootPhase_550_com.android.server.pm.LauncherAppsService
10-15 10:18:51.684   601   601 D SystemServerTiming: OnBootPhase_550_com.android.server.pm.CrossProfileAppsService
10-15 10:18:51.684   601   601 D SystemServerTiming: OnBootPhase_550_com.android.server.people.PeopleService
10-15 10:18:51.684   601   601 D SystemServerTiming: OnBootPhase_550_com.android.server.media.metrics.MediaMetricsManagerService
10-15 10:18:51.684   601   601 D SystemServerTiming: OnBootPhase_550_com.android.server.media.projection.MediaProjectionManagerService
10-15 10:18:51.684   601   601 D SystemServerTiming: OnBootPhase_550_com.android.server.slice.SliceManagerService$Lifecycle
10-15 10:18:51.684   601   601 D SystemServerTiming: OnBootPhase_550_com.android.server.stats.StatsCompanion$Lifecycle
10-15 10:18:51.684   601   601 D SystemServerTiming: OnBootPhase_550_com.android.server.scheduling.RebootReadinessManagerService$Lifecycle
10-15 10:18:51.684   601   601 D SystemServerTiming: OnBootPhase_550_com.android.server.stats.pull.StatsPullAtomService
10-15 10:18:51.684   601   601 D SystemServerTiming: OnBootPhase_550_com.android.server.stats.bootstrap.StatsBootstrapAtomService$Lifecycle
10-15 10:18:51.684   601   601 D SystemServerTiming: OnBootPhase_550_com.android.server.incident.IncidentCompanionService
10-15 10:18:51.684   601   738 I AS.AudioDeviceInventory: removePreferredDevicesForStrategySync, strategy: 15
10-15 10:18:51.684   601   601 D SystemServerTiming: OnBootPhase_550_com.android.server.sdksandbox.SdkSandboxManagerService$Lifecycle
10-15 10:18:51.684   601   601 D SystemServerTiming: OnBootPhase_550_com.android.server.adservices.AdServicesManagerService$Lifecycle
10-15 10:18:51.684   601   601 D SystemServerTiming: OnBootPhase_550_com.android.server.autofill.AutofillManagerService
10-15 10:18:51.684   601   601 D SystemServerTiming: OnBootPhase_550_com.android.server.selectiontoolbar.SelectionToolbarManagerService
10-15 10:18:51.684   601   601 D SystemServerTiming: OnBootPhase_550_com.android.server.clipboard.ClipboardService
10-15 10:18:51.684   601   601 D SystemServerTiming: OnBootPhase_550_com.android.server.appbinding.AppBindingService$Lifecycle
10-15 10:18:51.685   384   384 D Zygote  : Forked child process 804
10-15 10:18:51.685   601   630 I ActivityManager: Start proc 804:com.android.systemui/u0a77 for service {com.android.systemui/com.android.systemui.ImageWallpaper}
10-15 10:18:51.686   408   408 E android.hardware.usb@1.0-service: Failed to open /sys/class/dual_role_usb
10-15 10:18:51.686   601   749 E UsbPortManager: port status enquiry failed
10-15 10:18:51.687   424   424 I AudioFlinger: systemReady
10-15 10:18:51.687   601   601 I AppBindingService: Updating constants with: null
10-15 10:18:51.688   601   601 D SystemServerTiming: OnBootPhase_550_com.android.server.tracing.TracingServiceProxy
10-15 10:18:51.688   601   601 D SystemServerTiming: OnBootPhase_550_com.android.server.policy.PermissionPolicyService
10-15 10:18:51.688   601   601 D SystemServerTiming: Permission_grant_default_permissions-0
10-15 10:18:51.688   601   601 D SystemServerTiming: Permission_synchronize_permissions-0
10-15 10:18:51.689   804   804 W ndroid.systemui: Unexpected CPU variant for x86: x86.
10-15 10:18:51.689   804   804 W ndroid.systemui: Known variants: atom, sandybridge, silvermont, kabylake, default
10-15 10:18:51.690   601   601 D SystemServerTiming: Permission_synchronize_addPackages-0
10-15 10:18:51.691   804   804 E ndroid.systemui: Not starting debugger since process cannot load the jdwp agent.
10-15 10:18:51.697   601   767 D CompatibilityChangeReporter: Compat change id reported: 168419799; UID 10077; state: DISABLED
10-15 10:18:51.698   482   524 D MediaCodecList: Allowing all OMX codecs
10-15 10:18:51.700   601   601 D SystemServerTiming: Permission_syncPackages-0
10-15 10:18:51.701   482   524 I OMXClient: IOmx service obtained
10-15 10:18:51.701   804   804 D CompatibilityChangeReporter: Compat change id reported: 171979766; UID 10077; state: ENABLED
10-15 10:18:51.702   486   486 I OMXStore: makeComponentInstance(OMX.google.aac.decoder) in android.hardwar process
10-15 10:18:51.703   788   788 V GraphicsEnvironment: ANGLE Developer option for 'com.google.android.bluetooth.services' set to: 'default'
10-15 10:18:51.703   788   788 V GraphicsEnvironment: ANGLE GameManagerService for com.google.android.bluetooth.services: false
10-15 10:18:51.703   788   788 V GraphicsEnvironment: Neither updatable production driver nor prerelease driver is supported.
10-15 10:18:51.704   788   788 D NetworkSecurityConfig: No Network Security Config specified, using platform default
10-15 10:18:51.704   788   788 D NetworkSecurityConfig: No Network Security Config specified, using platform default
10-15 10:18:51.705   601   601 D SystemServerTiming: Permission_onInitialized-0
10-15 10:18:51.705   601   601 I PackageManager: Permission ownership changed. Updating all permissions.
10-15 10:18:51.706   482   524 I OMXClient: IOmx service obtained
10-15 10:18:51.706   486   486 I OMXStore: makeComponentInstance(OMX.google.amrnb.decoder) in android.hardwar process
10-15 10:18:51.707   482   524 I OMXClient: IOmx service obtained
10-15 10:18:51.707   486   486 I OMXStore: makeComponentInstance(OMX.google.amrwb.decoder) in android.hardwar process
10-15 10:18:51.709   482   524 I OMXClient: IOmx service obtained
10-15 10:18:51.709   486   486 I OMXStore: makeComponentInstance(OMX.google.flac.decoder) in android.hardwar process
10-15 10:18:51.711   482   524 I OMXClient: IOmx service obtained
10-15 10:18:51.711   486   486 I OMXStore: makeComponentInstance(OMX.google.g711.alaw.decoder) in android.hardwar process
10-15 10:18:51.712   482   524 I OMXClient: IOmx service obtained
10-15 10:18:51.712   486   512 I OMXStore: makeComponentInstance(OMX.google.g711.mlaw.decoder) in android.hardwar process
10-15 10:18:51.713   482   524 I OMXClient: IOmx service obtained
10-15 10:18:51.713   486   841 I OMXStore: makeComponentInstance(OMX.google.gsm.decoder) in android.hardwar process
10-15 10:18:51.715   482   524 I OMXClient: IOmx service obtained
10-15 10:18:51.715   486   841 I OMXStore: makeComponentInstance(OMX.google.mp3.decoder) in android.hardwar process
10-15 10:18:51.716   482   524 I OMXClient: IOmx service obtained
10-15 10:18:51.716   486   511 I OMXStore: makeComponentInstance(OMX.google.opus.decoder) in android.hardwar process
10-15 10:18:51.718   482   524 I OMXClient: IOmx service obtained
10-15 10:18:51.718   486   841 I OMXStore: makeComponentInstance(OMX.google.raw.decoder) in android.hardwar process
10-15 10:18:51.719   482   524 I OMXClient: IOmx service obtained
10-15 10:18:51.719   486   841 I OMXStore: makeComponentInstance(OMX.google.vorbis.decoder) in android.hardwar process
10-15 10:18:51.720   482   524 I OMXClient: IOmx service obtained
10-15 10:18:51.720   486   841 I OMXStore: makeComponentInstance(OMX.google.aac.encoder) in android.hardwar process
10-15 10:18:51.721   601   601 W PackageManager: Package com.google.android.bluetooth.services is an APK in APEX, but has permission allowlist on the system image. Please bundle the allowlist in the com.google.android.bluetooth APEX instead.
10-15 10:18:51.722   601   601 W PackageManager: Package com.google.android.bluetooth.services is an APK in APEX, but has permission allowlist on the system image. Please bundle the allowlist in the com.google.android.bluetooth APEX instead.
10-15 10:18:51.722   601   601 W PackageManager: Package com.google.android.bluetooth.services is an APK in APEX, but has permission allowlist on the system image. Please bundle the allowlist in the com.google.android.bluetooth APEX instead.
10-15 10:18:51.722   601   601 W PackageManager: Package com.google.android.bluetooth.services is an APK in APEX, but has permission allowlist on the system image. Please bundle the allowlist in the com.google.android.bluetooth APEX instead.
10-15 10:18:51.723   601   601 W PackageManager: Package com.google.android.bluetooth.services is an APK in APEX, but has permission allowlist on the system image. Please bundle the allowlist in the com.google.android.bluetooth APEX instead.
10-15 10:18:51.723   601   601 W PackageManager: Package com.google.android.bluetooth.services is an APK in APEX, but has permission allowlist on the system image. Please bundle the allowlist in the com.google.android.bluetooth APEX instead.
10-15 10:18:51.723   601   601 W PackageManager: Package com.google.android.bluetooth.services is an APK in APEX, but has permission allowlist on the system image. Please bundle the allowlist in the com.google.android.bluetooth APEX instead.
10-15 10:18:51.723   601   601 W PackageManager: Package com.google.android.bluetooth.services is an APK in APEX, but has permission allowlist on the system image. Please bundle the allowlist in the com.google.android.bluetooth APEX instead.
10-15 10:18:51.723   601   601 W PackageManager: Package com.google.android.bluetooth.services is an APK in APEX, but has permission allowlist on the system image. Please bundle the allowlist in the com.google.android.bluetooth APEX instead.
10-15 10:18:51.723   601   601 W PackageManager: Package com.google.android.bluetooth.services is an APK in APEX, but has permission allowlist on the system image. Please bundle the allowlist in the com.google.android.bluetooth APEX instead.
10-15 10:18:51.723   601   601 W PackageManager: Package com.google.android.bluetooth.services is an APK in APEX, but has permission allowlist on the system image. Please bundle the allowlist in the com.google.android.bluetooth APEX instead.
10-15 10:18:51.724   601   601 W PackageManager: Package com.google.android.bluetooth.services is an APK in APEX, but has permission allowlist on the system image. Please bundle the allowlist in the com.google.android.bluetooth APEX instead.
10-15 10:18:51.724   601   601 W PackageManager: Package com.google.android.bluetooth.services is an APK in APEX, but has permission allowlist on the system image. Please bundle the allowlist in the com.google.android.bluetooth APEX instead.
10-15 10:18:51.724   601   601 W PackageManager: Package com.google.android.bluetooth.services is an APK in APEX, but has permission allowlist on the system image. Please bundle the allowlist in the com.google.android.bluetooth APEX instead.
10-15 10:18:51.724   601   601 W PackageManager: Package com.google.android.bluetooth.services is an APK in APEX, but has permission allowlist on the system image. Please bundle the allowlist in the com.google.android.bluetooth APEX instead.
10-15 10:18:51.724   482   524 I OMXClient: IOmx service obtained
10-15 10:18:51.724   486   841 I OMXStore: makeComponentInstance(OMX.google.amrnb.encoder) in android.hardwar process
10-15 10:18:51.724   601   601 W PackageManager: Package com.google.android.bluetooth.services is an APK in APEX, but has permission allowlist on the system image. Please bundle the allowlist in the com.google.android.bluetooth APEX instead.
10-15 10:18:51.724   601   601 W PackageManager: Package com.google.android.bluetooth.services is an APK in APEX, but has permission allowlist on the system image. Please bundle the allowlist in the com.google.android.bluetooth APEX instead.
10-15 10:18:51.724   601   601 W PackageManager: Package com.google.android.bluetooth.services is an APK in APEX, but has permission allowlist on the system image. Please bundle the allowlist in the com.google.android.bluetooth APEX instead.
10-15 10:18:51.724   601   601 W PackageManager: Package com.google.android.bluetooth.services is an APK in APEX, but has permission allowlist on the system image. Please bundle the allowlist in the com.google.android.bluetooth APEX instead.
10-15 10:18:51.724   601   601 W PackageManager: Package com.google.android.bluetooth.services is an APK in APEX, but has permission allowlist on the system image. Please bundle the allowlist in the com.google.android.bluetooth APEX instead.
10-15 10:18:51.725   482   524 I OMXClient: IOmx service obtained
10-15 10:18:51.725   486   511 I OMXStore: makeComponentInstance(OMX.google.amrwb.encoder) in android.hardwar process
10-15 10:18:51.727   482   524 I OMXClient: IOmx service obtained
10-15 10:18:51.727   486   511 I OMXStore: makeComponentInstance(OMX.google.flac.encoder) in android.hardwar process
10-15 10:18:51.728   482   524 I OMXClient: IOmx service obtained
10-15 10:18:51.728   486   841 I OMXStore: makeComponentInstance(OMX.google.h264.decoder) in android.hardwar process
10-15 10:18:51.730   486   841 E OMXNodeInstance: getExtensionIndex(0xe61c0780:google.h264.decoder, OMX.google.android.index.configureVideoTunnelMode) ERROR: UnsupportedIndex(0x8000101a)
10-15 10:18:51.730   482   524 D MediaCodecInfo: detail feature-tunneled-playback wasn't present to remove
10-15 10:18:51.730   486   841 E OMXNodeInstance: getExtensionIndex(0xe61c0780:google.h264.decoder, OMX.google.android.index.enableAndroidNativeBuffers) ERROR: UnsupportedIndex(0x8000101a)
10-15 10:18:51.730   482   524 I OMXClient: IOmx service obtained
10-15 10:18:51.730   486   511 I OMXStore: makeComponentInstance(OMX.google.h263.decoder) in android.hardwar process
10-15 10:18:51.731   486   511 E OMXNodeInstance: getExtensionIndex(0xe61c0780:google.h263.decoder, OMX.google.android.index.configureVideoTunnelMode) ERROR: UnsupportedIndex(0x8000101a)
10-15 10:18:51.731   482   524 D MediaCodecInfo: detail feature-tunneled-playback wasn't present to remove
10-15 10:18:51.731   486   511 E OMXNodeInstance: getExtensionIndex(0xe61c0780:google.h263.decoder, OMX.google.android.index.enableAndroidNativeBuffers) ERROR: UnsupportedIndex(0x8000101a)
10-15 10:18:51.732   482   524 I OMXClient: IOmx service obtained
10-15 10:18:51.732   486   511 I OMXStore: makeComponentInstance(OMX.google.hevc.decoder) in android.hardwar process
10-15 10:18:51.734   804   804 V GraphicsEnvironment: ANGLE Developer option for 'com.android.systemui' set to: 'default'
10-15 10:18:51.734   804   804 V GraphicsEnvironment: ANGLE GameManagerService for com.android.systemui: false
10-15 10:18:51.734   804   804 V GraphicsEnvironment: Neither updatable production driver nor prerelease driver is supported.
10-15 10:18:51.735   804   804 D NetworkSecurityConfig: No Network Security Config specified, using platform default
10-15 10:18:51.735   804   804 D NetworkSecurityConfig: No Network Security Config specified, using platform default
10-15 10:18:51.736   486   511 E OMXNodeInstance: getExtensionIndex(0xe61c0780:google.hevc.decoder, OMX.google.android.index.configureVideoTunnelMode) ERROR: UnsupportedIndex(0x8000101a)
10-15 10:18:51.736   482   524 D MediaCodecInfo: detail feature-tunneled-playback wasn't present to remove
10-15 10:18:51.736   486   511 E OMXNodeInstance: getExtensionIndex(0xe61c0780:google.hevc.decoder, OMX.google.android.index.enableAndroidNativeBuffers) ERROR: UnsupportedIndex(0x8000101a)
10-15 10:18:51.737   482   524 I OMXClient: IOmx service obtained
10-15 10:18:51.737   486   841 I OMXStore: makeComponentInstance(OMX.google.mpeg4.decoder) in android.hardwar process
10-15 10:18:51.738   486   841 E OMXNodeInstance: getExtensionIndex(0xe61c0780:google.mpeg4.decoder, OMX.google.android.index.configureVideoTunnelMode) ERROR: UnsupportedIndex(0x8000101a)
10-15 10:18:51.738   804   804 V SystemUIService: SystemUIApplication constructed.
10-15 10:18:51.738   482   524 D MediaCodecInfo: detail feature-tunneled-playback wasn't present to remove
10-15 10:18:51.738   486   841 E OMXNodeInstance: getExtensionIndex(0xe61c0780:google.mpeg4.decoder, OMX.google.android.index.enableAndroidNativeBuffers) ERROR: UnsupportedIndex(0x8000101a)
10-15 10:18:51.739   482   524 I OMXClient: IOmx service obtained
10-15 10:18:51.739   486   841 I OMXStore: makeComponentInstance(OMX.google.vp8.decoder) in android.hardwar process
10-15 10:18:51.740   486   841 E OMXNodeInstance: getExtensionIndex(0xe61c0780:google.vp8.decoder, OMX.google.android.index.configureVideoTunnelMode) ERROR: UnsupportedIndex(0x8000101a)
10-15 10:18:51.740   482   524 D MediaCodecInfo: detail feature-tunneled-playback wasn't present to remove
10-15 10:18:51.740   486   841 E OMXNodeInstance: getExtensionIndex(0xe61c0780:google.vp8.decoder, OMX.google.android.index.enableAndroidNativeBuffers) ERROR: UnsupportedIndex(0x8000101a)
10-15 10:18:51.741   482   524 I OMXClient: IOmx service obtained
10-15 10:18:51.741   486   511 I OMXStore: makeComponentInstance(OMX.google.vp9.decoder) in android.hardwar process
10-15 10:18:51.742   486   511 E OMXNodeInstance: getExtensionIndex(0xe61c0780:google.vp9.decoder, OMX.google.android.index.configureVideoTunnelMode) ERROR: UnsupportedIndex(0x8000101a)
10-15 10:18:51.742   482   524 D MediaCodecInfo: detail feature-tunneled-playback wasn't present to remove
10-15 10:18:51.742   486   511 E OMXNodeInstance: getExtensionIndex(0xe61c0780:google.vp9.decoder, OMX.google.android.index.enableAndroidNativeBuffers) ERROR: UnsupportedIndex(0x8000101a)
10-15 10:18:51.742   482   524 I OMXClient: IOmx service obtained
10-15 10:18:51.742   486   841 I OMXStore: makeComponentInstance(OMX.google.h264.encoder) in android.hardwar process
10-15 10:18:51.743   482   524 W OMXUtils: do not know color format 0x7f000789 = 2130708361
10-15 10:18:51.743   482   524 I OMXClient: IOmx service obtained
10-15 10:18:51.743   486   486 I OMXStore: makeComponentInstance(OMX.google.h263.encoder) in android.hardwar process
10-15 10:18:51.744   601   767 W StorageManagerService: No primary storage defined yet; hacking together a stub
10-15 10:18:51.744   486   486 I SoftMPEG4Encoder: Construct SoftMPEG4Encoder
10-15 10:18:51.744   482   524 W OMXUtils: do not know color format 0x7f000789 = 2130708361
10-15 10:18:51.745   486   486 E OMXNodeInstance: getConfig(0xe61c0d30:google.h263.encoder, ConfigAndroidIntraRefresh(0x6f60000a)) ERROR: Undefined(0x80001001)
10-15 10:18:51.745   486   486 E OMXNodeInstance: getParameter(0xe61c0d30:google.h263.encoder, ParamVideoIntraRefresh(0x6000006)) ERROR: UnsupportedIndex(0x8000101a)
10-15 10:18:51.745   482   524 D MediaCodecInfo: detail feature-frame-parsing wasn't present to remove
10-15 10:18:51.746   482   524 I OMXClient: IOmx service obtained
10-15 10:18:51.746   486   486 I OMXStore: makeComponentInstance(OMX.google.mpeg4.encoder) in android.hardwar process
10-15 10:18:51.746   486   486 I SoftMPEG4Encoder: Construct SoftMPEG4Encoder
10-15 10:18:51.747   482   524 W OMXUtils: do not know color format 0x7f000789 = 2130708361
10-15 10:18:51.747   486   486 E OMXNodeInstance: getConfig(0xe61c0d30:google.mpeg4.encoder, ConfigAndroidIntraRefresh(0x6f60000a)) ERROR: Undefined(0x80001001)
10-15 10:18:51.747   486   486 E OMXNodeInstance: getParameter(0xe61c0d30:google.mpeg4.encoder, ParamVideoIntraRefresh(0x6000006)) ERROR: UnsupportedIndex(0x8000101a)
10-15 10:18:51.747   482   524 D MediaCodecInfo: detail feature-frame-parsing wasn't present to remove
10-15 10:18:51.747   482   524 I OMXClient: IOmx service obtained
10-15 10:18:51.747   486   486 I OMXStore: makeComponentInstance(OMX.google.vp8.encoder) in android.hardwar process
10-15 10:18:51.748   482   524 W OMXUtils: do not know color format 0x7f000789 = 2130708361
10-15 10:18:51.748   486   486 E OMXNodeInstance: getConfig(0xe61c0d30:google.vp8.encoder, ConfigAndroidIntraRefresh(0x6f60000a)) ERROR: Undefined(0x80001001)
10-15 10:18:51.748   486   486 E OMXNodeInstance: getParameter(0xe61c0d30:google.vp8.encoder, ParamVideoIntraRefresh(0x6000006)) ERROR: UnsupportedIndex(0x8000101a)
10-15 10:18:51.748   482   524 D MediaCodecInfo: detail feature-frame-parsing wasn't present to remove
10-15 10:18:51.749   482   524 I OMXClient: IOmx service obtained
10-15 10:18:51.749   486   486 I OMXStore: makeComponentInstance(OMX.google.vp9.encoder) in android.hardwar process
10-15 10:18:51.749   482   524 W OMXUtils: do not know color format 0x7f000789 = 2130708361
10-15 10:18:51.749   486   486 E OMXNodeInstance: getConfig(0xe61c0d30:google.vp9.encoder, ConfigAndroidIntraRefresh(0x6f60000a)) ERROR: Undefined(0x80001001)
10-15 10:18:51.749   486   486 E OMXNodeInstance: getParameter(0xe61c0d30:google.vp9.encoder, ParamVideoIntraRefresh(0x6000006)) ERROR: UnsupportedIndex(0x8000101a)
10-15 10:18:51.749   482   524 D MediaCodecInfo: detail feature-frame-parsing wasn't present to remove
10-15 10:18:51.750   482   524 I Codec2Client: Available Codec2 services: "default" "software"
10-15 10:18:51.751   402   456 I GoldfishComponentStore: in init
10-15 10:18:51.751   402   456 I GoldfishComponentStore: loading dll of path libcodec2_goldfish_avcdec.so
10-15 10:18:51.753   402   456 I GoldfishComponentStore: Create()
10-15 10:18:51.753   402   456 I GoldfishComponentStore: created interface
10-15 10:18:51.753   402   456 I GoldfishComponentStore: in ~ComponentModule
10-15 10:18:51.753   402   456 I GoldfishComponentStore: unloading dll
10-15 10:18:51.753   402   456 I GoldfishComponentStore: in init
10-15 10:18:51.753   402   456 I GoldfishComponentStore: loading dll of path libcodec2_goldfish_vp8dec.so
10-15 10:18:51.754   402   456 I GoldfishComponentStore: Create()
10-15 10:18:51.754   402   456 I C2GoldfishVpxDec: platform store is 0xf4b80e2c, reflector is 0xf4dc484c
10-15 10:18:51.754   402   456 I GoldfishComponentStore: created interface
10-15 10:18:51.754   402   456 I GoldfishComponentStore: in ~ComponentModule
10-15 10:18:51.754   402   456 I GoldfishComponentStore: unloading dll
10-15 10:18:51.754   402   456 I GoldfishComponentStore: in init
10-15 10:18:51.754   402   456 I GoldfishComponentStore: loading dll of path libcodec2_goldfish_vp9dec.so
10-15 10:18:51.755   402   456 I GoldfishComponentStore: Create()
10-15 10:18:51.755   402   456 I C2GoldfishVpxDec: platform store is 0xf4b80a3c, reflector is 0xf4dc61cc
10-15 10:18:51.755   402   456 I GoldfishComponentStore: created interface
10-15 10:18:51.755   601   601 W SystemServiceManager: Service com.android.server.policy.PermissionPolicyService took 67 ms in onBootPhase
10-15 10:18:51.755   601   601 D SystemServerTiming: OnBootPhase_550_com.android.server.pm.StagingManager$Lifecycle
10-15 10:18:51.755   601   601 D SystemServerTiming: OnBootPhase_550_com.android.server.app.GameManagerService$Lifecycle
10-15 10:18:51.755   601   601 D SystemServerTiming: OnBootPhase_550_com.android.safetycenter.SafetyCenterService
10-15 10:18:51.755   601   601 D SystemServerTiming: OnBootPhase_550_com.android.server.appsearch.AppSearchModule$Lifecycle
10-15 10:18:51.755   601   601 D SystemServerTiming: OnBootPhase_550_com.android.server.media.MediaCommunicationService
10-15 10:18:51.755   601   601 D SystemServerTiming: OnBootPhase_550_com.android.server.compat.overrides.AppCompatOverridesService$Lifecycle
10-15 10:18:51.755   402   456 I GoldfishComponentStore: in ~ComponentModule
10-15 10:18:51.755   402   456 I GoldfishComponentStore: unloading dll
10-15 10:18:51.755   601   601 D SystemServerTiming: StartObservingNativeCrashes
10-15 10:18:51.755   601   601 D SystemServerTiming: RegisterAppOpsPolicy
10-15 10:18:51.756   496   518 V C2Store : in init
10-15 10:18:51.756   496   518 V C2Store : loading dll
10-15 10:18:51.762   601   625 D SystemServerTimingAsync: InitThreadPoolExec:WebViewFactoryPreparation
10-15 10:18:51.762   601   625 I SystemServer: WebViewFactoryPreparation
