10-15 10:18:50.951   601   601 W android.permission.PermissionManager: Missing ActivityManager; assuming 1000 holds android.permission.SET_PREFERRED_APPLICATIONS
10-15 10:18:50.962   601   601 W PackageSettings: Missing permission state for package com.android.connectivity.resources.emulator.overlay on user 0
10-15 10:18:50.962   601   601 W PackageSettings: Missing permission state for package com.android.uwb.resources on user 0
10-15 10:18:50.962   601   601 W PackageSettings: Missing permission state for package com.google.android.ext.shared on user 0
10-15 10:18:50.962   601   601 W PackageSettings: Missing permission state for package com.android.systemui.emulation.pixel_3_xl on user 0
10-15 10:18:50.962   601   601 W PackageSettings: Missing permission state for package com.android.systemui.emulation.pixel_4_xl on user 0
10-15 10:18:50.962   601   601 W PackageSettings: Missing permission state for package com.android.htmlviewer on user 0
10-15 10:18:50.962   601   601 W PackageSettings: Missing permission state for package com.android.tv.settings.gms.resoverlay on user 0
10-15 10:18:50.962   601   601 W PackageSettings: Missing permission state for package com.android.networkstack.tethering.emulator on user 0
10-15 10:18:50.962   601   601 W PackageSettings: Missing permission state for package com.android.internal.emulation.pixel_3a_xl on user 0
10-15 10:18:50.962   601   601 W PackageSettings: Missing permission state for package com.android.internal.emulation.pixel_3a on user 0
10-15 10:18:50.962   601   601 W PackageSettings: Missing permission state for package com.android.internal.emulation.pixel_4a on user 0
10-15 10:18:50.962   601   601 W PackageSettings: Missing permission state for package com.google.android.overlay.googlewebview on user 0
10-15 10:18:50.962   601   601 W PackageSettings: Missing permission state for package com.android.tv.overlay.settingsprovider on user 0
10-15 10:18:50.962   601   601 W PackageSettings: Missing permission state for package com.android.systemui.auto_generated_rro_vendor__ on user 0
10-15 10:18:50.962   601   601 W PackageSettings: Missing permission state for package com.android.internal.systemui.navbar.twobutton on user 0
10-15 10:18:50.962   601   601 W PackageSettings: Missing permission state for package com.google.android.tv.remote.service.amati on user 0
10-15 10:18:50.962   601   601 W PackageSettings: Missing permission state for package com.android.systemui.emulation.pixel_3 on user 0
10-15 10:18:50.962   601   601 W PackageSettings: Missing permission state for package com.android.systemui.emulation.pixel_4 on user 0
10-15 10:18:50.962   601   601 W PackageSettings: Missing permission state for package com.android.systemui.emulation.pixel_5 on user 0
10-15 10:18:50.962   601   601 W PackageSettings: Missing permission state for package com.android.dreams.basic on user 0
10-15 10:18:50.962   601   601 W PackageSettings: Missing permission state for package com.android.providers.settings.auto_generated_rro_product__ on user 0
10-15 10:18:50.962   601   601 W PackageSettings: Missing permission state for package com.google.android.overlay.tvconfigx on user 0
10-15 10:18:50.962   601   601 W PackageSettings: Missing permission state for package com.android.internal.emulation.pixel_3 on user 0
10-15 10:18:50.962   601   601 W PackageSettings: Missing permission state for package com.android.internal.emulation.pixel_4 on user 0
10-15 10:18:50.962   601   601 W PackageSettings: Missing permission state for package com.android.internal.emulation.pixel_5 on user 0
10-15 10:18:50.962   601   601 W PackageSettings: Missing permission state for package com.google.android.modulemetadata on user 0
10-15 10:18:50.962   601   601 W PackageSettings: Missing permission state for package com.android.internal.display.cutout.emulation.emu01 on user 0
10-15 10:18:50.963   601   601 W PackageSettings: Missing permission state for package com.android.providers.settings.auto_generated_rro_vendor__ on user 0
10-15 10:18:50.963   601   601 W PackageSettings: Missing permission state for package com.google.android.tvlauncher on user 0
10-15 10:18:50.963   601   601 W PackageSettings: Missing permission state for package com.google.android.nearby.halfsheet on user 0
10-15 10:18:50.963   601   601 W PackageSettings: Missing permission state for package com.android.systemui.emulation.pixel_3a_xl on user 0
10-15 10:18:50.963   601   601 W PackageSettings: Missing permission state for package com.android.tv.settings.google.resoverlay on user 0
10-15 10:18:50.963   601   601 W PackageSettings: Missing permission state for package com.android.internal.emulation.pixel_2_xl on user 0
10-15 10:18:50.963   601   601 W PackageSettings: Missing permission state for package com.android.internal.emulation.pixel_3_xl on user 0
10-15 10:18:50.963   601   601 W PackageSettings: Missing permission state for package com.android.internal.emulation.pixel_4_xl on user 0
10-15 10:18:50.963   601   601 W PackageSettings: Missing permission state for package com.android.systemui.emulation.pixel_3a on user 0
10-15 10:18:50.963   601   601 W PackageSettings: Missing permission state for package com.android.systemui.emulation.pixel_4a on user 0
10-15 10:18:50.963   601   601 W PackageSettings: Missing permission state for package com.google.android.overlay.gtvssettingsprovider on user 0
10-15 10:18:50.963   601   601 W PackageSettings: Missing permission state for package android.auto_generated_rro_product__ on user 0
10-15 10:18:50.963   601   601 W PackageSettings: Missing permission state for package android.auto_generated_rro_vendor__ on user 0
10-15 10:18:50.963   601   601 W PackageSettings: Missing permission state for shared user: android.uid.log
10-15 10:18:50.963   601   601 W PackageSettings: Missing permission state for shared user: android.uid.nfc
10-15 10:18:50.963   601   601 W PackageSettings: Missing permission state for shared user: android.uid.uwb
10-15 10:18:50.964   601   601 W PackageSettings: Missing permission state for shared user: android.uid.phone
10-15 10:18:50.965   601   601 W PackageManager: Unknown permission: com.google.android.gms.permission.TRANSFER_WIFI_CREDENTIAL
10-15 10:18:50.966   601   601 W PackageManager: Unknown permission: com.google.android.gms.permission.TRANSFER_WIFI_CREDENTIAL
10-15 10:18:50.967   601   601 D PackageManager: Keeping known cache 350960a0d8264e7cacdfd7eb2e0299fbc84f2031
10-15 10:18:50.983   601   601 D PackageManager: No files in app dir /system_ext/overlay
10-15 10:18:50.984   601   601 I PackageBackwardCompatibility: Loaded android.content.pm.AndroidTestBaseUpdater
10-15 10:18:50.984   601   601 D CompatibilityChangeReporter: Compat change id reported: 143539591; UID -1; state: DISABLED
10-15 10:18:50.984   601   601 D CompatibilityChangeReporter: Compat change id reported: 168782947; UID -1; state: ENABLED
10-15 10:18:50.988   601   601 W PackageManager: Failed to parse /product/overlay/TvWifiOverlay.apk: /product/overlay/TvWifiOverlay.apk (at Binary XML file line #23): <overlay> priority must be between 0 and 9999
10-15 10:18:50.988   601   601 W PackageManager: Failed to parse /product/overlay/TvFrameworkOverlay.apk: /product/overlay/TvFrameworkOverlay.apk (at Binary XML file line #23): <overlay> priority must be between 0 and 9999
10-15 10:18:50.992   601   601 D PackageManager: No files in app dir /oem/overlay
10-15 10:18:50.992   601   601 D PackageManager: No files in app dir /odm/overlay
10-15 10:18:50.994   601   601 W PackageManager: Failed to parse /system/framework/oat: Missing base APK in /system/framework/oat/x86
10-15 10:18:50.994   601   601 W PackageManager: Failed to parse /system/framework/x86: Missing base APK in /system/framework/x86
10-15 10:18:51.021   601   601 D PackageManager: No files in app dir /vendor/priv-app
10-15 10:18:51.021   601   601 D PackageManager: No files in app dir /vendor/app
10-15 10:18:51.021   601   601 D PackageManager: No files in app dir /odm/priv-app
10-15 10:18:51.021   601   601 D PackageManager: No files in app dir /odm/app
10-15 10:18:51.021   601   601 D PackageManager: No files in app dir /oem/app
10-15 10:18:51.022   601   601 D CompatibilityChangeReporter: Compat change id reported: 168782947; UID -1; state: DISABLED
10-15 10:18:51.023   601   601 W PackageManager: Failed to scan /product/priv-app/TV: Package com.google.android.tv at /product/priv-app/TV ignored: updated version 417000738 better than this 417000427
10-15 10:18:51.023   601   601 W PackageManager: Failed to scan /product/priv-app/TVDreamXPrebuilt: Package com.google.android.apps.tv.dreamx at /product/priv-app/TVDreamXPrebuilt ignored: updated version 43304 better than this 31204
10-15 10:18:51.026   601   601 W PackageManager: Failed to scan /product/priv-app/AtvRemoteService: Package com.google.android.tv.remote.service at /product/priv-app/AtvRemoteService ignored: updated version 95855233 better than this 95855209
10-15 10:18:51.028   601   601 W PackageManager: Failed to scan /product/priv-app/Katniss: Package com.google.android.katniss at /product/priv-app/Katniss ignored: updated version 14001597 better than this 14000774
10-15 10:18:51.029   601   601 W PackageManager: Failed to scan /product/priv-app/Tubesky: Package com.android.vending at /product/priv-app/Tubesky ignored: updated version 83271308 better than this 82971808
10-15 10:18:51.029   601   601 W PackageManager: Failed to scan /product/priv-app/TVLauncherXPrebuilt: Package com.google.android.apps.tv.launcherx at /product/priv-app/TVLauncherXPrebuilt ignored: updated version 153523 better than this 47587
10-15 10:18:51.031   601   601 W PackageManager: Failed to scan /product/priv-app/PrebuiltGmsCore: Package com.google.android.gms at /product/priv-app/PrebuiltGmsCore ignored: updated version 224113104 better than this 221413104
10-15 10:18:51.031   601   601 W PackageManager: Failed to parse /product/app/TrichromeLibrary: Missing base APK in /product/app/TrichromeLibrary
10-15 10:18:51.032   601   601 W PackageManager: Failed to scan /product/app/TrichromeLibrary-Stub: Package com.google.android.trichromelibrary_495151531 at /product/app/TrichromeLibrary-Stub ignored: updated version 495151531 better than this 495151531
10-15 10:18:51.033   601   601 W PackageManager: Failed to scan /product/app/GoogleTTS: Package com.google.android.tts at /product/app/GoogleTTS ignored: updated version 210390294 better than this 210349305
10-15 10:18:51.034   601   601 W PackageManager: Failed to scan /product/app/PlayGamesPano: Package com.google.android.play.games at /product/app/PlayGamesPano ignored: updated version 369963070 better than this 272540076
10-15 10:18:51.034   601   601 W PackageManager: Failed to parse /product/app/WebViewGoogle: Missing base APK in /product/app/WebViewGoogle
10-15 10:18:51.034   601   601 W PackageManager: Failed to scan /product/app/WebViewGoogle-Stub: Package com.google.android.webview at /product/app/WebViewGoogle-Stub ignored: updated version 495151531 better than this 495151531
10-15 10:18:51.035   601   601 W PackageManager: Failed to scan /product/app/LatinIMEGoogleTvPrebuilt: Package com.google.android.inputmethod.latin at /product/app/LatinIMEGoogleTvPrebuilt ignored: updated version 65075979 better than this 65075975
10-15 10:18:51.036   601   601 W PackageManager: Failed to scan /product/app/YouTubeLeanback: Package com.google.android.youtube.tv at /product/app/YouTubeLeanback ignored: updated version 219003360 better than this 21308360
10-15 10:18:51.042   601   601 D PackageManager: No files in app dir /apex/com.android.media/priv-app
10-15 10:18:51.042   601   601 D PackageManager: No files in app dir /apex/com.android.media/app
10-15 10:18:51.042   601   601 D PackageManager: No files in app dir /apex/com.android.appsearch/priv-app
10-15 10:18:51.042   601   601 D PackageManager: No files in app dir /apex/com.android.appsearch/app
10-15 10:18:51.042   601   601 D PackageManager: No files in app dir /apex/com.android.os.statsd/priv-app
10-15 10:18:51.042   601   601 D PackageManager: No files in app dir /apex/com.android.os.statsd/app
10-15 10:18:51.042   601   601 D PackageManager: No files in app dir /apex/com.android.sepolicy.apex/priv-app
10-15 10:18:51.042   601   601 D PackageManager: No files in app dir /apex/com.android.sepolicy.apex/app
10-15 10:18:51.043   601   601 I ApexManager: Registering com.google.android.ext.services as apk-in-apex of com.android.extservices
10-15 10:18:51.043   601   601 D PackageManager: No files in app dir /apex/com.android.extservices/app
10-15 10:18:51.043   601   601 D PackageManager: No files in app dir /apex/com.android.art/priv-app
10-15 10:18:51.043   601   601 D PackageManager: No files in app dir /apex/com.android.art/app
10-15 10:18:51.043   601   601 D PackageManager: No files in app dir /apex/com.android.media.swcodec/priv-app
10-15 10:18:51.043   601   601 D PackageManager: No files in app dir /apex/com.android.media.swcodec/app
10-15 10:18:51.045   601   601 I ApexManager: Registering com.google.android.safetycenter.resources as apk-in-apex of com.android.permission
10-15 10:18:51.045   601   601 I ApexManager: Registering com.google.android.permissioncontroller as apk-in-apex of com.android.permission
10-15 10:18:51.046   601   601 D PackageManager: No files in app dir /apex/com.android.permission/app
10-15 10:18:51.046   601   601 D PackageManager: No files in app dir /apex/com.android.ondevicepersonalization/priv-app
10-15 10:18:51.047   601   601 I ApexManager: Registering com.google.android.ondevicepersonalization.services as apk-in-apex of com.android.ondevicepersonalization
10-15 10:18:51.047   601   601 D PackageManager: No files in app dir /apex/com.android.tzdata/priv-app
10-15 10:18:51.047   601   601 D PackageManager: No files in app dir /apex/com.android.tzdata/app
10-15 10:18:51.047   601   601 D PackageManager: No files in app dir /apex/com.android.sdkext/priv-app
10-15 10:18:51.047   601   601 D PackageManager: No files in app dir /apex/com.android.sdkext/app
10-15 10:18:51.047   601   601 D PackageManager: No files in app dir /apex/com.android.adbd/priv-app
10-15 10:18:51.047   601   601 D PackageManager: No files in app dir /apex/com.android.adbd/app
10-15 10:18:51.047   601   601 D PackageManager: No files in app dir /apex/com.android.vndk.vTiramisu/priv-app
10-15 10:18:51.047   601   601 D PackageManager: No files in app dir /apex/com.android.vndk.vTiramisu/app
10-15 10:18:51.047   601   601 D PackageManager: No files in app dir /apex/com.android.scheduling/priv-app
10-15 10:18:51.047   601   601 D PackageManager: No files in app dir /apex/com.android.scheduling/app
10-15 10:18:51.047   601   601 D PackageManager: No files in app dir /apex/com.android.neuralnetworks/priv-app
10-15 10:18:51.047   601   601 D PackageManager: No files in app dir /apex/com.android.neuralnetworks/app
10-15 10:18:51.047   601   601 D PackageManager: No files in app dir /apex/com.android.ipsec/priv-app
10-15 10:18:51.047   601   601 D PackageManager: No files in app dir /apex/com.android.ipsec/app
10-15 10:18:51.048   601   601 I ApexManager: Registering com.android.cts.priv.ctsshim as apk-in-apex of com.android.apex.cts.shim
10-15 10:18:51.049   601   601 I ApexManager: Registering com.android.cts.ctsshim as apk-in-apex of com.android.apex.cts.shim
10-15 10:18:51.050   601   601 I ApexManager: Registering com.google.android.connectivity.resources as apk-in-apex of com.android.tethering
10-15 10:18:51.050   601   601 I ApexManager: Registering com.google.android.networkstack.tethering as apk-in-apex of com.android.tethering
10-15 10:18:51.052   601   601 I ApexManager: Registering com.google.android.nearby.halfsheet as apk-in-apex of com.android.tethering
10-15 10:18:51.053   601   601 I ApexManager: Registering com.google.android.wifi.resources as apk-in-apex of com.android.wifi
10-15 10:18:51.054   601   601 I ApexManager: Registering com.google.android.hotspot2.osulogin as apk-in-apex of com.android.wifi
10-15 10:18:51.055   601   601 I ApexManager: Registering com.google.android.wifi.dialog as apk-in-apex of com.android.wifi
10-15 10:18:51.055   601   601 D PackageManager: No files in app dir /apex/com.android.bluetooth/priv-app
10-15 10:18:51.056   601   601 I ApexManager: Registering com.google.android.bluetooth.services as apk-in-apex of com.android.bluetooth
10-15 10:18:51.058   601   601 I ApexManager: Registering com.google.android.providers.media.module as apk-in-apex of com.android.mediaprovider
10-15 10:18:51.058   601   601 D PackageManager: No files in app dir /apex/com.android.mediaprovider/app
10-15 10:18:51.058   601   601 D PackageManager: No files in app dir /apex/com.android.cronet/priv-app
10-15 10:18:51.058   601   601 D PackageManager: No files in app dir /apex/com.android.cronet/app
10-15 10:18:51.058   601   601 D PackageManager: No files in app dir /apex/com.android.conscrypt/priv-app
10-15 10:18:51.058   601   601 D PackageManager: No files in app dir /apex/com.android.conscrypt/app
10-15 10:18:51.059   601   601 I ApexManager: Registering com.google.android.adservices.api as apk-in-apex of com.android.adservices
10-15 10:18:51.060   601   601 I ApexManager: Registering com.google.android.sdksandbox as apk-in-apex of com.android.adservices
10-15 10:18:51.061   601   601 D PackageManager: No files in app dir /apex/com.android.resolv/priv-app
10-15 10:18:51.061   601   601 D PackageManager: No files in app dir /apex/com.android.resolv/app
10-15 10:18:51.061   601   601 I ApexManager: Registering com.android.uwb.resources as apk-in-apex of com.android.uwb
10-15 10:18:51.062   601   601 D PackageManager: No files in app dir /apex/com.android.uwb/app
10-15 10:18:51.062   601   601 D PackageManager: No files in app dir /apex/com.google.mainline.primary.libs/priv-app
10-15 10:18:51.062   601   601 D PackageManager: No files in app dir /apex/com.google.mainline.primary.libs/app
10-15 10:18:51.062   601   601 D PackageManager: No files in app dir /apex/com.android.i18n/priv-app
10-15 10:18:51.062   601   601 D PackageManager: No files in app dir /apex/com.android.i18n/app
10-15 10:18:51.062   601   601 D PackageManager: No files in app dir /apex/com.android.runtime/priv-app
10-15 10:18:51.062   601   601 D PackageManager: No files in app dir /apex/com.android.runtime/app
10-15 10:18:51.066   601   601 I PackageManager: Finished scanning system apps. Time: 99 ms, packageCount: 103 , timePerPackage: 0 , cached: 145
10-15 10:18:51.067   601   601 W PackageManager: Relax SCAN_REQUIRE_KNOWN requirement for package com.google.android.trichromelibrary_495151531
10-15 10:18:51.069   601   601 W PackageManager: Relax SCAN_REQUIRE_KNOWN requirement for package com.google.android.webview
10-15 10:18:51.070   601   655 D ziparchive: Zip: EOCD not found, /data/app/~~B5MNmA2WdVlBDnxUU82KMw==/kmz.never.ready-1qtsWjARaCt9wAECc77k3Q==/base.apk is not zip
10-15 10:18:51.070   601   655 E system_server: Failed to open APK '/data/app/~~B5MNmA2WdVlBDnxUU82KMw==/kmz.never.ready-1qtsWjARaCt9wAECc77k3Q==/base.apk': Invalid file
10-15 10:18:51.070   601   601 W PackageManager: Relax SCAN_REQUIRE_KNOWN requirement for package com.google.android.inputmethod.latin
10-15 10:18:51.071   601   601 W PackageManager: Relax SCAN_REQUIRE_KNOWN requirement for package com.google.android.apps.tv.dreamx
10-15 10:18:51.073   601   601 W PackageManager: Relax SCAN_REQUIRE_KNOWN requirement for package com.google.android.apps.tv.launcherx
10-15 10:18:51.075   601   601 W PackageManager: Relax SCAN_REQUIRE_KNOWN requirement for package com.google.android.play.games
10-15 10:18:51.076   601   601 W PackageManager: Relax SCAN_REQUIRE_KNOWN requirement for package com.google.android.tts
10-15 10:18:51.077   601   601 W PackageManager: Relax SCAN_REQUIRE_KNOWN requirement for package com.google.android.tv
10-15 10:18:51.078   601   601 W PackageManager: Relax SCAN_REQUIRE_KNOWN requirement for package com.google.android.tv.remote.service
10-15 10:18:51.079   601   601 W PackageManager: Failed to parse /data/app/~~B5MNmA2WdVlBDnxUU82KMw==: Failed to parse /data/app/~~B5MNmA2WdVlBDnxUU82KMw==/kmz.never.ready-1qtsWjARaCt9wAECc77k3Q==/base.apk
10-15 10:18:51.079   601   601 W PackageManager: Deleting invalid package at /data/app/~~B5MNmA2WdVlBDnxUU82KMw==
10-15 10:18:51.083   601   601 W PackageManager: Relax SCAN_REQUIRE_KNOWN requirement for package com.google.android.youtube.tv
10-15 10:18:51.084   601   601 W PackageManager: Relax SCAN_REQUIRE_KNOWN requirement for package com.google.android.katniss
10-15 10:18:51.089   601   601 W PackageManager: Relax SCAN_REQUIRE_KNOWN requirement for package com.android.vending
10-15 10:18:51.089   601   655 W PackageParsing: Ignoring duplicate uses-permissions/uses-permissions-sdk-m: com.google.android.apps.nest.CAST_AUTH_SERVICE in package: com.google.android.gms at: Binary XML file line #1002
10-15 10:18:51.102   601   601 W PackageManager: Relax SCAN_REQUIRE_KNOWN requirement for package com.google.android.gms
10-15 10:18:51.104   601   601 I PackageManager: Finished scanning non-system apps. Time: 38 ms, packageCount: 13 , timePerPackage: 2 , cached: 10
10-15 10:18:51.104   601   601 W PackageManager: Missing required system package: .
10-15 10:18:51.104   601   601 W PackageManager: Missing required system package: com.android.launcher3.
10-15 10:18:51.108   601   601 I PackageManager: Time to scan packages: 0.142 seconds
10-15 10:18:51.108   601   601 I PackageManager: Permission ownership changed. Updating all permissions.
10-15 10:18:51.113   601   601 W PackageManager: Package com.google.android.bluetooth.services is an APK in APEX, but has permission allowlist on the system image. Please bundle the allowlist in the com.google.android.bluetooth APEX instead.
10-15 10:18:51.113   601   601 W PackageManager: Package com.google.android.bluetooth.services is an APK in APEX, but has permission allowlist on the system image. Please bundle the allowlist in the com.google.android.bluetooth APEX instead.
10-15 10:18:51.113   601   601 W PackageManager: Package com.google.android.bluetooth.services is an APK in APEX, but has permission allowlist on the system image. Please bundle the allowlist in the com.google.android.bluetooth APEX instead.
10-15 10:18:51.113   601   601 W PackageManager: Package com.google.android.bluetooth.services is an APK in APEX, but has permission allowlist on the system image. Please bundle the allowlist in the com.google.android.bluetooth APEX instead.
10-15 10:18:51.113   601   601 W PackageManager: Package com.google.android.bluetooth.services is an APK in APEX, but has permission allowlist on the system image. Please bundle the allowlist in the com.google.android.bluetooth APEX instead.
10-15 10:18:51.113   601   601 W PackageManager: Package com.google.android.bluetooth.services is an APK in APEX, but has permission allowlist on the system image. Please bundle the allowlist in the com.google.android.bluetooth APEX instead.
10-15 10:18:51.113   601   601 W PackageManager: Package com.google.android.bluetooth.services is an APK in APEX, but has permission allowlist on the system image. Please bundle the allowlist in the com.google.android.bluetooth APEX instead.
10-15 10:18:51.113   601   601 W PackageManager: Package com.google.android.bluetooth.services is an APK in APEX, but has permission allowlist on the system image. Please bundle the allowlist in the com.google.android.bluetooth APEX instead.
10-15 10:18:51.113   601   601 W PackageManager: Package com.google.android.bluetooth.services is an APK in APEX, but has permission allowlist on the system image. Please bundle the allowlist in the com.google.android.bluetooth APEX instead.
10-15 10:18:51.113   601   601 W PackageManager: Package com.google.android.bluetooth.services is an APK in APEX, but has permission allowlist on the system image. Please bundle the allowlist in the com.google.android.bluetooth APEX instead.
10-15 10:18:51.113   601   601 W PackageManager: Package com.google.android.bluetooth.services is an APK in APEX, but has permission allowlist on the system image. Please bundle the allowlist in the com.google.android.bluetooth APEX instead.
10-15 10:18:51.113   601   601 W PackageManager: Package com.google.android.bluetooth.services is an APK in APEX, but has permission allowlist on the system image. Please bundle the allowlist in the com.google.android.bluetooth APEX instead.
10-15 10:18:51.113   601   601 W PackageManager: Package com.google.android.bluetooth.services is an APK in APEX, but has permission allowlist on the system image. Please bundle the allowlist in the com.google.android.bluetooth APEX instead.
10-15 10:18:51.113   601   601 W PackageManager: Package com.google.android.bluetooth.services is an APK in APEX, but has permission allowlist on the system image. Please bundle the allowlist in the com.google.android.bluetooth APEX instead.
10-15 10:18:51.113   601   601 W PackageManager: Package com.google.android.bluetooth.services is an APK in APEX, but has permission allowlist on the system image. Please bundle the allowlist in the com.google.android.bluetooth APEX instead.
10-15 10:18:51.113   601   601 W PackageManager: Package com.google.android.bluetooth.services is an APK in APEX, but has permission allowlist on the system image. Please bundle the allowlist in the com.google.android.bluetooth APEX instead.
10-15 10:18:51.113   601   601 W PackageManager: Package com.google.android.bluetooth.services is an APK in APEX, but has permission allowlist on the system image. Please bundle the allowlist in the com.google.android.bluetooth APEX instead.
10-15 10:18:51.113   601   601 W PackageManager: Package com.google.android.bluetooth.services is an APK in APEX, but has permission allowlist on the system image. Please bundle the allowlist in the com.google.android.bluetooth APEX instead.
10-15 10:18:51.113   601   601 W PackageManager: Package com.google.android.bluetooth.services is an APK in APEX, but has permission allowlist on the system image. Please bundle the allowlist in the com.google.android.bluetooth APEX instead.
10-15 10:18:51.113   601   601 W PackageManager: Package com.google.android.bluetooth.services is an APK in APEX, but has permission allowlist on the system image. Please bundle the allowlist in the com.google.android.bluetooth APEX instead.
10-15 10:18:51.124   601   601 V PackageManager: reconcileAppsData for null u0 0x1 migrateAppData=true
10-15 10:18:51.126   601   601 W PackageManager: Odd, missing scanned package kmz.never.ready
10-15 10:18:51.127   479   506 I SELinux : SELinux: Loaded file_contexts
10-15 10:18:51.134   601   601 V PackageManager: reconcileAppsData finished 18 packages
10-15 10:18:51.135   601   601 D PackageManagerTiming: write settings
10-15 10:18:51.135   601   658 D SystemServerTimingAsync: InitThreadPoolExec:prepareAppData
10-15 10:18:51.145   601   601 I SELinux : SELinux: Loaded file_contexts
10-15 10:18:51.146   601   601 W PackageSettings: Skipping PackageSetting{aafb50 kmz.never.ready/10096} due to missing metadata
10-15 10:18:51.146   479   506 W installd: Ignoring /data/data/GuABACgAIAIs7KY15rAP3MXYc3qz590M1J3zxmvQGsRBrQ8Ok8U9YA/AAAAAAAAAACMWRWXWkkueElpVcab7pnr with unexpected GID 0 instead of 10060
10-15 10:18:51.147   479   506 W installd: Ignoring /data/data/MuABACgAIALUnfPGa9AaxEGtDw6TxT1g1TBgdiaZtnx_w8l9FqEUBtxAuYJdKfMZyQrJ-NK_f2I/AAAAAAAAAAC4WzuRuRfd5Tx1msNr0Xg8 with unexpected GID 0 instead of 10063
10-15 10:18:51.150   601   601 D PackageManagerTiming: GC
10-15 10:18:51.150   601   601 I PackageManager: Fix for b/169414761 is applied
10-15 10:18:51.150   601   601 V UserManagerService: Checking that all system packages are whitelisted.
10-15 10:18:51.151   479   506 W installd: Ignoring /data/data/a-ABACgAIAJ8JSHdZRHlQEouGokjNm2YE0AHLCFzqPsdAVAcbk-CGA/AAAAAAAAAADoxO5G6sr8BOX1jYkbb11S with unexpected GID 0 instead of 10065
10-15 10:18:51.152   479   506 W installd: Ignoring /data/data/huABADgAMALwIjX7OID5sJPTf9uFak-N1J3zxmvQGsRBrQ8Ok8U9YA/KiACACgAIAIA5mPvZtok3cwAAFvndJbF with unexpected GID 0 instead of 10054
10-15 10:18:51.152   601   601 V UserManagerService: checkWhitelistedSystemPackages(mode=ENFORCE|IMPLICIT_WHITELIST|IMPLICIT_WHITELIST_SYSTEM) has no warnings
10-15 10:18:51.153   601   601 I Watchdog: Resuming HandlerChecker: main thread for reason: packagemanagermain. Pause count: 0
10-15 10:18:51.153   601   601 I SystemServerDexLoadReporter: Configuring system server dex reporter
10-15 10:18:51.153   479   506 W installd: Ignoring /data/data/oeABACgAIAKf29DPjFmzwFioovDqXXWAR7pZEaoPzq-a_yqtn0z9tg/Z-EBABgAEAKQXx-zPhpfiijPq_gqYcVk with unexpected GID 0 instead of 10049
10-15 10:18:51.153   601   601 D SystemServerTiming: StartOtaDexOptService
10-15 10:18:51.153   601   601 I Watchdog: Pausing HandlerChecker: main thread for reason: moveab. Pause count: 1
10-15 10:18:51.154   601   601 D OTADexopt: No upgrade, skipping A/B artifacts check.
10-15 10:18:51.154   601   601 I Watchdog: Resuming HandlerChecker: main thread for reason: moveab. Pause count: 0
10-15 10:18:51.154   601   601 D SystemServerTiming: StartUserManagerService
10-15 10:18:51.154   601   601 I SystemServiceManager: Starting com.android.server.pm.UserManagerService$LifeCycle
10-15 10:18:51.154   601   601 D SystemServerTiming: InitAttributerCache
10-15 10:18:51.154   601   601 D SystemServerTiming: SetSystemProcess
10-15 10:18:51.156   479   506 W installd: Ignoring /data/data/zuABADgAMAIg7yW1qBOr9S0jX1JjEMpo1J3zxmvQGsRBrQ8Ok8U9YA/EOQBABgAEAK_VthLVf8I04O2zxkmo7Cf with unexpected GID 0 instead of 10072
10-15 10:18:51.157   221   221 I lowmemorykiller: lmkd data connection established
10-15 10:18:51.157   601   631 I ActivityManager: Connection with lmkd established
10-15 10:18:51.159   601   601 D CompatibilityChangeReporter: Compat change id reported: 161145287; UID 1000; state: DISABLED
10-15 10:18:51.159   601   601 D SystemServerTiming: InitWatchdog
10-15 10:18:51.160   601   601 D SystemServerTiming: StartOverlayManagerService
10-15 10:18:51.161   479   506 W installd: Ignoring /data/data/4OABACgAIAKepzBHI8ymP_5-gTqWnssq1J3zxmvQGsRBrQ8Ok8U9YA/AAAAAAAAAADpKbfJFxffTXBtQMZ_l9eC with unexpected GID 0 instead of 10064
10-15 10:18:51.162   479   506 W installd: Ignoring /data/data/5uABACgAIAJLHbhG1QXjTEYSDMwfI8nY1J3zxmvQGsRBrQ8Ok8U9YA/BiACABgAEALYE8HdVLNpEV8h4HIyT8ui with unexpected GID 0 instead of 10070
10-15 10:18:51.162   484   484 I ServiceManager: Waiting for service 'package_native' on '/dev/binder' successful after waiting 2006ms
10-15 10:18:51.163   484   662 I storaged: storaged: Start
10-15 10:18:51.163   601   615 V HistoricalRegistry: Interaction before persistence initialized
10-15 10:18:51.163   424   424 I audioserver: Waiting for sensor privacy service
10-15 10:18:51.164   479   506 W installd: Ignoring /data/data/BOEBADgAMALYrpYftjJQ0Uyyrpb-YgXWnzJIMb63LNMd1V-QP2sVEn3TPOBSQxoXJO2jIxnNgxw/AAAAAAAAAABCxFaaky17PoieqPl_Bw5N with unexpected GID 0 instead of 1000
10-15 10:18:51.165   479   506 W installd: Ignoring /data/data/FuEBADgAMALUnfPGa9AaxEGtDw6TxT1gKqrRtrS02MKR-oS1Nh4B8h9_dWfFjN7MGZpx-zzsViQ/AAAAAAAAAABUvZLUgRBg6BSOBO6pTMqu with unexpected GID 0 instead of 10055
10-15 10:18:51.166   479   506 W installd: Ignoring /data/data/LuEBACgAIALzxFMi0At9s4N9c6u3DCR51J3zxmvQGsRBrQ8Ok8U9YA/AAAAAAAAAADHKNYltjcJAJmJ92N8_b6r with unexpected GID 0 instead of 10074
10-15 10:18:51.166   479   506 W installd: Ignoring /data/data/PeEBADgAMALUnfPGa9AaxEGtDw6TxT1g1t5E8xGqyxbBg-gh9SQzj4A6R9gFpS0lrSvRxZvxwVk/AAAAAAAAAADbhSdM5Hkh-wguLUBB7ghm with unexpected GID 0 instead of 10066
10-15 10:18:51.168   479   506 W installd: Ignoring /data/data/WOEBAPgJMALUnfPGa9AaxEGtDw6TxT1g6lWDLl_cMPkErkUJs6X8iRJQmXTgYvF5m1nC89e9S90/AAAAAAAAAACCzPutn-Q06tkNBlgBKIK_ with unexpected GID 0 instead of 10076
10-15 10:18:51.170   477   495 W idmap2d : failed to parse idmap header of '/data/resource-cache/vendor@overlay@SystemUI__auto_generated_rro_vendor.apk@idmap'
10-15 10:18:51.179   601   658 W PackageManager: Skipping preparing app data for com.google.android.sdksandbox
10-15 10:18:51.180   477   495 W idmap2d : failed to find resource 'bool/config_show4GForLTE'
10-15 10:18:51.181   477   495 E idmap2d : no resources were overlaid
10-15 10:18:51.192   479   506 W cutils  : Expected path /data/user_de/0/com.google.android.gms with mode 700 but found 711
10-15 10:18:51.197   483   483 W ServiceManager: Waited one second for package_native (is service started? are binder threads started and available?)
10-15 10:18:51.197   222   222 I BpBinder: onLastStrongRef automatically unlinking death recipients: <uncached descriptor>
10-15 10:18:51.198   483   483 D mediatuner: Current device does not support tuner feaure.
10-15 10:18:51.198   483   483 D TunerService: Device doesn't have tuner hardware.
10-15 10:18:51.198   477   477 W idmap2d : active ffro iterator was not previously released
10-15 10:18:51.198   481   522 I ServiceManager: Waiting for service 'package_native' on '/dev/binder' successful after waiting 2007ms
10-15 10:18:51.198   601   658 I PackageManager: Deferred reconcileAppsData finished 98 packages
10-15 10:18:51.206   601   601 D SystemServerTiming: StartResourcesManagerService
10-15 10:18:51.206   601   601 D SystemServerTiming: StartSensorPrivacyService
10-15 10:18:51.207   601   618 W ActivityTaskManager: Skip updateConfiguration because mWindowManager isn't set
10-15 10:18:51.208   601   601 D SystemServerTiming: StartSensorService
10-15 10:18:51.208   601   601 I SystemServiceManager: Starting com.android.server.sensors.SensorService
10-15 10:18:51.208   601   601 D SystemServerTiming: startCoreServices
10-15 10:18:51.208   601   601 D SystemServerTiming: StartSystemConfigService
10-15 10:18:51.208   601   601 I SystemServiceManager: Starting com.android.server.SystemConfigService
10-15 10:18:51.208   601   669 D SystemServerTimingAsync: InitThreadPoolExec:StartNativeSensorService
10-15 10:18:51.208   601   669 D SystemServerTimingAsync: StartNativeSensorService
10-15 10:18:51.209   601   601 D SystemServerTiming: StartBatteryService
10-15 10:18:51.209   601   669 D SensorService: nuSensorService starting...
10-15 10:18:51.209   601   601 I SystemServiceManager: Starting com.android.server.BatteryService
10-15 10:18:51.209   222   222 I servicemanager: Could not find android.hardware.sensors.ISensors/default in the VINTF manifest.
10-15 10:18:51.210   222   222 I servicemanager: Could not find android.hardware.health.IHealth/default in the VINTF manifest.
10-15 10:18:51.211   601   601 I android_os_HwBinder: HwBinder: Starting thread pool for getting: android.hardware.health@2.0::IHealth/default
10-15 10:18:51.211   601   669 I SensorService: Goldfish Ambient Temperature sensor's reported power 0.000000 invalid, clamped to 0.001000
10-15 10:18:51.212   601   673 D SensorService: nuSensorService thread starting...
10-15 10:18:51.212   601   669 V HistoricalRegistry: Interaction before persistence initialized
10-15 10:18:51.212   601   672 D SensorService: new thread SensorEventAckReceiver
10-15 10:18:51.213   601   601 I android_os_HwBinder: HwBinder: Starting thread pool for getting: android.hidl.manager@1.0::IServiceManager/default
10-15 10:18:51.213   601   601 I HealthServiceWrapperHidl: health: HealthServiceWrapper listening to instance default
10-15 10:18:51.213   601   601 I BatteryService: health: Waited 0ms and received the update.
10-15 10:18:51.214   601   674 I android_os_HwBinder: HwBinder: Starting thread pool for getting: android.hardware.health@2.0::IHealth/default
10-15 10:18:51.214   601   601 D SystemServerTiming: StartUsageService
10-15 10:18:51.214   601   601 I SystemServiceManager: Starting com.android.server.usage.UsageStatsService
10-15 10:18:51.214   481   522 W AudioAnalytics: onAudioServerStart: (key=audio.policy) AudioPolicy ctor, loadTimeMs:2020.876587
10-15 10:18:51.214   424   424 D audioserver: Do not init aaudio service, status 0, policy info size 1
10-15 10:18:51.215   601   601 D SystemServerTiming: StartWebViewUpdateService
10-15 10:18:51.215   601   601 I SystemServiceManager: Starting com.android.server.webkit.WebViewUpdateService
10-15 10:18:51.216   601   601 D SystemServerTiming: StartCachedDeviceStateService
10-15 10:18:51.216   601   601 I SystemServiceManager: Starting com.android.server.CachedDeviceStateService
10-15 10:18:51.216   601   601 D SystemServerTiming: StartBinderCallsStatsService
10-15 10:18:51.216   601   601 I SystemServiceManager: Starting com.android.server.BinderCallsStatsService$LifeCycle
10-15 10:18:51.216   601   601 D SystemServerTiming: StartLooperStatsService
10-15 10:18:51.216   601   601 I SystemServiceManager: Starting com.android.server.LooperStatsService$Lifecycle
10-15 10:18:51.216   601   601 D SystemServerTiming: StartRollbackManagerService
10-15 10:18:51.216   601   601 I SystemServiceManager: Starting com.android.server.rollback.RollbackManagerService
10-15 10:18:51.217   479   506 D installd: Found quota mount /dev/block/vdc at /data
10-15 10:18:51.217   479   506 D installd: Found quota mount /dev/block/vdc at /data/user/0
10-15 10:18:51.219   601   601 D SystemServerTiming: StartNativeTombstoneManagerService
10-15 10:18:51.219   601   601 I SystemServiceManager: Starting com.android.server.os.NativeTombstoneManagerService
10-15 10:18:51.219   601   601 D SystemServerTiming: StartBugreportManagerService
10-15 10:18:51.219   601   601 I SystemServiceManager: Starting com.android.server.os.BugreportManagerService
10-15 10:18:51.219   601   601 D SystemServerTiming: GpuService
10-15 10:18:51.219   601   601 I SystemServiceManager: Starting com.android.server.gpu.GpuService
10-15 10:18:51.219   601   601 D SystemServerTiming: startOtherServices
10-15 10:18:51.219   601   601 D SystemServerTiming: StartKeyAttestationApplicationIdProviderService
10-15 10:18:51.219   601   679 D SystemServerTimingAsync: InitThreadPoolExec:SecondaryZygotePreload
10-15 10:18:51.220   601   679 I SystemServer: SecondaryZygotePreload
10-15 10:18:51.220   601   679 D SystemServerTimingAsync: SecondaryZygotePreload
10-15 10:18:51.220   601   601 D SystemServerTiming: StartKeyChainSystemService
10-15 10:18:51.220   601   601 I SystemServiceManager: Starting com.android.server.security.KeyChainSystemService
10-15 10:18:51.220   601   601 D SystemServerTiming: StartBinaryTransparencyService
10-15 10:18:51.220   601   601 I SystemServiceManager: Starting com.android.server.BinaryTransparencyService
10-15 10:18:51.220   601   601 I TransparencyService: Started BinaryTransparencyService
10-15 10:18:51.220   601   601 D SystemServerTiming: StartSchedulingPolicyService
10-15 10:18:51.221   601   625 D SystemServerTimingAsync: InitThreadPoolExec:SchedulingPolicyService.<init>
10-15 10:18:51.221   601   679 E SystemServer: Unable to preload default resources
10-15 10:18:51.223   601   625 I SchedulingPolicyService: Moving 496 back to group default
10-15 10:18:51.223   601   601 D SystemServerTiming: StartTelecomLoaderService
10-15 10:18:51.223   601   601 I SystemServiceManager: Starting com.android.server.telecom.TelecomLoaderService
10-15 10:18:51.224   601   601 D SystemServerTiming: StartTelephonyRegistry
10-15 10:18:51.224   601   601 D SystemServerTiming: StartEntropyMixer
10-15 10:18:51.224   601   601 I EntropyMixer: Loaded existing seed file
10-15 10:18:51.225   601   601 I EntropyMixer: Updated seed file
10-15 10:18:51.225   601   601 D SystemServerTiming: StartAccountManagerService
10-15 10:18:51.225   601   601 I SystemServiceManager: Starting com.android.server.accounts.AccountManagerService$Lifecycle
10-15 10:18:51.226   601   601 D CompatibilityChangeReporter: Compat change id reported: 148180766; UID 1000; state: ENABLED
10-15 10:18:51.227   601   601 D SystemServerTiming: StartContentService
10-15 10:18:51.227   601   601 I SystemServiceManager: Starting com.android.server.content.ContentService$Lifecycle
10-15 10:18:51.227   601   601 D SystemServerTiming: InstallSystemProviders
10-15 10:18:51.243   601   629 D ActivityManager: Freezer enabled
10-15 10:18:51.243   601   629 D ActivityManager: freezer override set to false
10-15 10:18:51.244   601   601 D SystemServerTiming: UpdateWatchdogTimeout
10-15 10:18:51.244   601   601 I Watchdog: Watchdog timeout updated to 60000 millis
10-15 10:18:51.244   601   601 D SystemServerTiming: StartDropBoxManager
10-15 10:18:51.244   601   601 I SystemServiceManager: Starting com.android.server.DropBoxManagerService
10-15 10:18:51.244   601   601 D SystemServerTiming: StartRoleManagerService
10-15 10:18:51.244   601   601 I SystemServiceManager: Starting com.android.role.RoleService
10-15 10:18:51.245   601   601 D SystemServerTiming: StartVibratorManagerService
10-15 10:18:51.245   601   601 I SystemServiceManager: Starting com.android.server.vibrator.VibratorManagerService$Lifecycle
10-15 10:18:51.246   222   222 I servicemanager: Found android.hardware.vibrator.IVibratorManager/default in device VINTF manifest.
10-15 10:18:51.247   416   416 I android.hardware.vibrator-service.example: Vibrator manager reporting capabilities
10-15 10:18:51.247   416   416 I android.hardware.vibrator-service.example: Vibrator manager getting vibrator ids
10-15 10:18:51.247   416   416 I android.hardware.vibrator-service.example: Vibrator manager getting vibrator 1
10-15 10:18:51.248   416   416 I android.hardware.vibrator-service.example: Vibrator Manager cancel synced
10-15 10:18:51.248   416   416 I android.hardware.vibrator-service.example: Vibrator manager getting vibrator 1
10-15 10:18:51.248   601   601 D SystemServerTiming: StartDynamicSystemService
10-15 10:18:51.248   601   601 D SystemServerTiming: StartConsumerIrService
10-15 10:18:51.249   222   222 I servicemanager: Could not find android.hardware.ir.IConsumerIr/default in the VINTF manifest.
10-15 10:18:51.249   223   223 I hwservicemanager: getTransport: Cannot find entry android.hardware.ir@1.0::IConsumerIr/default in either framework or device VINTF manifest.
10-15 10:18:51.249   601   601 D SystemServerTiming: StartResourceEconomy
10-15 10:18:51.249   601   601 I SystemServiceManager: Starting com.android.server.tare.InternalResourceService
10-15 10:18:51.250   601   601 D SystemServerTiming: StartAlarmManagerService
10-15 10:18:51.251   601   601 I SystemServiceManager: Starting com.android.server.alarm.AlarmManagerService
10-15 10:18:51.251   601   601 D AlarmManagerService: Kernel timezone updated to -180 minutes west of GMT
10-15 10:18:51.252   601   601 D CompatibilityChangeReporter: Compat change id reported: 160794467; UID 1000; state: ENABLED
10-15 10:18:51.252   601   601 D SystemServerTiming: StartInputManagerService
10-15 10:18:51.253   382   386 I ServiceManager: Waiting for service 'statscompanion' on '/dev/binder'...
10-15 10:18:51.253   601   601 E InputManager-JNI: An exception was thrown by callback 'getInputPortAssociations'.
10-15 10:18:51.254   601   601 E InputManager-JNI: java.lang.NullPointerException: Attempt to invoke interface method 'int java.util.Map.size()' on a null object reference
10-15 10:18:51.254   601   601 E InputManager-JNI: 	at java.util.HashMap.putMapEntries(HashMap.java:500)
10-15 10:18:51.254   601   601 E InputManager-JNI: 	at java.util.HashMap.<init>(HashMap.java:489)
10-15 10:18:51.254   601   601 E InputManager-JNI: 	at com.android.server.input.InputManagerService.getInputPortAssociations(InputManagerService.java:3032)
10-15 10:18:51.254   601   601 E InputManager-JNI: 	at com.android.server.input.NativeInputManagerService$NativeImpl.init(Native Method)
10-15 10:18:51.254   601   601 E InputManager-JNI: 	at com.android.server.input.NativeInputManagerService$NativeImpl.<init>(NativeInputManagerService.java:186)
10-15 10:18:51.254   601   601 E InputManager-JNI: 	at com.android.server.input.InputManagerService$Injector.getNativeService(InputManagerService.java:384)
10-15 10:18:51.254   601   601 E InputManager-JNI: 	at com.android.server.input.InputManagerService.<init>(InputManagerService.java:396)
10-15 10:18:51.254   601   601 E InputManager-JNI: 	at com.android.server.input.InputManagerService.<init>(InputManagerService.java:389)
10-15 10:18:51.254   601   601 E InputManager-JNI: 	at com.android.server.SystemServer.startOtherServices(SystemServer.java:1570)
10-15 10:18:51.254   601   601 E InputManager-JNI: 	at com.android.server.SystemServer.run(SystemServer.java:941)
10-15 10:18:51.254   601   601 E InputManager-JNI: 	at com.android.server.SystemServer.main(SystemServer.java:651)
10-15 10:18:51.254   601   601 E InputManager-JNI: 	at java.lang.reflect.Method.invoke(Native Method)
10-15 10:18:51.254   601   601 E InputManager-JNI: 	at com.android.internal.os.RuntimeInit$MethodAndArgsCaller.run(RuntimeInit.java:548)
10-15 10:18:51.254   601   601 E InputManager-JNI: 	at com.android.internal.os.ZygoteInit.main(ZygoteInit.java:914)
10-15 10:18:51.255   601   601 I InputManager: Initializing input manager, mUseDevInputEventForAudioJack=true
10-15 10:18:51.255   601   601 D SystemServerTiming: DeviceStateManagerService
10-15 10:18:51.255   601   601 I SystemServiceManager: Starting com.android.server.devicestate.DeviceStateManagerService
10-15 10:18:51.256   601   601 D SystemServerTiming: StartWindowManagerService
10-15 10:18:51.256   601   601 I SystemServiceManager: Starting phase 200
10-15 10:18:51.256   601   601 D SystemServerTiming: OnBootPhase_200
10-15 10:18:51.256   601   601 D SystemServerTiming: OnBootPhase_200_com.android.server.security.FileIntegrityService
10-15 10:18:51.256   601   601 D SystemServerTiming: OnBootPhase_200_com.android.server.pm.Installer
10-15 10:18:51.256   601   601 D SystemServerTiming: OnBootPhase_200_com.android.server.os.DeviceIdentifiersPolicyService
10-15 10:18:51.256   601   601 D SystemServerTiming: OnBootPhase_200_com.android.server.uri.UriGrantsManagerService$Lifecycle
10-15 10:18:51.256   601   601 D SystemServerTiming: OnBootPhase_200_com.android.server.powerstats.PowerStatsService
10-15 10:18:51.256   601   601 D SystemServerTiming: OnBootPhase_200_com.android.server.wm.ActivityTaskManagerService$Lifecycle
10-15 10:18:51.256   601   601 D SystemServerTiming: OnBootPhase_200_com.android.server.am.ActivityManagerService$Lifecycle
10-15 10:18:51.256   601   601 D SystemServerTiming: OnBootPhase_200_com.android.server.pm.DataLoaderManagerService
10-15 10:18:51.256   601   601 D SystemServerTiming: OnBootPhase_200_com.android.server.power.PowerManagerService
10-15 10:18:51.256   601   601 D SystemServerTiming: OnBootPhase_200_com.android.server.power.ThermalManagerService
10-15 10:18:51.256   601   601 D SystemServerTiming: OnBootPhase_200_com.android.server.power.hint.HintManagerService
10-15 10:18:51.256   601   601 D SystemServerTiming: OnBootPhase_200_com.android.server.recoverysystem.RecoverySystemService$Lifecycle
10-15 10:18:51.256   601   601 D SystemServerTiming: OnBootPhase_200_com.android.server.lights.LightsService
10-15 10:18:51.256   601   601 D SystemServerTiming: OnBootPhase_200_com.android.server.display.DisplayManagerService
10-15 10:18:51.256   601   601 D SystemServerTiming: OnBootPhase_200_com.android.server.pm.verify.domain.DomainVerificationService
10-15 10:18:51.256   601   601 D SystemServerTiming: OnBootPhase_200_com.android.server.pm.PackageInstallerService$Lifecycle
10-15 10:18:51.256   601   601 D SystemServerTiming: OnBootPhase_200_com.android.server.pm.UserManagerService$LifeCycle
10-15 10:18:51.256   601   601 D SystemServerTiming: OnBootPhase_200_com.android.server.om.OverlayManagerService
10-15 10:18:51.256   601   601 D SystemServerTiming: OnBootPhase_200_com.android.server.resources.ResourcesManagerService
10-15 10:18:51.256   601   601 D SystemServerTiming: OnBootPhase_200_com.android.server.sensorprivacy.SensorPrivacyService
10-15 10:18:51.256   601   601 D SystemServerTiming: OnBootPhase_200_com.android.server.sensors.SensorService
10-15 10:18:51.256   601   601 D SystemServerTiming: OnBootPhase_200_com.android.server.SystemConfigService
10-15 10:18:51.256   601   601 D SystemServerTiming: OnBootPhase_200_com.android.server.BatteryService
10-15 10:18:51.256   601   601 D SystemServerTiming: OnBootPhase_200_com.android.server.usage.UsageStatsService
10-15 10:18:51.256   601   601 D SystemServerTiming: OnBootPhase_200_com.android.server.webkit.WebViewUpdateService
10-15 10:18:51.256   601   601 D SystemServerTiming: OnBootPhase_200_com.android.server.CachedDeviceStateService
10-15 10:18:51.256   601   601 D SystemServerTiming: OnBootPhase_200_com.android.server.BinderCallsStatsService$LifeCycle
10-15 10:18:51.256   601   601 D SystemServerTiming: OnBootPhase_200_com.android.server.LooperStatsService$Lifecycle
10-15 10:18:51.256   601   601 D SystemServerTiming: OnBootPhase_200_com.android.server.rollback.RollbackManagerService
10-15 10:18:51.256   601   601 D SystemServerTiming: OnBootPhase_200_com.android.server.os.NativeTombstoneManagerService
10-15 10:18:51.256   601   601 D SystemServerTiming: OnBootPhase_200_com.android.server.os.BugreportManagerService
10-15 10:18:51.256   601   601 D SystemServerTiming: OnBootPhase_200_com.android.server.gpu.GpuService
10-15 10:18:51.256   601   601 D SystemServerTiming: OnBootPhase_200_com.android.server.security.KeyChainSystemService
10-15 10:18:51.256   601   601 D SystemServerTiming: OnBootPhase_200_com.android.server.BinaryTransparencyService
10-15 10:18:51.256   601   601 D SystemServerTiming: OnBootPhase_200_com.android.server.telecom.TelecomLoaderService
10-15 10:18:51.256   601   601 D SystemServerTiming: OnBootPhase_200_com.android.server.accounts.AccountManagerService$Lifecycle
10-15 10:18:51.256   601   601 D SystemServerTiming: OnBootPhase_200_com.android.server.content.ContentService$Lifecycle
10-15 10:18:51.256   601   601 D SystemServerTiming: OnBootPhase_200_com.android.server.DropBoxManagerService
